Archive member included to satisfy reference by file (symbol)

/usr/lib/gcc/arm-none-eabi/4.9.3/../../../arm-none-eabi/lib/armv7e-m/fpu/libm.a(lib_a-sf_fpclassify.o)
                              build/obj/math_misc.o (symbol from plugin) (__fpclassifyf)
/usr/lib/gcc/arm-none-eabi/4.9.3/armv7e-m/fpu/libgcc.a(_arm_addsubdf3.o)
                              /tmp/cci63M3E.ltrans9.ltrans.o (__aeabi_dsub)
/usr/lib/gcc/arm-none-eabi/4.9.3/armv7e-m/fpu/libgcc.a(_arm_muldivdf3.o)
                              /tmp/cci63M3E.ltrans9.ltrans.o (__aeabi_dmul)
/usr/lib/gcc/arm-none-eabi/4.9.3/armv7e-m/fpu/libgcc.a(_arm_fixdfsi.o)
                              /tmp/cci63M3E.ltrans9.ltrans.o (__aeabi_d2iz)
/usr/lib/gcc/arm-none-eabi/4.9.3/armv7e-m/fpu/libgcc.a(_arm_truncdfsf2.o)
                              /tmp/cci63M3E.ltrans9.ltrans.o (__aeabi_d2f)
/usr/lib/gcc/arm-none-eabi/4.9.3/../../../arm-none-eabi/lib/armv7e-m/fpu/libg.a(lib_a-memcpy.o)
                              /tmp/cci63M3E.ltrans1.ltrans.o (memcpy)
/usr/lib/gcc/arm-none-eabi/4.9.3/../../../arm-none-eabi/lib/armv7e-m/fpu/libg.a(lib_a-memset.o)
                              /tmp/cci63M3E.ltrans0.ltrans.o (memset)
/usr/lib/gcc/arm-none-eabi/4.9.3/../../../arm-none-eabi/lib/armv7e-m/fpu/libg.a(lib_a-strcmp.o)
                              /tmp/cci63M3E.ltrans9.ltrans.o (strcmp)
/usr/lib/gcc/arm-none-eabi/4.9.3/../../../arm-none-eabi/lib/armv7e-m/fpu/libg.a(lib_a-strlen.o)
                              /tmp/cci63M3E.ltrans11.ltrans.o (strlen)
/usr/lib/gcc/arm-none-eabi/4.9.3/../../../arm-none-eabi/lib/armv7e-m/fpu/libg.a(lib_a-strpbrk.o)
                              /tmp/cci63M3E.ltrans13.ltrans.o (strpbrk)
/usr/lib/gcc/arm-none-eabi/4.9.3/../../../arm-none-eabi/lib/armv7e-m/fpu/libg.a(lib_a-strspn.o)
                              /tmp/cci63M3E.ltrans13.ltrans.o (strspn)

Discarded input sections

 .data          0x0000000000000000        0x0 build/obj/crt0_v7m.o
 .bss           0x0000000000000000        0x0 build/obj/crt0_v7m.o
 .data          0x0000000000000000        0x0 build/obj/chcoreasm_v7m.o
 .bss           0x0000000000000000        0x0 build/obj/chcoreasm_v7m.o
 .text          0x0000000000000000        0x0 build/obj/crt1.o (symbol from plugin)
 .text          0x0000000000000000        0x0 /tmp/cci63M3E.ltrans0.ltrans.o
 .data          0x0000000000000000        0x0 /tmp/cci63M3E.ltrans0.ltrans.o
 .bss           0x0000000000000000        0x0 /tmp/cci63M3E.ltrans0.ltrans.o
 .text          0x0000000000000000        0x0 /tmp/cci63M3E.ltrans1.ltrans.o
 .data          0x0000000000000000        0x0 /tmp/cci63M3E.ltrans1.ltrans.o
 .bss           0x0000000000000000        0x0 /tmp/cci63M3E.ltrans1.ltrans.o
 .data.speed_sp
                0x0000000000000000        0x4 /tmp/cci63M3E.ltrans1.ltrans.o
 .bss.measured_speed_fuck
                0x0000000000000000        0x2 /tmp/cci63M3E.ltrans1.ltrans.o
 .data.distance
                0x0000000000000000        0x8 /tmp/cci63M3E.ltrans1.ltrans.o
 .bss.set_speed
                0x0000000000000000        0x2 /tmp/cci63M3E.ltrans1.ltrans.o
 .text          0x0000000000000000        0x0 /tmp/cci63M3E.ltrans2.ltrans.o
 .data          0x0000000000000000        0x0 /tmp/cci63M3E.ltrans2.ltrans.o
 .bss           0x0000000000000000        0x0 /tmp/cci63M3E.ltrans2.ltrans.o
 .text          0x0000000000000000        0x0 /tmp/cci63M3E.ltrans3.ltrans.o
 .data          0x0000000000000000        0x0 /tmp/cci63M3E.ltrans3.ltrans.o
 .bss           0x0000000000000000        0x0 /tmp/cci63M3E.ltrans3.ltrans.o
 .text          0x0000000000000000        0x0 /tmp/cci63M3E.ltrans4.ltrans.o
 .data          0x0000000000000000        0x0 /tmp/cci63M3E.ltrans4.ltrans.o
 .bss           0x0000000000000000        0x0 /tmp/cci63M3E.ltrans4.ltrans.o
 .text          0x0000000000000000        0x0 /tmp/cci63M3E.ltrans5.ltrans.o
 .data          0x0000000000000000        0x0 /tmp/cci63M3E.ltrans5.ltrans.o
 .bss           0x0000000000000000        0x0 /tmp/cci63M3E.ltrans5.ltrans.o
 .text          0x0000000000000000        0x0 /tmp/cci63M3E.ltrans6.ltrans.o
 .data          0x0000000000000000        0x0 /tmp/cci63M3E.ltrans6.ltrans.o
 .bss           0x0000000000000000        0x0 /tmp/cci63M3E.ltrans6.ltrans.o
 .text          0x0000000000000000        0x0 /tmp/cci63M3E.ltrans7.ltrans.o
 .data          0x0000000000000000        0x0 /tmp/cci63M3E.ltrans7.ltrans.o
 .bss           0x0000000000000000        0x0 /tmp/cci63M3E.ltrans7.ltrans.o
 .text          0x0000000000000000        0x0 /tmp/cci63M3E.ltrans8.ltrans.o
 .data          0x0000000000000000        0x0 /tmp/cci63M3E.ltrans8.ltrans.o
 .bss           0x0000000000000000        0x0 /tmp/cci63M3E.ltrans8.ltrans.o
 .text          0x0000000000000000        0x0 /tmp/cci63M3E.ltrans9.ltrans.o
 .data          0x0000000000000000        0x0 /tmp/cci63M3E.ltrans9.ltrans.o
 .bss           0x0000000000000000        0x0 /tmp/cci63M3E.ltrans9.ltrans.o
 .text._isatty_r
[...]
Memory Configuration

Name             Origin             Length             Attributes
flash            0x0000000008000000 0x0000000000200000
ram0             0x0000000020000000 0x0000000000030000
ram1             0x0000000020000000 0x000000000001c000
ram2             0x000000002001c000 0x0000000000004000
ram3             0x0000000020020000 0x0000000000010000
ram4             0x0000000010000000 0x0000000000010000
ram5             0x0000000040024000 0x0000000000001000
ram6             0x0000000000000000 0x0000000000000000
ram7             0x0000000000000000 0x0000000000000000
*default*        0x0000000000000000 0xffffffffffffffff

Linker script and memory map

LOAD build/obj/crt0_v7m.o
LOAD build/obj/chcoreasm_v7m.o
LOAD build/obj/crt1.o
LOAD /tmp/cci63M3E.ltrans0.ltrans.o
LOAD /tmp/cci63M3E.ltrans1.ltrans.o
LOAD /tmp/cci63M3E.ltrans2.ltrans.o
LOAD /tmp/cci63M3E.ltrans3.ltrans.o
LOAD /tmp/cci63M3E.ltrans4.ltrans.o
LOAD /tmp/cci63M3E.ltrans5.ltrans.o
LOAD /tmp/cci63M3E.ltrans6.ltrans.o
LOAD /tmp/cci63M3E.ltrans7.ltrans.o
LOAD /tmp/cci63M3E.ltrans8.ltrans.o
LOAD /tmp/cci63M3E.ltrans9.ltrans.o
LOAD /tmp/cci63M3E.ltrans10.ltrans.o
LOAD /tmp/cci63M3E.ltrans11.ltrans.o
LOAD /tmp/cci63M3E.ltrans12.ltrans.o
LOAD /tmp/cci63M3E.ltrans13.ltrans.o
LOAD /tmp/cci63M3E.ltrans14.ltrans.o
LOAD /tmp/cci63M3E.ltrans15.ltrans.o
LOAD build/obj/vectors.o
LOAD build/obj/chsys.o
LOAD build/obj/chdebug.o
LOAD build/obj/chvt.o
LOAD build/obj/chschd.o
LOAD build/obj/chthreads.o
LOAD build/obj/chtm.o
LOAD build/obj/chstats.o
LOAD build/obj/chdynamic.o
LOAD build/obj/chregistry.o
LOAD build/obj/chsem.o
LOAD build/obj/chmtx.o
LOAD build/obj/chcond.o
LOAD build/obj/chevents.o
LOAD build/obj/chmsg.o
LOAD build/obj/chmboxes.o
LOAD build/obj/chqueues.o
LOAD build/obj/chmemcore.o
LOAD build/obj/chheap.o
LOAD build/obj/chmempools.o
LOAD build/obj/chcore.o
LOAD build/obj/chcore_v7m.o
LOAD build/obj/osal.o
LOAD build/obj/hal.o
LOAD build/obj/st.o
LOAD build/obj/hal_buffers.o
LOAD build/obj/hal_queues.o
LOAD build/obj/hal_mmcsd.o
LOAD build/obj/can.o
LOAD build/obj/ext.o
LOAD build/obj/gpt.o
LOAD build/obj/pal.o
LOAD build/obj/pwm.o
LOAD build/obj/sdc.o
LOAD build/obj/serial_usb.o
LOAD build/obj/spi.o
LOAD build/obj/uart.o
LOAD build/obj/usb.o
LOAD build/obj/nvic.o
LOAD build/obj/hal_lld.o
LOAD build/obj/stm32_dma.o
LOAD build/obj/st_lld.o
LOAD build/obj/can_lld.o
LOAD build/obj/ext_lld.o
LOAD build/obj/ext_lld_isr.o
LOAD build/obj/pal_lld.o
LOAD build/obj/usb_lld.o
LOAD build/obj/sdc_lld.o
LOAD build/obj/spi_lld.o
LOAD build/obj/gpt_lld.o
LOAD build/obj/pwm_lld.o
LOAD build/obj/uart_lld.o
LOAD build/obj/board.o
LOAD build/obj/arm_pid_init_f32.o
LOAD build/obj/fatfs_diskio.o
LOAD build/obj/fatfs_syscall.o
LOAD build/obj/ff.o
LOAD build/obj/unicode.o
LOAD build/obj/shell.o
LOAD build/obj/evtimer.o
LOAD build/obj/syscalls.o
LOAD build/obj/memstreams.o
LOAD build/obj/chprintf.o
LOAD build/obj/main.o
LOAD build/obj/shellcfg.o
LOAD build/obj/flash.o
LOAD build/obj/math_misc.o
LOAD build/obj/canBusProcess.o
LOAD build/obj/dbus.o
LOAD build/obj/params.o
LOAD build/obj/usbcfg.o
LOAD build/obj/feeder.o
LOAD build/obj/servo.o
LOAD build/obj/rangefinder.o
LOAD build/obj/exti.o
LOAD build/obj/sdlog.o
                0x0000000020000000                __ram0_start__ = ORIGIN (ram0)
                0x0000000000030000                __ram0_size__ = LENGTH (ram0)
                0x0000000020030000                __ram0_end__ = (__ram0_start__ + __ram0_size__)
                0x0000000020000000                __ram1_start__ = ORIGIN (ram1)
                0x000000000001c000                __ram1_size__ = LENGTH (ram1)
                0x000000002001c000                __ram1_end__ = (__ram1_start__ + __ram1_size__)
                0x000000002001c000                __ram2_start__ = ORIGIN (ram2)
                0x0000000000004000                __ram2_size__ = LENGTH (ram2)
                0x0000000020020000                __ram2_end__ = (__ram2_start__ + __ram2_size__)
                0x0000000020020000                __ram3_start__ = ORIGIN (ram3)
                0x0000000000010000                __ram3_size__ = LENGTH (ram3)
                0x0000000020030000                __ram3_end__ = (__ram3_start__ + __ram3_size__)
                0x0000000010000000                __ram4_start__ = ORIGIN (ram4)
                0x0000000000010000                __ram4_size__ = LENGTH (ram4)
                0x0000000010010000                __ram4_end__ = (__ram4_start__ + __ram4_size__)
                0x0000000040024000                __ram5_start__ = ORIGIN (ram5)
                0x0000000000001000                __ram5_size__ = LENGTH (ram5)
                0x0000000040025000                __ram5_end__ = (__ram5_start__ + __ram5_size__)
                0x0000000000000000                __ram6_start__ = ORIGIN (ram6)
                0x0000000000000000                __ram6_size__ = LENGTH (ram6)
                0x0000000000000000                __ram6_end__ = (__ram6_start__ + __ram6_size__)
                0x0000000000000000                __ram7_start__ = ORIGIN (ram7)
                0x0000000000000000                __ram7_size__ = LENGTH (ram7)
                0x0000000000000000                __ram7_end__ = (__ram7_start__ + __ram7_size__)
                0x0000000000000000                . = 0x0
                0x0000000000000000                _text = .

startup         0x0000000008000000      0x1c0
 *(.vectors)
 .vectors       0x0000000008000000      0x1c0 /tmp/cci63M3E.ltrans4.ltrans.o
                0x0000000008000000                _vectors

constructors    0x00000000080001c0        0x0
                0x00000000080001c0                __init_array_start = .
 *(SORT(.init_array.*))
 *(.init_array)
                0x00000000080001c0                __init_array_end = .

destructors     0x00000000080001c0        0x0
                0x00000000080001c0                __fini_array_start = .
 *(.fini_array)
 *(SORT(.fini_array.*))
                0x00000000080001c0                __fini_array_end = .

.text           0x00000000080001c0     0xc3e0
 *(.text)
 .text          0x00000000080001c0      0x108 build/obj/crt0_v7m.o
                0x00000000080001c0                Reset_Handler
 *fill*         0x00000000080002c8        0x8 
 .text          0x00000000080002d0       0x48 build/obj/chcoreasm_v7m.o
                0x00000000080002d0                _port_switch
                0x00000000080002e8                _port_thread_start
                0x0000000008000300                _port_switch_from_isr
                0x0000000008000314                _port_exit_from_isr
 *fill*         0x0000000008000318        0x8 
 .text          0x0000000008000320      0x370 /usr/lib/gcc/arm-none-eabi/4.9.3/armv7e-m/fpu/libgcc.a(_arm_addsubdf3.o)
                0x0000000008000320                __aeabi_drsub
                0x0000000008000328                __aeabi_dsub
                0x0000000008000328                __subdf3
                0x000000000800032c                __adddf3
                0x000000000800032c                __aeabi_dadd
                0x00000000080005a4                __aeabi_ui2d
                0x00000000080005a4                __floatunsidf
                0x00000000080005c4                __floatsidf
                0x00000000080005c4                __aeabi_i2d
                0x00000000080005e8                __extendsfdf2
                0x00000000080005e8                __aeabi_f2d
                0x0000000008000624                __aeabi_ul2d
                0x0000000008000624                __floatundidf
                0x0000000008000634                __floatdidf
                0x0000000008000634                __aeabi_l2d
 .text          0x0000000008000690      0x424 /usr/lib/gcc/arm-none-eabi/4.9.3/armv7e-m/fpu/libgcc.a(_arm_muldivdf3.o)
                0x0000000008000690                __aeabi_dmul
                0x0000000008000690                __muldf3
                0x00000000080008e4                __aeabi_ddiv
                0x00000000080008e4                __divdf3
 *fill*         0x0000000008000ab4        0xc 
 .text          0x0000000008000ac0       0x50 /usr/lib/gcc/arm-none-eabi/4.9.3/armv7e-m/fpu/libgcc.a(_arm_fixdfsi.o)
                0x0000000008000ac0                __fixdfsi
                0x0000000008000ac0                __aeabi_d2iz
 .text          0x0000000008000b10       0xa0 /usr/lib/gcc/arm-none-eabi/4.9.3/armv7e-m/fpu/libgcc.a(_arm_truncdfsf2.o)
                0x0000000008000b10                __aeabi_d2f
                0x0000000008000b10                __truncdfsf2
 .text          0x0000000008000bb0      0x134 /usr/lib/gcc/arm-none-eabi/4.9.3/../../../arm-none-eabi/lib/armv7e-m/fpu/libg.a(lib_a-memcpy.o)
                0x0000000008000bb0                memcpy
 *fill*         0x0000000008000ce4        0xc 
 .text          0x0000000008000cf0      0x2e0 /usr/lib/gcc/arm-none-eabi/4.9.3/../../../arm-none-eabi/lib/armv7e-m/fpu/libg.a(lib_a-strcmp.o)
                0x0000000008000cf8                strcmp
 *(.text.*)
 .text.startup.main
                0x0000000008000fd0     0x1460 /tmp/cci63M3E.ltrans0.ltrans.o
                0x0000000008000fd0                main
 .text.SVC_Handler
                0x0000000008002430       0x20 /tmp/cci63M3E.ltrans1.ltrans.o
                0x0000000008002430                SVC_Handler
 .text.chTMChainMeasurementToX
                0x0000000008002450       0x3c /tmp/cci63M3E.ltrans1.ltrans.o
 *fill*         0x000000000800248c        0x4 
 .text._dbg_trace
                0x0000000008002490       0x38 /tmp/cci63M3E.ltrans1.ltrans.o
 *fill*         0x00000000080024c8        0x8 
 .text._idle_thread.lto_priv.138
                0x00000000080024d0        0x4 /tmp/cci63M3E.ltrans1.ltrans.o
                0x00000000080024d0                _idle_thread.lto_priv.138
 *fill*         0x00000000080024d4        0xc 
 .text.stSetAlarm
                0x00000000080024e0       0x20 /tmp/cci63M3E.ltrans1.ltrans.o
                0x00000000080024e0                stSetAlarm
 .text._port_irq_epilogue
                0x0000000008002500       0x64 /tmp/cci63M3E.ltrans1.ltrans.o
                0x0000000008002500                _port_irq_epilogue
 *fill*         0x0000000008002564        0xc 
 .text._stats_increase_irq
                0x0000000008002570       0x20 /tmp/cci63M3E.ltrans1.ltrans.o
                0x0000000008002570                _stats_increase_irq
 .text.chTMStopMeasurementX
                0x0000000008002590       0x48 /tmp/cci63M3E.ltrans1.ltrans.o
                0x0000000008002590                chTMStopMeasurementX
 *fill*         0x00000000080025d8        0x8 
 .text._stats_stop_measure_crit_isr
                0x00000000080025e0        0xc /tmp/cci63M3E.ltrans1.ltrans.o
                0x00000000080025e0                _stats_stop_measure_crit_isr
 *fill*         0x00000000080025ec        0x4 
 .text._stats_stop_measure_crit_thd
                0x00000000080025f0        0xc /tmp/cci63M3E.ltrans1.ltrans.o
                0x00000000080025f0                _stats_stop_measure_crit_thd
 *fill*         0x00000000080025fc        0x4 
 .text.chTMStartMeasurementX
                0x0000000008002600        0xc /tmp/cci63M3E.ltrans1.ltrans.o
                0x0000000008002600                chTMStartMeasurementX
 *fill*         0x000000000800260c        0x4 
 .text._stats_start_measure_crit_isr
                0x0000000008002610        0xc /tmp/cci63M3E.ltrans1.ltrans.o
                0x0000000008002610                _stats_start_measure_crit_isr
 *fill*         0x000000000800261c        0x4 
 .text._stats_start_measure_crit_thd
                0x0000000008002620        0xc /tmp/cci63M3E.ltrans1.ltrans.o
                0x0000000008002620                _stats_start_measure_crit_thd
 *fill*         0x000000000800262c        0x4 
 .text.chSchDoRescheduleAhead
                0x0000000008002630       0x78 /tmp/cci63M3E.ltrans1.ltrans.o
                0x0000000008002630                chSchDoRescheduleAhead
 *fill*         0x00000000080026a8        0x8 
 .text.chSchDoReschedule
                0x00000000080026b0        0x4 /tmp/cci63M3E.ltrans1.ltrans.o
                0x00000000080026b0                chSchDoReschedule
 *fill*         0x00000000080026b4        0xc 
 .text.chDbgCheckClassS
                0x00000000080026c0       0x20 /tmp/cci63M3E.ltrans1.ltrans.o
                0x00000000080026c0                chDbgCheckClassS
 .text.ibqReleaseEmptyBufferS
                0x00000000080026e0       0x48 /tmp/cci63M3E.ltrans1.ltrans.o
 *fill*         0x0000000008002728        0x8 
 .text.chSchGoSleepS
                0x0000000008002730       0x64 /tmp/cci63M3E.ltrans1.ltrans.o
 *fill*         0x0000000008002794        0xc 
 .text.chThdSuspendS
                0x00000000080027a0       0x2c /tmp/cci63M3E.ltrans1.ltrans.o
                0x00000000080027a0                chThdSuspendS
 *fill*         0x00000000080027cc        0x4 
 .text.chDbgCheckClassI
                0x00000000080027d0       0x20 /tmp/cci63M3E.ltrans1.ltrans.o
                0x00000000080027d0                chDbgCheckClassI
 .text.chThdCreateI
                0x00000000080027f0       0xb8 /tmp/cci63M3E.ltrans1.ltrans.o
                0x00000000080027f0                chThdCreateI
 *fill*         0x00000000080028a8        0x8 
 .text.chSchGoSleepTimeoutS
                0x00000000080028b0      0x170 /tmp/cci63M3E.ltrans1.ltrans.o
                0x00000000080028b0                chSchGoSleepTimeoutS
 .text.chThdEnqueueTimeoutS
                0x0000000008002a20       0x28 /tmp/cci63M3E.ltrans1.ltrans.o
                0x0000000008002a20                chThdEnqueueTimeoutS
 *fill*         0x0000000008002a48        0x8 
 .text.ibqGetFullBufferTimeoutS
                0x0000000008002a50       0x44 /tmp/cci63M3E.ltrans1.ltrans.o
 *fill*         0x0000000008002a94        0xc 
 .text.chSchReadyI
                0x0000000008002aa0       0x50 /tmp/cci63M3E.ltrans1.ltrans.o
                0x0000000008002aa0                chSchReadyI
 .text.chEvtBroadcastFlagsI
                0x0000000008002af0       0x9c /tmp/cci63M3E.ltrans1.ltrans.o
                0x0000000008002af0                chEvtBroadcastFlagsI
 *fill*         0x0000000008002b8c        0x4 
 .text.chThdDequeueAllI
                0x0000000008002b90       0x3c /tmp/cci63M3E.ltrans1.ltrans.o
                0x0000000008002b90                chThdDequeueAllI
 *fill*         0x0000000008002bcc        0x4 
 .text.chThdResumeI
                0x0000000008002bd0       0x2c /tmp/cci63M3E.ltrans1.ltrans.o
                0x0000000008002bd0                chThdResumeI
 *fill*         0x0000000008002bfc        0x4 
 .text.chThdExitS
                0x0000000008002c00       0x4c /tmp/cci63M3E.ltrans1.ltrans.o
                0x0000000008002c00                chThdExitS
 *fill*         0x0000000008002c4c        0x4 
 .text._dbg_check_leave_isr
                0x0000000008002c50       0x2c /tmp/cci63M3E.ltrans1.ltrans.o
                0x0000000008002c50                _dbg_check_leave_isr
 *fill*         0x0000000008002c7c        0x4 
 .text._dbg_check_enter_isr
                0x0000000008002c80       0x2c /tmp/cci63M3E.ltrans1.ltrans.o
                0x0000000008002c80                _dbg_check_enter_isr
 *fill*         0x0000000008002cac        0x4 
 .text._dbg_check_unlock_from_isr
                0x0000000008002cb0       0x24 /tmp/cci63M3E.ltrans1.ltrans.o
                0x0000000008002cb0                _dbg_check_unlock_from_isr
 *fill*         0x0000000008002cd4        0xc 
 .text._dbg_check_lock_from_isr
                0x0000000008002ce0       0x24 /tmp/cci63M3E.ltrans1.ltrans.o
                0x0000000008002ce0                _dbg_check_lock_from_isr
 *fill*         0x0000000008002d04        0xc 
 .text.wakeup   0x0000000008002d10       0x6c /tmp/cci63M3E.ltrans1.ltrans.o
 *fill*         0x0000000008002d7c        0x4 
 .text._dbg_check_unlock
                0x0000000008002d80       0x20 /tmp/cci63M3E.ltrans1.ltrans.o
                0x0000000008002d80                _dbg_check_unlock
 .text._dbg_check_lock
                0x0000000008002da0       0x20 /tmp/cci63M3E.ltrans1.ltrans.o
                0x0000000008002da0                _dbg_check_lock
 .text.ibqReadTimeout
                0x0000000008002dc0      0x168 /tmp/cci63M3E.ltrans1.ltrans.o
                0x0000000008002dc0                ibqReadTimeout
 *fill*         0x0000000008002f28        0x8 
 .text.ibqGetTimeout
                0x0000000008002f30       0x90 /tmp/cci63M3E.ltrans1.ltrans.o
                0x0000000008002f30                ibqGetTimeout
 .text.chCoreAlloc
                0x0000000008002fc0       0x70 /tmp/cci63M3E.ltrans1.ltrans.o
                0x0000000008002fc0                chCoreAlloc
 .text.chThdExit
                0x0000000008003030       0x18 /tmp/cci63M3E.ltrans1.ltrans.o
                0x0000000008003030                chThdExit
 *fill*         0x0000000008003048        0x8 
 .text.chThdSleepUntil
                0x0000000008003050       0x54 /tmp/cci63M3E.ltrans1.ltrans.o
                0x0000000008003050                chThdSleepUntil
 *fill*         0x00000000080030a4        0xc 
 .text.chThdSleep
                0x00000000080030b0       0x5c /tmp/cci63M3E.ltrans1.ltrans.o
                0x00000000080030b0                chThdSleep
 *fill*         0x000000000800310c        0x4 
 .text.chThdCreateStatic
                0x0000000008003110      0x110 /tmp/cci63M3E.ltrans1.ltrans.o
                0x0000000008003110                chThdCreateStatic
 .text.chSysPolledDelayX
                0x0000000008003220       0x14 /tmp/cci63M3E.ltrans1.ltrans.o
                0x0000000008003220                chSysPolledDelayX
 *fill*         0x0000000008003234        0xc 
 .text._unhandled_exception
                0x0000000008003240        0x4 /tmp/cci63M3E.ltrans1.ltrans.o
                0x0000000008003240                VectorAC
                0x0000000008003240                DebugMon_Handler
                0x0000000008003240                Vector1A0
                0x0000000008003240                Vector11C
                0x0000000008003240                HardFault_Handler
                0x0000000008003240                Vector1B8
                0x0000000008003240                Vector19C
                0x0000000008003240                SysTick_Handler
                0x0000000008003240                PendSV_Handler
                0x0000000008003240                Vector168
                0x0000000008003240                NMI_Handler
                0x0000000008003240                Vector110
                0x0000000008003240                VectorC8
                0x0000000008003240                VectorA8
                0x0000000008003240                VectorB4
                0x0000000008003240                Vector160
                0x0000000008003240                Vector1B0
                0x0000000008003240                UsageFault_Handler
                0x0000000008003240                Vector40
                0x0000000008003240                VectorBC
                0x0000000008003240                Vector190
                0x0000000008003240                Vector188
                0x0000000008003240                Vector198
                0x0000000008003240                Vector118
                0x0000000008003240                VectorCC
                0x0000000008003240                Vector54
                0x0000000008003240                VectorD8
                0x0000000008003240                Vector24
                0x0000000008003240                Vector1AC
                0x0000000008003240                Vector178
                0x0000000008003240                Vector1A4
                0x0000000008003240                VectorD0
                0x0000000008003240                Vector1B4
                0x0000000008003240                VectorC0
                0x0000000008003240                Vector134
                0x0000000008003240                Vector100
                0x0000000008003240                VectorF4
                0x0000000008003240                MemManage_Handler
                0x0000000008003240                VectorA0
                0x0000000008003240                VectorC4
                0x0000000008003240                Vector180
                0x0000000008003240                Vector114
                0x0000000008003240                Vector164
                0x0000000008003240                Vector1C
                0x0000000008003240                Vector1BC
                0x0000000008003240                Vector17C
                0x0000000008003240                Vector1A8
                0x0000000008003240                Vector16C
                0x0000000008003240                Vector15C
                0x0000000008003240                Vector88
                0x0000000008003240                Vector184
                0x0000000008003240                Vector10C
                0x0000000008003240                BusFault_Handler
                0x0000000008003240                Vector50
                0x0000000008003240                Vector194
                0x0000000008003240                Vector28
                0x0000000008003240                Vector34
                0x0000000008003240                VectorA4
                0x0000000008003240                Vector20
                0x0000000008003240                Vector18C
 *fill*         0x0000000008003244        0xc 
 .text.__init_ram_areas
                0x0000000008003250       0x4c /tmp/cci63M3E.ltrans1.ltrans.o
                0x0000000008003250                __init_ram_areas
 *fill*         0x000000000800329c        0x4 
 .text.__default_exit
                0x00000000080032a0        0x4 /tmp/cci63M3E.ltrans1.ltrans.o
                0x00000000080032a0                __default_exit
 *fill*         0x00000000080032a4        0xc 
 .text.__late_init
                0x00000000080032b0        0x4 /tmp/cci63M3E.ltrans1.ltrans.o
                0x00000000080032b0                __late_init
 *fill*         0x00000000080032b4        0xc 
 .text.__core_init
                0x00000000080032c0        0x4 /tmp/cci63M3E.ltrans1.ltrans.o
                0x00000000080032c0                __core_init
 *fill*         0x00000000080032c4        0xc 
 .text.can_rx.lto_priv.131
                0x00000000080032d0      0xe30 /tmp/cci63M3E.ltrans2.ltrans.o
                0x00000000080032d0                can_rx.lto_priv.131
 .text.Vector4C
                0x0000000008004100       0x3c /tmp/cci63M3E.ltrans3.ltrans.o
                0x0000000008004100                Vector4C
 *fill*         0x000000000800413c        0x4 
 .text.Vector48
                0x0000000008004140       0x3c /tmp/cci63M3E.ltrans3.ltrans.o
                0x0000000008004140                Vector48
 *fill*         0x000000000800417c        0x4 
 .text.Vector170
                0x0000000008004180       0x3c /tmp/cci63M3E.ltrans3.ltrans.o
                0x0000000008004180                Vector170
 *fill*         0x00000000080041bc        0x4 
 .text.Vector138
                0x00000000080041c0       0x3c /tmp/cci63M3E.ltrans3.ltrans.o
                0x00000000080041c0                Vector138
 *fill*         0x00000000080041fc        0x4 
 .text.VectorE8
                0x0000000008004200       0x3c /tmp/cci63M3E.ltrans3.ltrans.o
                0x0000000008004200                VectorE8
 *fill*         0x000000000800423c        0x4 
 .text.VectorE4
                0x0000000008004240       0x3c /tmp/cci63M3E.ltrans3.ltrans.o
                0x0000000008004240                VectorE4
 *fill*         0x000000000800427c        0x4 
 .text.Vector44
                0x0000000008004280       0x3c /tmp/cci63M3E.ltrans3.ltrans.o
                0x0000000008004280                Vector44
 *fill*         0x00000000080042bc        0x4 
 .text.VectorE0
                0x00000000080042c0       0x8c /tmp/cci63M3E.ltrans3.ltrans.o
                0x00000000080042c0                VectorE0
 *fill*         0x000000000800434c        0x4 
 .text.Vector9C
                0x0000000008004350       0x7c /tmp/cci63M3E.ltrans3.ltrans.o
                0x0000000008004350                Vector9C
 *fill*         0x00000000080043cc        0x4 
 .text.Vector68
                0x00000000080043d0       0x38 /tmp/cci63M3E.ltrans3.ltrans.o
                0x00000000080043d0                Vector68
 *fill*         0x0000000008004408        0x8 
 .text.Vector64
                0x0000000008004410       0x38 /tmp/cci63M3E.ltrans3.ltrans.o
                0x0000000008004410                Vector64
 *fill*         0x0000000008004448        0x8 
 .text.Vector60
                0x0000000008004450       0x38 /tmp/cci63M3E.ltrans3.ltrans.o
                0x0000000008004450                Vector60
 *fill*         0x0000000008004488        0x8 
 .text.Vector5C
                0x0000000008004490       0x38 /tmp/cci63M3E.ltrans3.ltrans.o
                0x0000000008004490                Vector5C
 *fill*         0x00000000080044c8        0x8 
 .text.Vector58
                0x00000000080044d0       0x38 /tmp/cci63M3E.ltrans3.ltrans.o
                0x00000000080044d0                Vector58
 *fill*         0x0000000008004508        0x8 
 .text.Vector158
                0x0000000008004510       0x38 /tmp/cci63M3E.ltrans3.ltrans.o
                0x0000000008004510                Vector158
 *fill*         0x0000000008004548        0x8 
 .text.Vector154
                0x0000000008004550       0x38 /tmp/cci63M3E.ltrans3.ltrans.o
                0x0000000008004550                Vector154
 *fill*         0x0000000008004588        0x8 
 .text.Vector150
                0x0000000008004590       0x38 /tmp/cci63M3E.ltrans3.ltrans.o
                0x0000000008004590                Vector150
 *fill*         0x00000000080045c8        0x8 
 .text.Vector130
                0x00000000080045d0       0x34 /tmp/cci63M3E.ltrans3.ltrans.o
                0x00000000080045d0                Vector130
 *fill*         0x0000000008004604        0xc 
 .text.Vector12C
                0x0000000008004610       0x38 /tmp/cci63M3E.ltrans3.ltrans.o
                0x0000000008004610                Vector12C
 *fill*         0x0000000008004648        0x8 
 .text.Vector128
                0x0000000008004650       0x38 /tmp/cci63M3E.ltrans3.ltrans.o
                0x0000000008004650                Vector128
 *fill*         0x0000000008004688        0x8 
 .text.Vector124
                0x0000000008004690       0x38 /tmp/cci63M3E.ltrans3.ltrans.o
                0x0000000008004690                Vector124
 *fill*         0x00000000080046c8        0x8 
 .text.Vector120
                0x00000000080046d0       0x34 /tmp/cci63M3E.ltrans3.ltrans.o
                0x00000000080046d0                Vector120
 *fill*         0x0000000008004704        0xc 
 .text.can_lld_sce_handler
                0x0000000008004710       0x74 /tmp/cci63M3E.ltrans3.ltrans.o
 *fill*         0x0000000008004784        0xc 
 .text.Vector148
                0x0000000008004790       0x20 /tmp/cci63M3E.ltrans3.ltrans.o
                0x0000000008004790                Vector148
 .text.Vector98
                0x00000000080047b0       0x20 /tmp/cci63M3E.ltrans3.ltrans.o
                0x00000000080047b0                Vector98
 .text.can_lld_rx1_handler
                0x00000000080047d0       0x78 /tmp/cci63M3E.ltrans3.ltrans.o
 *fill*         0x0000000008004848        0x8 
 .text.Vector144
                0x0000000008004850       0x20 /tmp/cci63M3E.ltrans3.ltrans.o
                0x0000000008004850                Vector144
 .text.Vector94
                0x0000000008004870       0x20 /tmp/cci63M3E.ltrans3.ltrans.o
                0x0000000008004870                Vector94
 .text.can_lld_rx0_handler
                0x0000000008004890       0x78 /tmp/cci63M3E.ltrans3.ltrans.o
 *fill*         0x0000000008004908        0x8 
 .text.Vector140
                0x0000000008004910       0x20 /tmp/cci63M3E.ltrans3.ltrans.o
                0x0000000008004910                Vector140
 .text.Vector90
                0x0000000008004930       0x20 /tmp/cci63M3E.ltrans3.ltrans.o
                0x0000000008004930                Vector90
 .text.can_lld_tx_handler
                0x0000000008004950       0x74 /tmp/cci63M3E.ltrans3.ltrans.o
 *fill*         0x00000000080049c4        0xc 
 .text.Vector13C
                0x00000000080049d0       0x20 /tmp/cci63M3E.ltrans3.ltrans.o
                0x00000000080049d0                Vector13C
 .text.Vector8C
                0x00000000080049f0       0x20 /tmp/cci63M3E.ltrans3.ltrans.o
                0x00000000080049f0                Vector8C
 .text.VectorB0
                0x0000000008004a10       0xf4 /tmp/cci63M3E.ltrans3.ltrans.o
                0x0000000008004a10                VectorB0
 *fill*         0x0000000008004b04        0xc 
 .text.otg_epout_handler.lto_priv.160
                0x0000000008004b10       0xac /tmp/cci63M3E.ltrans3.ltrans.o
                0x0000000008004b10                otg_epout_handler.lto_priv.160
 *fill*         0x0000000008004bbc        0x4 
 .text.otg_epin_handler.lto_priv.161
                0x0000000008004bc0       0xd4 /tmp/cci63M3E.ltrans3.ltrans.o
                0x0000000008004bc0                otg_epin_handler.lto_priv.161
 *fill*         0x0000000008004c94        0xc 
 .text.can_lld_start
                0x0000000008004ca0       0xf4 /tmp/cci63M3E.ltrans3.ltrans.o
                0x0000000008004ca0                can_lld_start
 *fill*         0x0000000008004d94        0xc 
 .text.dmaStreamAllocate
                0x0000000008004da0       0xd0 /tmp/cci63M3E.ltrans3.ltrans.o
                0x0000000008004da0                dmaStreamAllocate
 .text.sdc_lld_is_write_protected
                0x0000000008004e70        0x4 /tmp/cci63M3E.ltrans4.ltrans.o
                0x0000000008004e70                sdc_lld_is_write_protected
 *fill*         0x0000000008004e74        0xc 
 .text.sdc_lld_is_card_inserted
                0x0000000008004e80        0x4 /tmp/cci63M3E.ltrans4.ltrans.o
                0x0000000008004e80                sdc_lld_is_card_inserted
 *fill*         0x0000000008004e84        0xc 
 .text.pwm_lld_serve_interrupt
                0x0000000008004e90       0x5c /tmp/cci63M3E.ltrans4.ltrans.o
 *fill*         0x0000000008004eec        0x4 
 .text.VectorEC
                0x0000000008004ef0       0x20 /tmp/cci63M3E.ltrans4.ltrans.o
 .text.VectorF8
                0x0000000008004f10       0x20 /tmp/cci63M3E.ltrans4.ltrans.o
 .text.VectorF0
                0x0000000008004f30       0x20 /tmp/cci63M3E.ltrans4.ltrans.o
 .text.VectorB8
                0x0000000008004f50       0x20 /tmp/cci63M3E.ltrans4.ltrans.o
 .text.Vector108
                0x0000000008004f70       0x44 /tmp/cci63M3E.ltrans4.ltrans.o
 *fill*         0x0000000008004fb4        0xc 
 .text.serve_usart_irq
                0x0000000008004fc0       0xc4 /tmp/cci63M3E.ltrans4.ltrans.o
 *fill*         0x0000000008005084        0xc 
 .text.VectorDC
                0x0000000008005090       0x20 /tmp/cci63M3E.ltrans4.ltrans.o
 .text.VectorD4
                0x00000000080050b0       0x20 /tmp/cci63M3E.ltrans4.ltrans.o
 .text.uart_lld_serve_tx_end_irq.lto_priv.105
                0x00000000080050d0       0x80 /tmp/cci63M3E.ltrans4.ltrans.o
                0x00000000080050d0                uart_lld_serve_tx_end_irq.lto_priv.105
 .text.uart_lld_serve_rx_end_irq.lto_priv.104
                0x0000000008005150       0xbc /tmp/cci63M3E.ltrans4.ltrans.o
                0x0000000008005150                uart_lld_serve_rx_end_irq.lto_priv.104
 *fill*         0x000000000800520c        0x4 
 .text.get_ldnumber.lto_priv.153
                0x0000000008005210       0x7c /tmp/cci63M3E.ltrans4.ltrans.o
                0x0000000008005210                get_ldnumber.lto_priv.153
 *fill*         0x000000000800528c        0x4 
 .text.dir_sdi.lto_priv.82
                0x0000000008005290       0xa0 /tmp/cci63M3E.ltrans4.ltrans.o
                0x0000000008005290                dir_sdi.lto_priv.82
 .text.create_chain.lto_priv.92
                0x0000000008005330       0xc4 /tmp/cci63M3E.ltrans4.ltrans.o
                0x0000000008005330                create_chain.lto_priv.92
 *fill*         0x00000000080053f4        0xc 
 .text.dir_next.lto_priv.84
                0x0000000008005400      0x138 /tmp/cci63M3E.ltrans4.ltrans.o
                0x0000000008005400                dir_next.lto_priv.84
 *fill*         0x0000000008005538        0x8 
 .text.move_window.lto_priv.79
                0x0000000008005540       0x34 /tmp/cci63M3E.ltrans4.ltrans.o
                0x0000000008005540                move_window.lto_priv.79
 *fill*         0x0000000008005574        0xc 
 .text.check_fs
                0x0000000008005580       0x84 /tmp/cci63M3E.ltrans4.ltrans.o
 *fill*         0x0000000008005604        0xc 
 .text.disk_write
                0x0000000008005610       0x2c /tmp/cci63M3E.ltrans4.ltrans.o
                0x0000000008005610                disk_write
 *fill*         0x000000000800563c        0x4 
 .text.disk_status
                0x0000000008005640       0x18 /tmp/cci63M3E.ltrans4.ltrans.o
                0x0000000008005640                disk_status
 *fill*         0x0000000008005658        0x8 
 .text.find_volume.lto_priv.81
                0x0000000008005660      0x354 /tmp/cci63M3E.ltrans4.ltrans.o
                0x0000000008005660                find_volume.lto_priv.81
 *fill*         0x00000000080059b4        0xc 
 .text.__early_init
                0x00000000080059c0       0xc8 /tmp/cci63M3E.ltrans4.ltrans.o
                0x00000000080059c0                __early_init
 *fill*         0x0000000008005a88        0x8 
 .text.sduInterruptTransmitted
                0x0000000008005a90        0x4 /tmp/cci63M3E.ltrans5.ltrans.o
                0x0000000008005a90                sduInterruptTransmitted
 *fill*         0x0000000008005a94        0xc 
 .text.VectorFC
                0x0000000008005aa0       0x38 /tmp/cci63M3E.ltrans5.ltrans.o
                0x0000000008005aa0                VectorFC
 *fill*         0x0000000008005ad8        0x8 
 .text.Vector84
                0x0000000008005ae0       0x38 /tmp/cci63M3E.ltrans5.ltrans.o
                0x0000000008005ae0                Vector84
 *fill*         0x0000000008005b18        0x8 
 .text.Vector80
                0x0000000008005b20       0x38 /tmp/cci63M3E.ltrans5.ltrans.o
                0x0000000008005b20                Vector80
 *fill*         0x0000000008005b58        0x8 
 .text.Vector7C
                0x0000000008005b60       0x34 /tmp/cci63M3E.ltrans5.ltrans.o
                0x0000000008005b60                Vector7C
 *fill*         0x0000000008005b94        0xc 
 .text.Vector78
                0x0000000008005ba0       0x38 /tmp/cci63M3E.ltrans5.ltrans.o
                0x0000000008005ba0                Vector78
 *fill*         0x0000000008005bd8        0x8 
 .text.Vector74
                0x0000000008005be0       0x38 /tmp/cci63M3E.ltrans5.ltrans.o
                0x0000000008005be0                Vector74
 *fill*         0x0000000008005c18        0x8 
 .text.Vector70
                0x0000000008005c20       0x38 /tmp/cci63M3E.ltrans5.ltrans.o
                0x0000000008005c20                Vector70
 *fill*         0x0000000008005c58        0x8 
 .text.Vector6C
                0x0000000008005c60       0x34 /tmp/cci63M3E.ltrans5.ltrans.o
                0x0000000008005c60                Vector6C
 *fill*         0x0000000008005c94        0xc 
 .text.sduDataReceived
                0x0000000008005ca0       0xc8 /tmp/cci63M3E.ltrans5.ltrans.o
                0x0000000008005ca0                sduDataReceived
 *fill*         0x0000000008005d68        0x8 
 .text.usbStartTransmitI
                0x0000000008005d70       0x64 /tmp/cci63M3E.ltrans5.ltrans.o
                0x0000000008005d70                usbStartTransmitI
 *fill*         0x0000000008005dd4        0xc 
 .text._usb_ep0out
                0x0000000008005de0       0xa8 /tmp/cci63M3E.ltrans5.ltrans.o
                0x0000000008005de0                _usb_ep0out
 *fill*         0x0000000008005e88        0x8 
 .text.usbStartReceiveI
                0x0000000008005e90       0x64 /tmp/cci63M3E.ltrans5.ltrans.o
                0x0000000008005e90                usbStartReceiveI
 *fill*         0x0000000008005ef4        0xc 
 .text._usb_ep0in
                0x0000000008005f00       0xf0 /tmp/cci63M3E.ltrans5.ltrans.o
                0x0000000008005f00                _usb_ep0in
 .text._usb_ep0setup
                0x0000000008005ff0      0x434 /tmp/cci63M3E.ltrans5.ltrans.o
                0x0000000008005ff0                _usb_ep0setup
 *fill*         0x0000000008006424        0xc 
 .text.usbInitEndpointI
                0x0000000008006430      0x1c4 /tmp/cci63M3E.ltrans5.ltrans.o
                0x0000000008006430                usbInitEndpointI
 *fill*         0x00000000080065f4        0xc 
 .text.Vector104
                0x0000000008006600       0x48 /tmp/cci63M3E.ltrans6.ltrans.o
                0x0000000008006600                Vector104
 *fill*         0x0000000008006648        0x8 
 .text.usb_lld_serve_interrupt
                0x0000000008006650      0x408 /tmp/cci63M3E.ltrans6.ltrans.o
 *fill*         0x0000000008006a58        0x8 
 .text.Vector174
                0x0000000008006a60       0x20 /tmp/cci63M3E.ltrans6.ltrans.o
                0x0000000008006a60                Vector174
 .text.Vector14C
                0x0000000008006a80       0x20 /tmp/cci63M3E.ltrans6.ltrans.o
                0x0000000008006a80                Vector14C
 .text.sdc_lld_collect_errors.isra.0.lto_priv.167
                0x0000000008006aa0       0x3c /tmp/cci63M3E.ltrans6.ltrans.o
                0x0000000008006aa0                sdc_lld_collect_errors.isra.0.lto_priv.167
 *fill*         0x0000000008006adc        0x4 
 .text.sdc_lld_send_cmd_long_crc
                0x0000000008006ae0       0x3c /tmp/cci63M3E.ltrans6.ltrans.o
                0x0000000008006ae0                sdc_lld_send_cmd_long_crc
 *fill*         0x0000000008006b1c        0x4 
 .text.sdc_lld_send_cmd_short_crc
                0x0000000008006b20       0x30 /tmp/cci63M3E.ltrans6.ltrans.o
                0x0000000008006b20                sdc_lld_send_cmd_short_crc
 .text.sdc_lld_error_cleanup
                0x0000000008006b50       0x6c /tmp/cci63M3E.ltrans6.ltrans.o
 *fill*         0x0000000008006bbc        0x4 
 .text.usb_lld_start_in
                0x0000000008006bc0       0xac /tmp/cci63M3E.ltrans6.ltrans.o
                0x0000000008006bc0                usb_lld_start_in
 *fill*         0x0000000008006c6c        0x4 
 .text.usb_lld_start_out
                0x0000000008006c70       0x84 /tmp/cci63M3E.ltrans6.ltrans.o
                0x0000000008006c70                usb_lld_start_out
 *fill*         0x0000000008006cf4        0xc 
 .text.sdc_lld_wait_transaction_end
                0x0000000008006d00       0xcc /tmp/cci63M3E.ltrans6.ltrans.o
 *fill*         0x0000000008006dcc        0x4 
 .text.sdc_lld_write_aligned.part.5.lto_priv.165
                0x0000000008006dd0       0xa8 /tmp/cci63M3E.ltrans6.ltrans.o
                0x0000000008006dd0                sdc_lld_write_aligned.part.5.lto_priv.165
 *fill*         0x0000000008006e78        0x8 
 .text.sdc_lld_read_aligned.part.4.lto_priv.166
                0x0000000008006e80       0xa4 /tmp/cci63M3E.ltrans6.ltrans.o
                0x0000000008006e80                sdc_lld_read_aligned.part.4.lto_priv.166
 *fill*         0x0000000008006f24        0xc 
 .text.sdc_lld_read_special
                0x0000000008006f30       0xb4 /tmp/cci63M3E.ltrans6.ltrans.o
                0x0000000008006f30                sdc_lld_read_special
 *fill*         0x0000000008006fe4        0xc 
 .text.usb_lld_pump
                0x0000000008006ff0      0x298 /tmp/cci63M3E.ltrans6.ltrans.o
                0x0000000008006ff0                usb_lld_pump
 *fill*         0x0000000008007288        0x8 
 .text._mmcsd_get_slice
                0x0000000008007290       0x60 /tmp/cci63M3E.ltrans7.ltrans.o
 .text.unlikely._mmcsd_get_capacity
                0x00000000080072f0       0x6c /tmp/cci63M3E.ltrans7.ltrans.o
 *fill*         0x000000000800735c        0x4 
 .text.sdcConnect
                0x0000000008007360      0x3f8 /tmp/cci63M3E.ltrans7.ltrans.o
                0x0000000008007360                sdcConnect
 *fill*         0x0000000008007758        0x8 
 .text.obqPostFullBufferS
                0x0000000008007760       0x60 /tmp/cci63M3E.ltrans7.ltrans.o
 .text.obqGetEmptyBufferTimeoutS
                0x00000000080077c0       0x44 /tmp/cci63M3E.ltrans7.ltrans.o
 *fill*         0x0000000008007804        0xc 
 .text._sdc_wait_for_transfer_state
                0x0000000008007810       0x40 /tmp/cci63M3E.ltrans7.ltrans.o
                0x0000000008007810                _sdc_wait_for_transfer_state
 .text.obqGetFullBufferI
                0x0000000008007850       0x28 /tmp/cci63M3E.ltrans7.ltrans.o
                0x0000000008007850                obqGetFullBufferI
 *fill*         0x0000000008007878        0x8 
 .text.chSysUnlock.lto_priv.110
                0x0000000008007880       0x34 /tmp/cci63M3E.ltrans7.ltrans.o
                0x0000000008007880                chSysUnlock.lto_priv.110
 *fill*         0x00000000080078b4        0xc 
 .text.chSysUnlock.lto_priv.88
                0x00000000080078c0       0x34 /tmp/cci63M3E.ltrans7.ltrans.o
                0x00000000080078c0                chSysUnlock.lto_priv.88
 *fill*         0x00000000080078f4        0xc 
 .text.obqWriteTimeout
                0x0000000008007900      0x17c /tmp/cci63M3E.ltrans7.ltrans.o
                0x0000000008007900                obqWriteTimeout
 *fill*         0x0000000008007a7c        0x4 
 .text.obqPutTimeout
                0x0000000008007a80       0xa0 /tmp/cci63M3E.ltrans7.ltrans.o
                0x0000000008007a80                obqPutTimeout
 .text.can_lld_set_filters.constprop.69
                0x0000000008007b20      0x114 /tmp/cci63M3E.ltrans8.ltrans.o
                0x0000000008007b20                can_lld_set_filters.constprop.69
 *fill*         0x0000000008007c34        0xc 
 .text.ext_lld_channel_enable.constprop.52
                0x0000000008007c40       0xa8 /tmp/cci63M3E.ltrans8.ltrans.o
                0x0000000008007c40                ext_lld_channel_enable.constprop.52
 *fill*         0x0000000008007ce8        0x8 
 .text.disk_read.constprop.23
                0x0000000008007cf0       0x24 /tmp/cci63M3E.ltrans8.ltrans.o
                0x0000000008007cf0                disk_read.constprop.23
 *fill*         0x0000000008007d14        0xc 
 .text.validate.constprop.20
                0x0000000008007d20       0x30 /tmp/cci63M3E.ltrans8.ltrans.o
                0x0000000008007d20                validate.constprop.20
 .text.f_sync.constprop.15
                0x0000000008007d50      0x16c /tmp/cci63M3E.ltrans8.ltrans.o
                0x0000000008007d50                f_sync.constprop.15
 *fill*         0x0000000008007ebc        0x4 
 .text.f_close.constprop.14
                0x0000000008007ec0       0x1c /tmp/cci63M3E.ltrans8.ltrans.o
                0x0000000008007ec0                f_close.constprop.14
 *fill*         0x0000000008007edc        0x4 
 .text.f_open.constprop.12
                0x0000000008007ee0      0x7b8 /tmp/cci63M3E.ltrans8.ltrans.o
                0x0000000008007ee0                f_open.constprop.12
 *fill*         0x0000000008008698        0x8 
 .text.long_to_string_with_divisor
                0x00000000080086a0       0x48 /tmp/cci63M3E.ltrans9.ltrans.o
 *fill*         0x00000000080086e8        0x8 
 .text.chprintf
                0x00000000080086f0      0x414 /tmp/cci63M3E.ltrans9.ltrans.o
                0x00000000080086f0                chprintf
 *fill*         0x0000000008008b04        0xc 
 .text.cmd_info
                0x0000000008008b10       0xbc /tmp/cci63M3E.ltrans9.ltrans.o
 *fill*         0x0000000008008bcc        0x4 
 .text.dir_find.part.7.lto_priv.83
                0x0000000008008bd0      0x190 /tmp/cci63M3E.ltrans9.ltrans.o
                0x0000000008008bd0                dir_find.part.7.lto_priv.83
 .text.put_fat.part.6.lto_priv.85
                0x0000000008008d60      0x124 /tmp/cci63M3E.ltrans9.ltrans.o
                0x0000000008008d60                put_fat.part.6.lto_priv.85
 *fill*         0x0000000008008e84        0xc 
 .text.get_fat.part.5.lto_priv.86
                0x0000000008008e90       0xc4 /tmp/cci63M3E.ltrans9.ltrans.o
                0x0000000008008e90                get_fat.part.5.lto_priv.86
 *fill*         0x0000000008008f54        0xc 
 .text.sync_window.part.1.lto_priv.80
                0x0000000008008f60       0x58 /tmp/cci63M3E.ltrans9.ltrans.o
                0x0000000008008f60                sync_window.part.1.lto_priv.80
 *fill*         0x0000000008008fb8        0x8 
 .text.shell_thread.lto_priv.135
                0x0000000008008fc0      0x224 /tmp/cci63M3E.ltrans9.ltrans.o
                0x0000000008008fc0                shell_thread.lto_priv.135
 *fill*         0x00000000080091e4        0xc 
 .text.cmd_systime
                0x00000000080091f0       0x70 /tmp/cci63M3E.ltrans9.ltrans.o
 .text.sduRequestsHook
                0x0000000008009260       0x40 /tmp/cci63M3E.ltrans10.ltrans.o
                0x0000000008009260                sduRequestsHook
 .text.sdcGetInfo
                0x00000000080092a0       0x30 /tmp/cci63M3E.ltrans10.ltrans.o
                0x00000000080092a0                sdcGetInfo
 .text.sdcSync  0x00000000080092d0       0x20 /tmp/cci63M3E.ltrans10.ltrans.o
                0x00000000080092d0                sdcSync
 .text.obnotify.lto_priv.137
                0x00000000080092f0       0x48 /tmp/cci63M3E.ltrans10.ltrans.o
                0x00000000080092f0                obnotify.lto_priv.137
 *fill*         0x0000000008009338        0x8 
 .text.sduDataTransmitted
                0x0000000008009340       0xf0 /tmp/cci63M3E.ltrans10.ltrans.o
                0x0000000008009340                sduDataTransmitted
 .text.readt.lto_priv.152
                0x0000000008009430       0x20 /tmp/cci63M3E.ltrans10.ltrans.o
                0x0000000008009430                readt.lto_priv.152
 .text.read.lto_priv.146
                0x0000000008009450       0x1c /tmp/cci63M3E.ltrans10.ltrans.o
                0x0000000008009450                read.lto_priv.146
 *fill*         0x000000000800946c        0x4 
 .text.writet.lto_priv.151
                0x0000000008009470       0x20 /tmp/cci63M3E.ltrans10.ltrans.o
                0x0000000008009470                writet.lto_priv.151
 .text.write.lto_priv.145
                0x0000000008009490       0x1c /tmp/cci63M3E.ltrans10.ltrans.o
                0x0000000008009490                write.lto_priv.145
 *fill*         0x00000000080094ac        0x4 
 .text.gett.lto_priv.150
                0x00000000080094b0       0x18 /tmp/cci63M3E.ltrans10.ltrans.o
                0x00000000080094b0                gett.lto_priv.150
 *fill*         0x00000000080094c8        0x8 
 .text.get.lto_priv.148
                0x00000000080094d0       0x1c /tmp/cci63M3E.ltrans10.ltrans.o
                0x00000000080094d0                get.lto_priv.148
 *fill*         0x00000000080094ec        0x4 
 .text.putt.lto_priv.149
                0x00000000080094f0       0x18 /tmp/cci63M3E.ltrans10.ltrans.o
                0x00000000080094f0                putt.lto_priv.149
 *fill*         0x0000000008009508        0x8 
 .text.put.lto_priv.147
                0x0000000008009510       0x1c /tmp/cci63M3E.ltrans10.ltrans.o
                0x0000000008009510                put.lto_priv.147
 *fill*         0x000000000800952c        0x4 
 .text.sdcWrite
                0x0000000008009530       0xd4 /tmp/cci63M3E.ltrans10.ltrans.o
                0x0000000008009530                sdcWrite
 *fill*         0x0000000008009604        0xc 
 .text.sdcRead  0x0000000008009610       0xdc /tmp/cci63M3E.ltrans10.ltrans.o
                0x0000000008009610                sdcRead
 *fill*         0x00000000080096ec        0x4 
 .text.sdu_start_receive.lto_priv.98
                0x00000000080096f0       0x50 /tmp/cci63M3E.ltrans10.ltrans.o
                0x00000000080096f0                sdu_start_receive.lto_priv.98
 .text.ibnotify.lto_priv.136
                0x0000000008009740        0x8 /tmp/cci63M3E.ltrans10.ltrans.o
                0x0000000008009740                ibnotify.lto_priv.136
 *fill*         0x0000000008009748        0x8 
 .text.sdcDisconnect
                0x0000000008009750       0xb4 /tmp/cci63M3E.ltrans10.ltrans.o
                0x0000000008009750                sdcDisconnect
 *fill*         0x0000000008009804        0xc 
 .text.sendLine.lto_priv.99
                0x0000000008009810       0x4c /tmp/cci63M3E.ltrans11.ltrans.o
                0x0000000008009810                sendLine.lto_priv.99
 *fill*         0x000000000800985c        0x4 
 .text.uart_dbus_thread.lto_priv.128
                0x0000000008009860      0x6b8 /tmp/cci63M3E.ltrans11.ltrans.o
                0x0000000008009860                uart_dbus_thread.lto_priv.128
 *fill*         0x0000000008009f18        0x8 
 .text.gpt5_cb.lto_priv.140
                0x0000000008009f20       0xb8 /tmp/cci63M3E.ltrans12.ltrans.o
                0x0000000008009f20                gpt5_cb.lto_priv.140
 *fill*         0x0000000008009fd8        0x8 
 .text.get_descriptor.lto_priv.143
                0x0000000008009fe0       0x30 /tmp/cci63M3E.ltrans12.ltrans.o
                0x0000000008009fe0                get_descriptor.lto_priv.143
 .text.cmd_param_scale
                0x000000000800a010       0x40 /tmp/cci63M3E.ltrans12.ltrans.o
                0x000000000800a010                cmd_param_scale
 .text.sof_handler.lto_priv.144
                0x000000000800a050       0xb8 /tmp/cci63M3E.ltrans12.ltrans.o
                0x000000000800a050                sof_handler.lto_priv.144
 *fill*         0x000000000800a108        0x8 
 .text.usb_event.lto_priv.142
                0x000000000800a110       0xfc /tmp/cci63M3E.ltrans12.ltrans.o
                0x000000000800a110                usb_event.lto_priv.142
 *fill*         0x000000000800a20c        0x4 
 .text.cmd_param_tx
                0x000000000800a210      0x150 /tmp/cci63M3E.ltrans12.ltrans.o
                0x000000000800a210                cmd_param_tx
 .text.cmd_param_update
                0x000000000800a360      0x13c /tmp/cci63M3E.ltrans12.ltrans.o
                0x000000000800a360                cmd_param_update
 *fill*         0x000000000800a49c        0x4 
 .text.MotorToggleThread.lto_priv.132
                0x000000000800a4a0      0x10c /tmp/cci63M3E.ltrans12.ltrans.o
                0x000000000800a4a0                MotorToggleThread.lto_priv.132
 *fill*         0x000000000800a5ac        0x4 
 .text.cmd_param_rx
                0x000000000800a5b0       0xac /tmp/cci63M3E.ltrans12.ltrans.o
                0x000000000800a5b0                cmd_param_rx
 *fill*         0x000000000800a65c        0x4 
 .text.extcb10.lto_priv.141
                0x000000000800a660       0x38 /tmp/cci63M3E.ltrans13.ltrans.o
                0x000000000800a660                extcb10.lto_priv.141
 *fill*         0x000000000800a698        0x8 
 .text.f_lseek.constprop.11
                0x000000000800a6a0       0x18 /tmp/cci63M3E.ltrans13.ltrans.o
                0x000000000800a6a0                f_lseek.constprop.11
 *fill*         0x000000000800a6b8        0x8 
 .text.sdlog_thread.lto_priv.121
                0x000000000800a6c0      0x38c /tmp/cci63M3E.ltrans13.ltrans.o
                0x000000000800a6c0                sdlog_thread.lto_priv.121
 *fill*         0x000000000800aa4c        0x4 
 .text._strtok.constprop.10
                0x000000000800aa50       0x40 /tmp/cci63M3E.ltrans13.ltrans.o
                0x000000000800aa50                _strtok.constprop.10
 .text.can_motorSetCurrent.constprop.6
                0x000000000800aa90      0x174 /tmp/cci63M3E.ltrans13.ltrans.o
                0x000000000800aa90                can_motorSetCurrent.constprop.6
 *fill*         0x000000000800ac04        0xc 
 .text.cmd_error
                0x000000000800ac10        0x4 /tmp/cci63M3E.ltrans14.ltrans.o
                0x000000000800ac10                cmd_error
 *fill*         0x000000000800ac14        0xc 
 .text.cmd_test
                0x000000000800ac20        0x4 /tmp/cci63M3E.ltrans14.ltrans.o
                0x000000000800ac20                cmd_test
 *fill*         0x000000000800ac24        0xc 
 .text.matlab_thread
                0x000000000800ac30       0x90 /tmp/cci63M3E.ltrans14.ltrans.o
 .text.flashWrite
                0x000000000800acc0       0xcc /tmp/cci63M3E.ltrans14.ltrans.o
                0x000000000800acc0                flashWrite
 *fill*         0x000000000800ad8c        0x4 
 .text.cmd_data
                0x000000000800ad90       0xd8 /tmp/cci63M3E.ltrans14.ltrans.o
                0x000000000800ad90                cmd_data
 *fill*         0x000000000800ae68        0x8 
 .text.rxend.lto_priv.106
                0x000000000800ae70       0x3c /tmp/cci63M3E.ltrans15.ltrans.o
                0x000000000800ae70                rxend.lto_priv.106
 *fill*         0x000000000800aeac        0x4 
 .text.RC_reset.lto_priv.107
                0x000000000800aeb0       0x30 /tmp/cci63M3E.ltrans15.ltrans.o
                0x000000000800aeb0                RC_reset.lto_priv.107
 .text.memset   0x000000000800aee0       0x9c /usr/lib/gcc/arm-none-eabi/4.9.3/../../../arm-none-eabi/lib/armv7e-m/fpu/libg.a(lib_a-memset.o)
                0x000000000800aee0                memset
 *fill*         0x000000000800af7c        0x4 
 .text.strlen   0x000000000800af80       0x5c /usr/lib/gcc/arm-none-eabi/4.9.3/../../../arm-none-eabi/lib/armv7e-m/fpu/libg.a(lib_a-strlen.o)
                0x000000000800af80                strlen
 *fill*         0x000000000800afdc        0x4 
 .text.strpbrk  0x000000000800afe0       0x48 /usr/lib/gcc/arm-none-eabi/4.9.3/../../../arm-none-eabi/lib/armv7e-m/fpu/libg.a(lib_a-strpbrk.o)
                0x000000000800afe0                strpbrk
 *fill*         0x000000000800b028        0x8 
 .text.strspn   0x000000000800b030       0x34 /usr/lib/gcc/arm-none-eabi/4.9.3/../../../arm-none-eabi/lib/armv7e-m/fpu/libg.a(lib_a-strspn.o)
                0x000000000800b030                strspn
 *(.rodata)
 *(.rodata.*)
 *fill*         0x000000000800b064        0xc 
 .rodata.__func__.8554
                0x000000000800b070       0x13 /tmp/cci63M3E.ltrans0.ltrans.o
 *fill*         0x000000000800b083        0xd 
 .rodata.ch_debug
                0x000000000800b090       0x16 /tmp/cci63M3E.ltrans0.ltrans.o
 *fill*         0x000000000800b0a6        0xa 
 .rodata.__func__.8441
                0x000000000800b0b0        0xe /tmp/cci63M3E.ltrans0.ltrans.o
 *fill*         0x000000000800b0be        0x2 
 .rodata.__func__.6336.lto_priv.123
                0x000000000800b0c0        0xc /tmp/cci63M3E.ltrans0.ltrans.o
 *fill*         0x000000000800b0cc        0x4 
 .rodata.vmt    0x000000000800b0d0       0x20 /tmp/cci63M3E.ltrans0.ltrans.o
 .rodata.extcfg
                0x000000000800b0f0       0xb8 /tmp/cci63M3E.ltrans0.ltrans.o
 *fill*         0x000000000800b1a8        0x8 
 .rodata.__func__.6022.lto_priv.118
                0x000000000800b1b0        0xc /tmp/cci63M3E.ltrans0.ltrans.o
 *fill*         0x000000000800b1bc        0x4 
 .rodata.sdc_vmt
                0x000000000800b1c0       0x20 /tmp/cci63M3E.ltrans0.ltrans.o
 .rodata.sdccfg
                0x000000000800b1e0        0x8 /tmp/cci63M3E.ltrans0.ltrans.o
 *fill*         0x000000000800b1e8        0x8 
 .rodata.__func__.8800
                0x000000000800b1f0        0xe /tmp/cci63M3E.ltrans0.ltrans.o
 *fill*         0x000000000800b1fe        0x2 
 .rodata.gpt5_cfg
                0x000000000800b200       0x10 /tmp/cci63M3E.ltrans0.ltrans.o
 .rodata.__func__.8449
                0x000000000800b210       0x11 /tmp/cci63M3E.ltrans0.ltrans.o
 *fill*         0x000000000800b221        0xf 
 .rodata.fsparams
                0x000000000800b230        0xc /tmp/cci63M3E.ltrans0.ltrans.o
 *fill*         0x000000000800b23c        0x4 
 .rodata.serusbcfg
                0x000000000800b240        0x8 /tmp/cci63M3E.ltrans0.ltrans.o
 *fill*         0x000000000800b248        0x8 
 .rodata.__func__.8875
                0x000000000800b250        0x9 /tmp/cci63M3E.ltrans0.ltrans.o
 *fill*         0x000000000800b259        0x7 
 .rodata.__func__.8440.lto_priv.125
                0x000000000800b260        0x9 /tmp/cci63M3E.ltrans0.ltrans.o
 *fill*         0x000000000800b269        0x7 
 .rodata.__func__.8440.lto_priv.126
                0x000000000800b270        0x9 /tmp/cci63M3E.ltrans0.ltrans.o
 *fill*         0x000000000800b279        0x7 
 .rodata.shell_cfg1
                0x000000000800b280        0x8 /tmp/cci63M3E.ltrans0.ltrans.o
 *fill*         0x000000000800b288        0x8 
 .rodata.usbcfg
                0x000000000800b290       0x10 /tmp/cci63M3E.ltrans0.ltrans.o
 .rodata._stm32_dma_streams
                0x000000000800b2a0       0xc0 /tmp/cci63M3E.ltrans0.ltrans.o
 .rodata.cancfg
                0x000000000800b360        0x8 /tmp/cci63M3E.ltrans0.ltrans.o
 *fill*         0x000000000800b368        0x8 
 .rodata.commands
                0x000000000800b370       0x40 /tmp/cci63M3E.ltrans0.ltrans.o
 .rodata.__func__.8440.lto_priv.127
                0x000000000800b3b0        0x9 /tmp/cci63M3E.ltrans0.ltrans.o
 *fill*         0x000000000800b3b9        0x7 
 .rodata.__func__.6022.lto_priv.116
                0x000000000800b3c0        0xc /tmp/cci63M3E.ltrans0.ltrans.o
 *fill*         0x000000000800b3cc        0x4 
 .rodata.__func__.6022.lto_priv.117
                0x000000000800b3d0        0xc /tmp/cci63M3E.ltrans0.ltrans.o
 *fill*         0x000000000800b3dc        0x4 
 .rodata.__func__.8495
                0x000000000800b3e0        0x9 /tmp/cci63M3E.ltrans0.ltrans.o
 *fill*         0x000000000800b3e9        0x7 
 .rodata.hsparams
                0x000000000800b3f0        0xc /tmp/cci63M3E.ltrans0.ltrans.o
 *fill*         0x000000000800b3fc        0x4 
 .rodata.__func__.8799
                0x000000000800b400        0x9 /tmp/cci63M3E.ltrans0.ltrans.o
 *fill*         0x000000000800b409        0x7 
 .rodata.__func__.6336.lto_priv.122
                0x000000000800b410        0xc /tmp/cci63M3E.ltrans0.ltrans.o
                0x000000000800b410                __func__.6336.lto_priv.122
 *fill*         0x000000000800b41c        0x4 
 .rodata.str1.4
                0x000000000800b420       0x2e /tmp/cci63M3E.ltrans0.ltrans.o
                                         0x32 (size before relaxing)
 *fill*         0x000000000800b44e        0x2 
 .rodata.__func__.6506
                0x000000000800b450        0xc /tmp/cci63M3E.ltrans0.ltrans.o
 *fill*         0x000000000800b45c        0x4 
 .rodata.__func__.6196
                0x000000000800b460        0xc /tmp/cci63M3E.ltrans1.ltrans.o
 *fill*         0x000000000800b46c        0x4 
 .rodata.__func__.6753
                0x000000000800b470        0xd /tmp/cci63M3E.ltrans1.ltrans.o
 *fill*         0x000000000800b47d        0x3 
 .rodata.__func__.8436
                0x000000000800b480        0xd /tmp/cci63M3E.ltrans1.ltrans.o
 *fill*         0x000000000800b48d        0x3 
 .rodata.__func__.8443
                0x000000000800b490        0xb /tmp/cci63M3E.ltrans1.ltrans.o
 *fill*         0x000000000800b49b        0x5 
 .rodata.__func__.8777
                0x000000000800b4a0       0x19 /tmp/cci63M3E.ltrans1.ltrans.o
 *fill*         0x000000000800b4b9        0x7 
 .rodata.__func__.6803
                0x000000000800b4c0        0xd /tmp/cci63M3E.ltrans1.ltrans.o
 *fill*         0x000000000800b4cd        0x3 
 .rodata.__func__.8784
                0x000000000800b4d0       0x17 /tmp/cci63M3E.ltrans1.ltrans.o
 *fill*         0x000000000800b4e7        0x9 
 .rodata.__func__.6728
                0x000000000800b4f0        0xb /tmp/cci63M3E.ltrans1.ltrans.o
 *fill*         0x000000000800b4fb        0x5 
 .rodata.str1.4
                0x000000000800b500       0x4d /tmp/cci63M3E.ltrans1.ltrans.o
 *fill*         0x000000000800b54d        0x3 
 .rodata.ram_areas
                0x000000000800b550       0x80 /tmp/cci63M3E.ltrans1.ltrans.o
 .rodata.__func__.6737
                0x000000000800b5d0        0xd /tmp/cci63M3E.ltrans1.ltrans.o
 *fill*         0x000000000800b5dd        0x3 
 .rodata.__func__.6745
                0x000000000800b5e0       0x15 /tmp/cci63M3E.ltrans1.ltrans.o
 *fill*         0x000000000800b5f5        0xb 
 .rodata.__func__.6725
                0x000000000800b600        0xc /tmp/cci63M3E.ltrans1.ltrans.o
 *fill*         0x000000000800b60c        0x4 
 .rodata.__func__.6791
                0x000000000800b610        0xe /tmp/cci63M3E.ltrans1.ltrans.o
 *fill*         0x000000000800b61e        0x2 
 .rodata.__func__.6781
                0x000000000800b620        0xb /tmp/cci63M3E.ltrans1.ltrans.o
 *fill*         0x000000000800b62b        0x5 
 .rodata.__func__.6022.lto_priv.173
                0x000000000800b630        0xc /tmp/cci63M3E.ltrans1.ltrans.o
 *fill*         0x000000000800b63c        0x4 
 .rodata.__func__.6762
                0x000000000800b640        0xd /tmp/cci63M3E.ltrans1.ltrans.o
 *fill*         0x000000000800b64d        0x3 
 .rodata.__func__.6723
                0x000000000800b650       0x1b /tmp/cci63M3E.ltrans2.ltrans.o
 *fill*         0x000000000800b66b        0x5 
 .rodata.str1.4
                0x000000000800b670        0xd /tmp/cci63M3E.ltrans2.ltrans.o
 *fill*         0x000000000800b67d        0x3 
 .rodata.__func__.6022
                0x000000000800b680        0xc /tmp/cci63M3E.ltrans2.ltrans.o
 *fill*         0x000000000800b68c        0x4 
 .rodata.__func__.8474
                0x000000000800b690        0xb /tmp/cci63M3E.ltrans2.ltrans.o
 *fill*         0x000000000800b69b        0x5 
 .rodata.__func__.8494
                0x000000000800b6a0        0xe /tmp/cci63M3E.ltrans3.ltrans.o
 *fill*         0x000000000800b6ae        0x2 
 .rodata.__func__.6111
                0x000000000800b6b0        0xc /tmp/cci63M3E.ltrans3.ltrans.o
 *fill*         0x000000000800b6bc        0x4 
 .rodata.__func__.8514
                0x000000000800b6c0       0x12 /tmp/cci63M3E.ltrans3.ltrans.o
 *fill*         0x000000000800b6d2        0xe 
 .rodata.str1.4
                0x000000000800b6e0       0x10 /tmp/cci63M3E.ltrans4.ltrans.o
 .rodata.__func__.8763
                0x000000000800b6f0       0x13 /tmp/cci63M3E.ltrans5.ltrans.o
 *fill*         0x000000000800b703        0xd 
 .rodata.__func__.8880
                0x000000000800b710        0xb /tmp/cci63M3E.ltrans5.ltrans.o
 *fill*         0x000000000800b71b        0x5 
 .rodata.zero_status
                0x000000000800b720        0x2 /tmp/cci63M3E.ltrans5.ltrans.o
 *fill*         0x000000000800b722        0xe 
 .rodata.__func__.8821
                0x000000000800b730       0x15 /tmp/cci63M3E.ltrans5.ltrans.o
 *fill*         0x000000000800b745        0xb 
 .rodata.__func__.8832
                0x000000000800b750       0x11 /tmp/cci63M3E.ltrans5.ltrans.o
 *fill*         0x000000000800b761        0xf 
 .rodata.__func__.8894
                0x000000000800b770        0xc /tmp/cci63M3E.ltrans5.ltrans.o
 *fill*         0x000000000800b77c        0x4 
 .rodata.__func__.8840
                0x000000000800b780       0x12 /tmp/cci63M3E.ltrans5.ltrans.o
 *fill*         0x000000000800b792        0xe 
 .rodata.active_status
                0x000000000800b7a0        0x2 /tmp/cci63M3E.ltrans5.ltrans.o
 *fill*         0x000000000800b7a2        0xe 
 .rodata.__func__.8816
                0x000000000800b7b0       0x11 /tmp/cci63M3E.ltrans5.ltrans.o
 *fill*         0x000000000800b7c1        0xf 
 .rodata.__func__.6208.lto_priv.164
                0x000000000800b7d0       0x14 /tmp/cci63M3E.ltrans5.ltrans.o
                0x000000000800b7d0                __func__.6208.lto_priv.164
 *fill*         0x000000000800b7e4        0xc 
 .rodata.halted_status
                0x000000000800b7f0        0x2 /tmp/cci63M3E.ltrans5.ltrans.o
 *fill*         0x000000000800b7f2        0xe 
 .rodata.__func__.6336.lto_priv.158
                0x000000000800b800        0xc /tmp/cci63M3E.ltrans6.ltrans.o
 *fill*         0x000000000800b80c        0x4 
 .rodata.__func__.6336.lto_priv.159
                0x000000000800b810        0xc /tmp/cci63M3E.ltrans6.ltrans.o
 *fill*         0x000000000800b81c        0x4 
 .rodata.str1.4
                0x000000000800b820        0xd /tmp/cci63M3E.ltrans6.ltrans.o
 *fill*         0x000000000800b82d        0x3 
 .rodata.ep0config
                0x000000000800b830       0x24 /tmp/cci63M3E.ltrans6.ltrans.o
 *fill*         0x000000000800b854        0xc 
 .rodata.__func__.8801
                0x000000000800b860       0x1b /tmp/cci63M3E.ltrans6.ltrans.o
 *fill*         0x000000000800b87b        0x5 
 .rodata.__func__.8755
                0x000000000800b880       0x1b /tmp/cci63M3E.ltrans6.ltrans.o
 *fill*         0x000000000800b89b        0x5 
 .rodata.__func__.8795.lto_priv.163
                0x000000000800b8a0        0xe /tmp/cci63M3E.ltrans6.ltrans.o
                0x000000000800b8a0                __func__.8795.lto_priv.163
 *fill*         0x000000000800b8ae        0x2 
 .rodata.__func__.8885
                0x000000000800b8b0        0xb /tmp/cci63M3E.ltrans7.ltrans.o
 *fill*         0x000000000800b8bb        0x5 
 .rodata.__func__.6336.lto_priv.171
                0x000000000800b8c0        0xc /tmp/cci63M3E.ltrans7.ltrans.o
                0x000000000800b8c0                __func__.6336.lto_priv.171
 *fill*         0x000000000800b8cc        0x4 
 .rodata.__func__.8439
                0x000000000800b8d0       0x11 /tmp/cci63M3E.ltrans7.ltrans.o
 *fill*         0x000000000800b8e1        0xf 
 .rodata.__func__.8446
                0x000000000800b8f0       0x14 /tmp/cci63M3E.ltrans7.ltrans.o
 *fill*         0x000000000800b904        0xc 
 .rodata.__func__.8835
                0x000000000800b910       0x1a /tmp/cci63M3E.ltrans7.ltrans.o
 *fill*         0x000000000800b92a        0x6 
 .rodata.__func__.8844
                0x000000000800b930       0x13 /tmp/cci63M3E.ltrans7.ltrans.o
 *fill*         0x000000000800b943        0xd 
 .rodata.__func__.6022
                0x000000000800b950        0xc /tmp/cci63M3E.ltrans7.ltrans.o
 *fill*         0x000000000800b95c        0x4 
 .rodata.__func__.8853
                0x000000000800b960       0x12 /tmp/cci63M3E.ltrans7.ltrans.o
 *fill*         0x000000000800b972        0xe 
 .rodata.Tbl    0x000000000800b980      0x100 /tmp/cci63M3E.ltrans8.ltrans.o
 .rodata.ExCvt  0x000000000800ba80       0x80 /tmp/cci63M3E.ltrans8.ltrans.o
 .rodata.str1.4
                0x000000000800bb00       0x1d /tmp/cci63M3E.ltrans8.ltrans.o
 *fill*         0x000000000800bb1d        0x3 
 .rodata.LfnOfs.lto_priv.154
                0x000000000800bb20        0xd /tmp/cci63M3E.ltrans8.ltrans.o
                0x000000000800bb20                LfnOfs.lto_priv.154
 *fill*         0x000000000800bb2d        0x3 
 .rodata.tbl_upper.6920
                0x000000000800bb30      0x1e0 /tmp/cci63M3E.ltrans9.ltrans.o
 .rodata.tbl_lower.6919
                0x000000000800bd10      0x1e0 /tmp/cci63M3E.ltrans9.ltrans.o
 .rodata.__func__.6336
                0x000000000800bef0        0xc /tmp/cci63M3E.ltrans9.ltrans.o
 *fill*         0x000000000800befc        0x4 
 .rodata.str1.4
                0x000000000800bf00      0x202 /tmp/cci63M3E.ltrans9.ltrans.o
                                        0x206 (size before relaxing)
 *fill*         0x000000000800c102        0xe 
 .rodata.pow10  0x000000000800c110       0x24 /tmp/cci63M3E.ltrans9.ltrans.o
 *fill*         0x000000000800c134        0xc 
 .rodata.local_commands
                0x000000000800c140       0x18 /tmp/cci63M3E.ltrans9.ltrans.o
 *fill*         0x000000000800c158        0x8 
 .rodata.__func__.8927
                0x000000000800c160        0xb /tmp/cci63M3E.ltrans10.ltrans.o
 *fill*         0x000000000800c16b        0x5 
 .rodata.__func__.8886
                0x000000000800c170       0x16 /tmp/cci63M3E.ltrans10.ltrans.o
 *fill*         0x000000000800c186        0xa 
 .rodata.__func__.8896
                0x000000000800c190        0xe /tmp/cci63M3E.ltrans10.ltrans.o
 *fill*         0x000000000800c19e        0x2 
 .rodata.__func__.8821
                0x000000000800c1a0       0x17 /tmp/cci63M3E.ltrans10.ltrans.o
 *fill*         0x000000000800c1b7        0x9 
 .rodata.__func__.8877
                0x000000000800c1c0       0x15 /tmp/cci63M3E.ltrans10.ltrans.o
 *fill*         0x000000000800c1d5        0xb 
 .rodata.__func__.8904
                0x000000000800c1e0        0x8 /tmp/cci63M3E.ltrans10.ltrans.o
 *fill*         0x000000000800c1e8        0x8 
 .rodata.__func__.8912
                0x000000000800c1f0        0x9 /tmp/cci63M3E.ltrans10.ltrans.o
 *fill*         0x000000000800c1f9        0x7 
 .rodata.__func__.8922
                0x000000000800c200        0x8 /tmp/cci63M3E.ltrans10.ltrans.o
 *fill*         0x000000000800c208        0x8 
 .rodata.__func__.8487
                0x000000000800c210        0xf /tmp/cci63M3E.ltrans11.ltrans.o
 *fill*         0x000000000800c21f        0x1 
 .rodata.__func__.6022.lto_priv.102
                0x000000000800c220        0xc /tmp/cci63M3E.ltrans11.ltrans.o
 *fill*         0x000000000800c22c        0x4 
 .rodata.__func__.8440
                0x000000000800c230        0xa /tmp/cci63M3E.ltrans11.ltrans.o
 *fill*         0x000000000800c23a        0x6 
 .rodata.str1.4
                0x000000000800c240       0x13 /tmp/cci63M3E.ltrans11.ltrans.o
 *fill*         0x000000000800c253        0xd 
 .rodata.__func__.6797
                0x000000000800c260       0x15 /tmp/cci63M3E.ltrans11.ltrans.o
 *fill*         0x000000000800c275        0xb 
 .rodata.__func__.8521
                0x000000000800c280       0x11 /tmp/cci63M3E.ltrans11.ltrans.o
 *fill*         0x000000000800c291        0xf 
 .rodata.__func__.8472
                0x000000000800c2a0       0x11 /tmp/cci63M3E.ltrans11.ltrans.o
 *fill*         0x000000000800c2b1        0xf 
 .rodata.__func__.6022.lto_priv.103
                0x000000000800c2c0        0xc /tmp/cci63M3E.ltrans11.ltrans.o
 *fill*         0x000000000800c2cc        0x4 
 .rodata.__func__.8483
                0x000000000800c2d0       0x10 /tmp/cci63M3E.ltrans11.ltrans.o
 .rodata.ep1config
                0x000000000800c2e0       0x24 /tmp/cci63M3E.ltrans12.ltrans.o
 *fill*         0x000000000800c304        0xc 
 .rodata.vcom_string1
                0x000000000800c310       0x26 /tmp/cci63M3E.ltrans12.ltrans.o
 *fill*         0x000000000800c336        0xa 
 .rodata.vcom_string2
                0x000000000800c340       0x38 /tmp/cci63M3E.ltrans12.ltrans.o
 *fill*         0x000000000800c378        0x8 
 .rodata.vcom_configuration_descriptor
                0x000000000800c380        0x8 /tmp/cci63M3E.ltrans12.ltrans.o
 *fill*         0x000000000800c388        0x8 
 .rodata.ep2config
                0x000000000800c390       0x24 /tmp/cci63M3E.ltrans12.ltrans.o
 *fill*         0x000000000800c3b4        0xc 
 .rodata.__func__.6022.lto_priv.96
                0x000000000800c3c0        0xc /tmp/cci63M3E.ltrans12.ltrans.o
 *fill*         0x000000000800c3cc        0x4 
 .rodata.__func__.6022.lto_priv.97
                0x000000000800c3d0        0xc /tmp/cci63M3E.ltrans12.ltrans.o
 *fill*         0x000000000800c3dc        0x4 
 .rodata.str1.4
                0x000000000800c3e0       0x13 /tmp/cci63M3E.ltrans12.ltrans.o
 *fill*         0x000000000800c3f3        0xd 
 .rodata.vcom_strings
                0x000000000800c400       0x20 /tmp/cci63M3E.ltrans12.ltrans.o
 .rodata.vcom_device_descriptor_data
                0x000000000800c420       0x12 /tmp/cci63M3E.ltrans12.ltrans.o
 *fill*         0x000000000800c432        0xe 
 .rodata.vcom_configuration_descriptor_data
                0x000000000800c440       0x43 /tmp/cci63M3E.ltrans12.ltrans.o
 *fill*         0x000000000800c483        0xd 
 .rodata.vcom_string0
                0x000000000800c490        0x4 /tmp/cci63M3E.ltrans12.ltrans.o
 *fill*         0x000000000800c494        0xc 
 .rodata.vcom_string3
                0x000000000800c4a0        0x8 /tmp/cci63M3E.ltrans12.ltrans.o
 *fill*         0x000000000800c4a8        0x8 
 .rodata.__func__.8519
                0x000000000800c4b0        0xc /tmp/cci63M3E.ltrans12.ltrans.o
 *fill*         0x000000000800c4bc        0x4 
 .rodata.vcom_device_descriptor
                0x000000000800c4c0        0x8 /tmp/cci63M3E.ltrans12.ltrans.o
 *fill*         0x000000000800c4c8        0x8 
 .rodata.__func__.6022.lto_priv.90
                0x000000000800c4d0        0xc /tmp/cci63M3E.ltrans13.ltrans.o
                0x000000000800c4d0                __func__.6022.lto_priv.90
 *fill*         0x000000000800c4dc        0x4 
 .rodata.__func__.6022.lto_priv.91
                0x000000000800c4e0        0xc /tmp/cci63M3E.ltrans13.ltrans.o
                0x000000000800c4e0                __func__.6022.lto_priv.91
 *fill*         0x000000000800c4ec        0x4 
 .rodata.str1.4
                0x000000000800c4f0       0x47 /tmp/cci63M3E.ltrans13.ltrans.o
 *fill*         0x000000000800c537        0x9 
 .rodata.__func__.8463
                0x000000000800c540        0xc /tmp/cci63M3E.ltrans13.ltrans.o
 *fill*         0x000000000800c54c        0x4 
 .rodata.__func__.6022.lto_priv.172
                0x000000000800c550        0xc /tmp/cci63M3E.ltrans14.ltrans.o
                0x000000000800c550                __func__.6022.lto_priv.172
 *fill*         0x000000000800c55c        0x4 
 .rodata.str1.4
                0x000000000800c560       0x40 /tmp/cci63M3E.ltrans14.ltrans.o
                                         0x3f (size before relaxing)
 *(.glue_7t)
 .glue_7t       0x000000000800c5a0        0x0 linker stubs
 *(.glue_7)
 .glue_7        0x000000000800c5a0        0x0 linker stubs
 *(.gcc*)

.vfp11_veneer   0x000000000800c5a0        0x0
 .vfp11_veneer  0x000000000800c5a0        0x0 linker stubs

.v4_bx          0x000000000800c5a0        0x0
 .v4_bx         0x000000000800c5a0        0x0 linker stubs

.iplt           0x000000000800c5a0        0x0
 .iplt          0x000000000800c5a0        0x0 build/obj/crt0_v7m.o

.rel.dyn        0x000000000800c5a0        0x0
 .rel.iplt      0x000000000800c5a0        0x0 build/obj/crt0_v7m.o

.ARM.extab
 *(.ARM.extab* .gnu.linkonce.armextab.*)

.ARM.exidx      0x000000000800c5a0        0x0
                0x000000000800c5a0                __exidx_start = .
 *(.ARM.exidx* .gnu.linkonce.armexidx.*)
                0x000000000800c5a0                __exidx_end = .

.eh_frame_hdr
 *(.eh_frame_hdr)

.eh_frame
 *(.eh_frame)

.textalign      0x000000000800c5a0        0x0
                0x000000000800c5a0                . = ALIGN (0x8)
                0x000000000800c5a0                . = ALIGN (0x4)
                [!provide]                        PROVIDE (_etext, .)

.mstack         0x0000000020000000      0x400
                0x0000000020000000                . = ALIGN (0x8)
                0x0000000020000000                __main_stack_base__ = .
                0x0000000020000400                . = (. + __main_stack_size__)
 *fill*         0x0000000020000000      0x400 
                0x0000000020000400                . = ALIGN (0x8)
                0x0000000020000400                __main_stack_end__ = .

.pstack         0x0000000020000400      0x400
                0x0000000020000400                __process_stack_base__ = .
                0x0000000020000400                __main_thread_stack_base__ = .
                0x0000000020000800                . = (. + __process_stack_size__)
 *fill*         0x0000000020000400      0x400 
                0x0000000020000800                . = ALIGN (0x8)
                0x0000000020000800                __process_stack_end__ = .
                0x0000000020000800                __main_thread_stack_end__ = .

.data           0x0000000020000800       0x2c load address 0x000000000800c5a0
                0x0000000020000800                . = ALIGN (0x4)
                [!provide]                        PROVIDE (_textdata, LOADADDR (.data))
                [!provide]                        PROVIDE (_data, .)
                0x000000000800c5a0                _textdata_start = LOADADDR (.data)
                0x0000000020000800                _data_start = .
 *(.data)
 *(.data.*)
 .data.linecoding
                0x0000000020000800        0x7 /tmp/cci63M3E.ltrans10.ltrans.o
 *fill*         0x0000000020000807        0x1 
 .data.uart_cfg
                0x0000000020000808       0x20 /tmp/cci63M3E.ltrans11.ltrans.o
 .data.rx_start_flag
                0x0000000020000828        0x1 /tmp/cci63M3E.ltrans15.ltrans.o
 *(.ramtext)
                0x000000002000082c                . = ALIGN (0x4)
 *fill*         0x0000000020000829        0x3 
                [!provide]                        PROVIDE (_edata, .)
                0x000000002000082c                _data_end = .

.igot.plt       0x000000002000082c        0x0 load address 0x000000000800c5cc
 .igot.plt      0x000000002000082c        0x0 build/obj/crt0_v7m.o

.bss            0x0000000020000830     0x3a98 load address 0x000000000800c5cc
                0x0000000020000830                . = ALIGN (0x4)
                0x0000000020000830                _bss_start = .
 *(.bss)
 *(.bss.*)
 .bss.dma_isr_redir.lto_priv.162
                0x0000000020000830       0x80 /tmp/cci63M3E.ltrans0.ltrans.o
                0x0000000020000830                dma_isr_redir.lto_priv.162
 .bss.PWMD12    0x00000000200008b0       0x1c /tmp/cci63M3E.ltrans0.ltrans.o
                0x00000000200008b0                PWMD12
 .bss.GPTD5     0x00000000200008cc       0x10 /tmp/cci63M3E.ltrans0.ltrans.o
                0x00000000200008cc                GPTD5
 .bss.dummytx   0x00000000200008dc        0x2 /tmp/cci63M3E.ltrans0.ltrans.o
 *fill*         0x00000000200008de        0x2 
 .bss.PWMD4     0x00000000200008e0       0x1c /tmp/cci63M3E.ltrans0.ltrans.o
                0x00000000200008e0                PWMD4
 .bss.PWMD8     0x00000000200008fc       0x1c /tmp/cci63M3E.ltrans0.ltrans.o
                0x00000000200008fc                PWMD8
 .bss.shell_terminated
                0x0000000020000918        0x4 /tmp/cci63M3E.ltrans0.ltrans.o
                0x0000000020000918                shell_terminated
 *fill*         0x000000002000091c        0x4 
 .bss.sdlog_thread_wa
                0x0000000020000920      0x570 /tmp/cci63M3E.ltrans0.ltrans.o
 .bss.state     0x0000000020000e90        0x2 /tmp/cci63M3E.ltrans0.ltrans.o
 *fill*         0x0000000020000e92        0x2 
 .bss.canfilter
                0x0000000020000e94      0x1c0 /tmp/cci63M3E.ltrans0.ltrans.o
 .bss.endmem.lto_priv.174
                0x0000000020001054        0x4 /tmp/cci63M3E.ltrans0.ltrans.o
                0x0000000020001054                endmem.lto_priv.174
 .bss.fs        0x0000000020001058      0x230 /tmp/cci63M3E.ltrans0.ltrans.o
 .bss.P_Get_Dbus
                0x0000000020001288        0x4 /tmp/cci63M3E.ltrans0.ltrans.o
 *fill*         0x000000002000128c        0x4 
 .bss.MotorToggleThread_wa
                0x0000000020001290      0x1f0 /tmp/cci63M3E.ltrans0.ltrans.o
 .bss.can_rx1_wa
                0x0000000020001480      0x270 /tmp/cci63M3E.ltrans0.ltrans.o
 .bss.CAND2     0x00000000200016f0       0x30 /tmp/cci63M3E.ltrans0.ltrans.o
                0x00000000200016f0                CAND2
 .bss.FatFs.lto_priv.155
                0x0000000020001720        0x4 /tmp/cci63M3E.ltrans0.ltrans.o
                0x0000000020001720                FatFs.lto_priv.155
 *fill*         0x0000000020001724        0x4 
 .bss.USBD1     0x0000000020001728      0x278 /tmp/cci63M3E.ltrans0.ltrans.o
                0x0000000020001728                USBD1
 .bss.USBD2     0x00000000200019a0      0x278 /tmp/cci63M3E.ltrans0.ltrans.o
                0x00000000200019a0                USBD2
 .bss.nextmem.lto_priv.175
                0x0000000020001c18        0x4 /tmp/cci63M3E.ltrans0.ltrans.o
                0x0000000020001c18                nextmem.lto_priv.175
 *fill*         0x0000000020001c1c        0x4 
 .bss.can_rx2_wa
                0x0000000020001c20      0x270 /tmp/cci63M3E.ltrans0.ltrans.o
 .bss.Shell_thread_wa
                0x0000000020001e90      0x570 /tmp/cci63M3E.ltrans0.ltrans.o
 .bss.default_heap
                0x0000000020002400       0x20 /tmp/cci63M3E.ltrans0.ltrans.o
 .bss.uart_dbus_thread_wa
                0x0000000020002420      0x370 /tmp/cci63M3E.ltrans0.ltrans.o
 .bss.SPID4     0x0000000020002790       0x30 /tmp/cci63M3E.ltrans0.ltrans.o
 .bss.SPID5     0x00000000200027c0       0x30 /tmp/cci63M3E.ltrans0.ltrans.o
 .bss.sd_scratchpad
                0x00000000200027f0      0x200 /tmp/cci63M3E.ltrans0.ltrans.o
 .bss.chassis_encoder.lto_priv.120
                0x00000000200029f0       0x80 /tmp/cci63M3E.ltrans2.ltrans.o
                0x00000000200029f0                chassis_encoder.lto_priv.120
 .bss.gimbal_encoder.lto_priv.129
                0x0000000020002a70       0x38 /tmp/cci63M3E.ltrans2.ltrans.o
                0x0000000020002a70                gimbal_encoder.lto_priv.129
 .bss.extra_encoder.lto_priv.130
                0x0000000020002aa8       0x80 /tmp/cci63M3E.ltrans2.ltrans.o
                0x0000000020002aa8                extra_encoder.lto_priv.130
 .bss.Fsid      0x0000000020002b28        0x2 /tmp/cci63M3E.ltrans4.ltrans.o
 *fill*         0x0000000020002b2a        0x2 
 .bss.ep0_state
                0x0000000020002b2c       0x10 /tmp/cci63M3E.ltrans6.ltrans.o
 .bss.ep0setup_buffer
                0x0000000020002b3c        0x8 /tmp/cci63M3E.ltrans6.ltrans.o
 .bss.SDCD1     0x0000000020002b44       0x4c /tmp/cci63M3E.ltrans8.ltrans.o
                0x0000000020002b44                SDCD1
 .bss.fil.lto_priv.87
                0x0000000020002b90      0x224 /tmp/cci63M3E.ltrans8.ltrans.o
                0x0000000020002b90                fil.lto_priv.87
 .bss.EXTD1     0x0000000020002db4        0x8 /tmp/cci63M3E.ltrans8.ltrans.o
                0x0000000020002db4                EXTD1
 .bss.LfnBuf    0x0000000020002dbc      0x200 /tmp/cci63M3E.ltrans8.ltrans.o
 .bss.u         0x0000000020002fbc      0x200 /tmp/cci63M3E.ltrans10.ltrans.o
 .bss.UARTD3    0x00000000200031bc       0x28 /tmp/cci63M3E.ltrans11.ltrans.o
                0x00000000200031bc                UARTD3
 .bss.RC_Ctl.lto_priv.108
                0x00000000200031e4       0x14 /tmp/cci63M3E.ltrans11.ltrans.o
                0x00000000200031e4                RC_Ctl.lto_priv.108
 .bss.rxbuf     0x00000000200031f8       0x12 /tmp/cci63M3E.ltrans11.ltrans.o
 .bss.lock_state
                0x000000002000320a        0x1 /tmp/cci63M3E.ltrans11.ltrans.o
                0x000000002000320a                lock_state
 *fill*         0x000000002000320b        0x1 
 .bss.dma_streams_mask.lto_priv.139
                0x000000002000320c        0x4 /tmp/cci63M3E.ltrans11.ltrans.o
                0x000000002000320c                dma_streams_mask.lto_priv.139
 .bss.UARTD1    0x0000000020003210       0x28 /tmp/cci63M3E.ltrans11.ltrans.o
                0x0000000020003210                UARTD1
 .bss.uart_dbus_thread_handler.lto_priv.109
                0x0000000020003238        0x4 /tmp/cci63M3E.ltrans11.ltrans.o
                0x0000000020003238                uart_dbus_thread_handler.lto_priv.109
 .bss.update_time
                0x000000002000323c        0x4 /tmp/cci63M3E.ltrans11.ltrans.o
 .bss.param_valid_flag.lto_priv.133
                0x0000000020003240        0x4 /tmp/cci63M3E.ltrans12.ltrans.o
                0x0000000020003240                param_valid_flag.lto_priv.133
 .bss.ep1outstate
                0x0000000020003244       0x10 /tmp/cci63M3E.ltrans12.ltrans.o
 .bss.SDU1      0x0000000020003254      0x488 /tmp/cci63M3E.ltrans12.ltrans.o
                0x0000000020003254                SDU1
 .bss.ep2instate
                0x00000000200036dc       0x10 /tmp/cci63M3E.ltrans12.ltrans.o
 .bss.subparams
                0x00000000200036ec      0x100 /tmp/cci63M3E.ltrans12.ltrans.o
 .bss.param_private_flag.lto_priv.134
                0x00000000200037ec        0x4 /tmp/cci63M3E.ltrans12.ltrans.o
                0x00000000200037ec                param_private_flag.lto_priv.134
 .bss.captureDistance.lto_priv.124
                0x00000000200037f0        0x8 /tmp/cci63M3E.ltrans12.ltrans.o
                0x00000000200037f0                captureDistance.lto_priv.124
 .bss.distance_cm.lto_priv.119
                0x00000000200037f8        0x8 /tmp/cci63M3E.ltrans12.ltrans.o
                0x00000000200037f8                distance_cm.lto_priv.119
 .bss.ep1instate
                0x0000000020003800       0x10 /tmp/cci63M3E.ltrans12.ltrans.o
 .bss.MotorOn.lto_priv.93
                0x0000000020003810        0x1 /tmp/cci63M3E.ltrans13.ltrans.o
                0x0000000020003810                MotorOn.lto_priv.93
 *fill*         0x0000000020003811        0x3 
 .bss.logger    0x0000000020003814       0xa8 /tmp/cci63M3E.ltrans13.ltrans.o
                0x0000000020003814                logger
 .bss.CAND1     0x00000000200038bc       0x30 /tmp/cci63M3E.ltrans13.ltrans.o
                0x00000000200038bc                CAND1
 .bss.button_thread_ref
                0x00000000200038ec        0x4 /tmp/cci63M3E.ltrans13.ltrans.o
                0x00000000200038ec                button_thread_ref
 .bss.ch        0x00000000200038f0      0x660 /tmp/cci63M3E.ltrans13.ltrans.o
                0x00000000200038f0                ch
 .bss.matlab_thread_handler
                0x0000000020003f50        0x4 /tmp/cci63M3E.ltrans14.ltrans.o
 *fill*         0x0000000020003f54        0x4 
 .bss.matlab_thread_wa
                0x0000000020003f58      0x370 /tmp/cci63M3E.ltrans14.ltrans.o
 *(COMMON)
                0x00000000200042c8                . = ALIGN (0x4)
                0x00000000200042c8                _bss_end = .
                [!provide]                        PROVIDE (end, .)

.ram0_init      0x00000000200042c8        0x0 load address 0x000000000800c5cc
                0x00000000200042c8                . = ALIGN (0x4)
                0x000000000800c5cc                __ram0_init_text__ = LOADADDR (.ram0_init)
                0x00000000200042c8                __ram0_init__ = .
 *(.ram0_init)
 *(.ram0_init.*)
                0x00000000200042c8                . = ALIGN (0x4)

.ram0           0x00000000200042c8        0x0 load address 0x000000000800c5cc
                0x00000000200042c8                . = ALIGN (0x4)
                0x00000000200042c8                __ram0_clear__ = .
 *(.ram0_clear)
 *(.ram0_clear.*)
                0x00000000200042c8                . = ALIGN (0x4)
                0x00000000200042c8                __ram0_noinit__ = .
 *(.ram0)
 *(.ram0.*)
                0x00000000200042c8                . = ALIGN (0x4)
                0x00000000200042c8                __ram0_free__ = .

.ram1_init      0x0000000020000000        0x0 load address 0x000000000800c5cc
                0x0000000020000000                . = ALIGN (0x4)
                0x000000000800c5cc                __ram1_init_text__ = LOADADDR (.ram1_init)
                0x0000000020000000                __ram1_init__ = .
 *(.ram1_init)
 *(.ram1_init.*)
                0x0000000020000000                . = ALIGN (0x4)

.ram1           0x0000000020000000        0x0 load address 0x000000000800c5cc
                0x0000000020000000                . = ALIGN (0x4)
                0x0000000020000000                __ram1_clear__ = .
 *(.ram1_clear)
 *(.ram1_clear.*)
                0x0000000020000000                . = ALIGN (0x4)
                0x0000000020000000                __ram1_noinit__ = .
 *(.ram1)
 *(.ram1.*)
                0x0000000020000000                . = ALIGN (0x4)
                0x0000000020000000                __ram1_free__ = .

.ram2_init      0x000000002001c000        0x0 load address 0x000000000800c5cc
                0x000000002001c000                . = ALIGN (0x4)
                0x000000000800c5cc                __ram2_init_text__ = LOADADDR (.ram2_init)
                0x000000002001c000                __ram2_init__ = .
 *(.ram2_init)
 *(.ram2_init.*)
                0x000000002001c000                . = ALIGN (0x4)

.ram2           0x000000002001c000        0x0 load address 0x000000000800c5cc
                0x000000002001c000                . = ALIGN (0x4)
                0x000000002001c000                __ram2_clear__ = .
 *(.ram2_clear)
 *(.ram2_clear.*)
                0x000000002001c000                . = ALIGN (0x4)
                0x000000002001c000                __ram2_noinit__ = .
 *(.ram2)
 *(.ram2.*)
                0x000000002001c000                . = ALIGN (0x4)
                0x000000002001c000                __ram2_free__ = .

.ram3_init      0x0000000020020000        0x0 load address 0x000000000800c5cc
                0x0000000020020000                . = ALIGN (0x4)
                0x000000000800c5cc                __ram3_init_text__ = LOADADDR (.ram3_init)
                0x0000000020020000                __ram3_init__ = .
 *(.ram3_init)
 *(.ram3_init.*)
                0x0000000020020000                . = ALIGN (0x4)

.ram3           0x0000000020020000        0x0 load address 0x000000000800c5cc
                0x0000000020020000                . = ALIGN (0x4)
                0x0000000020020000                __ram3_clear__ = .
 *(.ram3_clear)
 *(.ram3_clear.*)
                0x0000000020020000                . = ALIGN (0x4)
                0x0000000020020000                __ram3_noinit__ = .
 *(.ram3)
 *(.ram3.*)
                0x0000000020020000                . = ALIGN (0x4)
                0x0000000020020000                __ram3_free__ = .

.ram4_init      0x0000000010000000        0x0 load address 0x000000000800c5cc
                0x0000000010000000                . = ALIGN (0x4)
                0x000000000800c5cc                __ram4_init_text__ = LOADADDR (.ram4_init)
                0x0000000010000000                __ram4_init__ = .
 *(.ram4_init)
 *(.ram4_init.*)
                0x0000000010000000                . = ALIGN (0x4)

.ram4           0x0000000010000000        0x0 load address 0x000000000800c5cc
                0x0000000010000000                . = ALIGN (0x4)
                0x0000000010000000                __ram4_clear__ = .
 *(.ram4_clear)
 *(.ram4_clear.*)
                0x0000000010000000                . = ALIGN (0x4)
                0x0000000010000000                __ram4_noinit__ = .
 *(.ram4)
 *(.ram4.*)
                0x0000000010000000                . = ALIGN (0x4)
                0x0000000010000000                __ram4_free__ = .

.ram5_init      0x0000000040024000        0x0 load address 0x000000000800c5cc
                0x0000000040024000                . = ALIGN (0x4)
                0x000000000800c5cc                __ram5_init_text__ = LOADADDR (.ram5_init)
                0x0000000040024000                __ram5_init__ = .
 *(.ram5_init)
 *(.ram5_init.*)
                0x0000000040024000                . = ALIGN (0x4)

.ram5           0x0000000040024000        0x0 load address 0x000000000800c5cc
                0x0000000040024000                . = ALIGN (0x4)
                0x0000000040024000                __ram5_clear__ = .
 *(.ram5_clear)
 *(.ram5_clear.*)
                0x0000000040024000                . = ALIGN (0x4)
                0x0000000040024000                __ram5_noinit__ = .
 *(.ram5)
 *(.ram5.*)
                0x0000000040024000                . = ALIGN (0x4)
                0x0000000040024000                __ram5_free__ = .

.ram6_init      0x0000000000000000        0x0 load address 0x000000000800c5cc
                0x0000000000000000                . = ALIGN (0x4)
                0x000000000800c5cc                __ram6_init_text__ = LOADADDR (.ram6_init)
                0x0000000000000000                __ram6_init__ = .
 *(.ram6_init)
 *(.ram6_init.*)
                0x0000000000000000                . = ALIGN (0x4)

.ram6           0x0000000000000000        0x0 load address 0x000000000800c5cc
                0x0000000000000000                . = ALIGN (0x4)
                0x0000000000000000                __ram6_clear__ = .
 *(.ram6_clear)
 *(.ram6_clear.*)
                0x0000000000000000                . = ALIGN (0x4)
                0x0000000000000000                __ram6_noinit__ = .
 *(.ram6)
 *(.ram6.*)
                0x0000000000000000                . = ALIGN (0x4)
                0x0000000000000000                __ram6_free__ = .

.ram7_init      0x0000000000000000        0x0 load address 0x000000000800c5cc
                0x0000000000000000                . = ALIGN (0x4)
                0x000000000800c5cc                __ram7_init_text__ = LOADADDR (.ram7_init)
                0x0000000000000000                __ram7_init__ = .
 *(.ram7_init)
 *(.ram7_init.*)
                0x0000000000000000                . = ALIGN (0x4)

.ram7           0x0000000000000000        0x0 load address 0x000000000800c5cc
                0x0000000000000000                . = ALIGN (0x4)
                0x0000000000000000                __ram7_clear__ = .
 *(.ram7_clear)
 *(.ram7_clear.*)
                0x0000000000000000                . = ALIGN (0x4)
                0x0000000000000000                __ram7_noinit__ = .
 *(.ram7)
 *(.ram7.*)
                0x0000000000000000                . = ALIGN (0x4)
                0x0000000000000000                __ram7_free__ = .

.heap           0x00000000200042c8    0x2bd38
                0x00000000200042c8                . = ALIGN (0x8)
                0x00000000200042c8                __heap_base__ = .
                0x0000000020030000                . = (ORIGIN (HEAP_RAM) + LENGTH (HEAP_RAM))
 *fill*         0x00000000200042c8    0x2bd38 
                0x0000000020030000                __heap_end__ = .
                0x0000000000000400                __process_stack_size__ = 0x400
                0x0000000000000400                __main_stack_size__ = 0x400
LOAD /usr/lib/gcc/arm-none-eabi/4.9.3/../../../arm-none-eabi/lib/armv7e-m/fpu/libm.a
START GROUP
LOAD /usr/lib/gcc/arm-none-eabi/4.9.3/armv7e-m/fpu/libgcc.a
LOAD /usr/lib/gcc/arm-none-eabi/4.9.3/../../../arm-none-eabi/lib/armv7e-m/fpu/libg.a
LOAD /usr/lib/gcc/arm-none-eabi/4.9.3/../../../arm-none-eabi/lib/armv7e-m/fpu/libc.a
END GROUP
OUTPUT(build/ch.elf elf32-littlearm)

.ARM.attributes
                0x0000000000000000       0x35