Archive member included to satisfy reference by file (symbol)

/usr/local/Caskroom/gcc-arm-embedded/6-2017-q2-update/gcc-arm-none-eabi-6-2017-q2-update/bin/../lib/gcc/arm-none-eabi/6.3.1/../../../../arm-none-eabi/lib/thumb/v7e-m/fpv4-sp/hard/libm.a(lib_a-sf_cos.o)
                              /var/folders/v6/kkgzxlbs17l2r1qttt0pkc880000gn/T//ccpVWtyQ.ltrans13.ltrans.o (cosf)
/usr/local/Caskroom/gcc-arm-embedded/6-2017-q2-update/gcc-arm-none-eabi-6-2017-q2-update/bin/../lib/gcc/arm-none-eabi/6.3.1/../../../../arm-none-eabi/lib/thumb/v7e-m/fpv4-sp/hard/libm.a(lib_a-sf_sin.o)
                              /var/folders/v6/kkgzxlbs17l2r1qttt0pkc880000gn/T//ccpVWtyQ.ltrans13.ltrans.o (sinf)
/usr/local/Caskroom/gcc-arm-embedded/6-2017-q2-update/gcc-arm-none-eabi-6-2017-q2-update/bin/../lib/gcc/arm-none-eabi/6.3.1/../../../../arm-none-eabi/lib/thumb/v7e-m/fpv4-sp/hard/libm.a(lib_a-wf_asin.o)
                              /var/folders/v6/kkgzxlbs17l2r1qttt0pkc880000gn/T//ccpVWtyQ.ltrans13.ltrans.o (asinf)
/usr/local/Caskroom/gcc-arm-embedded/6-2017-q2-update/gcc-arm-none-eabi-6-2017-q2-update/bin/../lib/gcc/arm-none-eabi/6.3.1/../../../../arm-none-eabi/lib/thumb/v7e-m/fpv4-sp/hard/libm.a(lib_a-wf_atan2.o)
                              /var/folders/v6/kkgzxlbs17l2r1qttt0pkc880000gn/T//ccpVWtyQ.ltrans13.ltrans.o (atan2f)
/usr/local/Caskroom/gcc-arm-embedded/6-2017-q2-update/gcc-arm-none-eabi-6-2017-q2-update/bin/../lib/gcc/arm-none-eabi/6.3.1/../../../../arm-none-eabi/lib/thumb/v7e-m/fpv4-sp/hard/libm.a(lib_a-wf_sqrt.o)
                              /var/folders/v6/kkgzxlbs17l2r1qttt0pkc880000gn/T//ccpVWtyQ.ltrans13.ltrans.o (sqrtf)
/usr/local/Caskroom/gcc-arm-embedded/6-2017-q2-update/gcc-arm-none-eabi-6-2017-q2-update/bin/../lib/gcc/arm-none-eabi/6.3.1/../../../../arm-none-eabi/lib/thumb/v7e-m/fpv4-sp/hard/libm.a(lib_a-ef_asin.o)
                              /usr/local/Caskroom/gcc-arm-embedded/6-2017-q2-update/gcc-arm-none-eabi-6-2017-q2-update/bin/../lib/gcc/arm-none-eabi/6.3.1/../../../../arm-none-eabi/lib/thumb/v7e-m/fpv4-sp/hard/libm.a(lib_a-wf_asin.o) (__ieee754_asinf)
/usr/local/Caskroom/gcc-arm-embedded/6-2017-q2-update/gcc-arm-none-eabi-6-2017-q2-update/bin/../lib/gcc/arm-none-eabi/6.3.1/../../../../arm-none-eabi/lib/thumb/v7e-m/fpv4-sp/hard/libm.a(lib_a-ef_atan2.o)
                              /usr/local/Caskroom/gcc-arm-embedded/6-2017-q2-update/gcc-arm-none-eabi-6-2017-q2-update/bin/../lib/gcc/arm-none-eabi/6.3.1/../../../../arm-none-eabi/lib/thumb/v7e-m/fpv4-sp/hard/libm.a(lib_a-wf_atan2.o) (__ieee754_atan2f)
/usr/local/Caskroom/gcc-arm-embedded/6-2017-q2-update/gcc-arm-none-eabi-6-2017-q2-update/bin/../lib/gcc/arm-none-eabi/6.3.1/../../../../arm-none-eabi/lib/thumb/v7e-m/fpv4-sp/hard/libm.a(lib_a-ef_rem_pio2.o)
                              /usr/local/Caskroom/gcc-arm-embedded/6-2017-q2-update/gcc-arm-none-eabi-6-2017-q2-update/bin/../lib/gcc/arm-none-eabi/6.3.1/../../../../arm-none-eabi/lib/thumb/v7e-m/fpv4-sp/hard/libm.a(lib_a-sf_cos.o) (__ieee754_rem_pio2f)
/usr/local/Caskroom/gcc-arm-embedded/6-2017-q2-update/gcc-arm-none-eabi-6-2017-q2-update/bin/../lib/gcc/arm-none-eabi/6.3.1/../../../../arm-none-eabi/lib/thumb/v7e-m/fpv4-sp/hard/libm.a(lib_a-ef_sqrt.o)
                              /usr/local/Caskroom/gcc-arm-embedded/6-2017-q2-update/gcc-arm-none-eabi-6-2017-q2-update/bin/../lib/gcc/arm-none-eabi/6.3.1/../../../../arm-none-eabi/lib/thumb/v7e-m/fpv4-sp/hard/libm.a(lib_a-wf_sqrt.o) (__ieee754_sqrtf)
/usr/local/Caskroom/gcc-arm-embedded/6-2017-q2-update/gcc-arm-none-eabi-6-2017-q2-update/bin/../lib/gcc/arm-none-eabi/6.3.1/../../../../arm-none-eabi/lib/thumb/v7e-m/fpv4-sp/hard/libm.a(lib_a-kf_cos.o)
                              /usr/local/Caskroom/gcc-arm-embedded/6-2017-q2-update/gcc-arm-none-eabi-6-2017-q2-update/bin/../lib/gcc/arm-none-eabi/6.3.1/../../../../arm-none-eabi/lib/thumb/v7e-m/fpv4-sp/hard/libm.a(lib_a-sf_cos.o) (__kernel_cosf)
/usr/local/Caskroom/gcc-arm-embedded/6-2017-q2-update/gcc-arm-none-eabi-6-2017-q2-update/bin/../lib/gcc/arm-none-eabi/6.3.1/../../../../arm-none-eabi/lib/thumb/v7e-m/fpv4-sp/hard/libm.a(lib_a-kf_rem_pio2.o)
                              /usr/local/Caskroom/gcc-arm-embedded/6-2017-q2-update/gcc-arm-none-eabi-6-2017-q2-update/bin/../lib/gcc/arm-none-eabi/6.3.1/../../../../arm-none-eabi/lib/thumb/v7e-m/fpv4-sp/hard/libm.a(lib_a-ef_rem_pio2.o) (__kernel_rem_pio2f)
/usr/local/Caskroom/gcc-arm-embedded/6-2017-q2-update/gcc-arm-none-eabi-6-2017-q2-update/bin/../lib/gcc/arm-none-eabi/6.3.1/../../../../arm-none-eabi/lib/thumb/v7e-m/fpv4-sp/hard/libm.a(lib_a-kf_sin.o)
                              /usr/local/Caskroom/gcc-arm-embedded/6-2017-q2-update/gcc-arm-none-eabi-6-2017-q2-update/bin/../lib/gcc/arm-none-eabi/6.3.1/../../../../arm-none-eabi/lib/thumb/v7e-m/fpv4-sp/hard/libm.a(lib_a-sf_cos.o) (__kernel_sinf)
[...]
Memory Configuration

Name             Origin             Length             Attributes
flash            0x0000000008000000 0x0000000000200000
ram0             0x0000000020000000 0x0000000000030000
ram1             0x0000000020000000 0x000000000001c000
ram2             0x000000002001c000 0x0000000000004000
ram3             0x0000000020020000 0x0000000000010000
ram4             0x0000000010000000 0x0000000000010000
ram5             0x0000000040024000 0x0000000000001000
ram6             0x0000000000000000 0x0000000000000000
ram7             0x0000000000000000 0x0000000000000000
*default*        0x0000000000000000 0xffffffffffffffff

Linker script and memory map

LOAD build/obj/crt0_v7m.o
LOAD build/obj/chcoreasm_v7m.o
LOAD build/obj/crt1.o
LOAD /var/folders/v6/kkgzxlbs17l2r1qttt0pkc880000gn/T//ccpVWtyQ.ltrans0.ltrans.o
LOAD /var/folders/v6/kkgzxlbs17l2r1qttt0pkc880000gn/T//ccpVWtyQ.ltrans1.ltrans.o
LOAD /var/folders/v6/kkgzxlbs17l2r1qttt0pkc880000gn/T//ccpVWtyQ.ltrans2.ltrans.o
LOAD /var/folders/v6/kkgzxlbs17l2r1qttt0pkc880000gn/T//ccpVWtyQ.ltrans3.ltrans.o
LOAD /var/folders/v6/kkgzxlbs17l2r1qttt0pkc880000gn/T//ccpVWtyQ.ltrans4.ltrans.o
LOAD /var/folders/v6/kkgzxlbs17l2r1qttt0pkc880000gn/T//ccpVWtyQ.ltrans5.ltrans.o
LOAD /var/folders/v6/kkgzxlbs17l2r1qttt0pkc880000gn/T//ccpVWtyQ.ltrans6.ltrans.o
LOAD /var/folders/v6/kkgzxlbs17l2r1qttt0pkc880000gn/T//ccpVWtyQ.ltrans7.ltrans.o
LOAD /var/folders/v6/kkgzxlbs17l2r1qttt0pkc880000gn/T//ccpVWtyQ.ltrans8.ltrans.o
LOAD /var/folders/v6/kkgzxlbs17l2r1qttt0pkc880000gn/T//ccpVWtyQ.ltrans9.ltrans.o
LOAD /var/folders/v6/kkgzxlbs17l2r1qttt0pkc880000gn/T//ccpVWtyQ.ltrans10.ltrans.o
LOAD /var/folders/v6/kkgzxlbs17l2r1qttt0pkc880000gn/T//ccpVWtyQ.ltrans11.ltrans.o
LOAD /var/folders/v6/kkgzxlbs17l2r1qttt0pkc880000gn/T//ccpVWtyQ.ltrans12.ltrans.o
LOAD /var/folders/v6/kkgzxlbs17l2r1qttt0pkc880000gn/T//ccpVWtyQ.ltrans13.ltrans.o
LOAD /var/folders/v6/kkgzxlbs17l2r1qttt0pkc880000gn/T//ccpVWtyQ.ltrans14.ltrans.o
LOAD /var/folders/v6/kkgzxlbs17l2r1qttt0pkc880000gn/T//ccpVWtyQ.ltrans15.ltrans.o
LOAD /var/folders/v6/kkgzxlbs17l2r1qttt0pkc880000gn/T//ccpVWtyQ.ltrans16.ltrans.o
LOAD /var/folders/v6/kkgzxlbs17l2r1qttt0pkc880000gn/T//ccpVWtyQ.ltrans17.ltrans.o
LOAD build/obj/vectors.o
LOAD build/obj/chsys.o
LOAD build/obj/chdebug.o
LOAD build/obj/chvt.o
LOAD build/obj/chschd.o
LOAD build/obj/chthreads.o
LOAD build/obj/chtm.o
LOAD build/obj/chstats.o
LOAD build/obj/chdynamic.o
LOAD build/obj/chregistry.o
LOAD build/obj/chsem.o
LOAD build/obj/chmtx.o
LOAD build/obj/chcond.o
LOAD build/obj/chevents.o
LOAD build/obj/chmsg.o
LOAD build/obj/chmboxes.o
LOAD build/obj/chqueues.o
LOAD build/obj/chmemcore.o
LOAD build/obj/chheap.o
LOAD build/obj/chmempools.o
LOAD build/obj/chcore.o
LOAD build/obj/chcore_v7m.o
LOAD build/obj/osal.o
LOAD build/obj/hal.o
LOAD build/obj/st.o
LOAD build/obj/hal_buffers.o
LOAD build/obj/hal_queues.o
LOAD build/obj/hal_mmcsd.o
LOAD build/obj/can.o
LOAD build/obj/ext.o
LOAD build/obj/gpt.o
LOAD build/obj/pal.o
LOAD build/obj/pwm.o
LOAD build/obj/sdc.o
LOAD build/obj/serial_usb.o
LOAD build/obj/spi.o
LOAD build/obj/uart.o
LOAD build/obj/usb.o
LOAD build/obj/nvic.o
LOAD build/obj/hal_lld.o
LOAD build/obj/stm32_dma.o
LOAD build/obj/st_lld.o
LOAD build/obj/can_lld.o
LOAD build/obj/ext_lld.o
LOAD build/obj/ext_lld_isr.o
LOAD build/obj/pal_lld.o
LOAD build/obj/usb_lld.o
LOAD build/obj/sdc_lld.o
LOAD build/obj/spi_lld.o
LOAD build/obj/gpt_lld.o
LOAD build/obj/pwm_lld.o
LOAD build/obj/uart_lld.o
LOAD build/obj/board.o
LOAD build/obj/arm_pid_init_f32.o
LOAD build/obj/fatfs_diskio.o
LOAD build/obj/fatfs_syscall.o
LOAD build/obj/ff.o
LOAD build/obj/unicode.o
LOAD build/obj/shell.o
LOAD build/obj/evtimer.o
LOAD build/obj/syscalls.o
LOAD build/obj/memstreams.o
LOAD build/obj/chprintf.o
LOAD build/obj/main.o
LOAD build/obj/shellcfg.o
LOAD build/obj/flash.o
LOAD build/obj/tft_display.o
LOAD build/obj/mpu6500.o
LOAD build/obj/attitude.o
LOAD build/obj/ist8310.o
LOAD build/obj/math_misc.o
LOAD build/obj/canBusProcess.o
LOAD build/obj/dbus.o
LOAD build/obj/gimbal.o
LOAD build/obj/params.o
LOAD build/obj/usbcfg.o
LOAD build/obj/calibrate_sensor.o
LOAD build/obj/feeder.o
LOAD build/obj/exti.o
LOAD build/obj/imu_temp.o
LOAD build/obj/chassis.o
LOAD build/obj/lift.o
LOAD build/obj/adis16265.o
LOAD build/obj/sdlog.o
LOAD build/obj/rangefinder.o
                0x0000000020000000                __ram0_start__ = ORIGIN (ram0)
                0x0000000000030000                __ram0_size__ = LENGTH (ram0)
                0x0000000020030000                __ram0_end__ = (__ram0_start__ + __ram0_size__)
                0x0000000020000000                __ram1_start__ = ORIGIN (ram1)
                0x000000000001c000                __ram1_size__ = LENGTH (ram1)
                0x000000002001c000                __ram1_end__ = (__ram1_start__ + __ram1_size__)
                0x000000002001c000                __ram2_start__ = ORIGIN (ram2)
                0x0000000000004000                __ram2_size__ = LENGTH (ram2)
                0x0000000020020000                __ram2_end__ = (__ram2_start__ + __ram2_size__)
                0x0000000020020000                __ram3_start__ = ORIGIN (ram3)
                0x0000000000010000                __ram3_size__ = LENGTH (ram3)
                0x0000000020030000                __ram3_end__ = (__ram3_start__ + __ram3_size__)
                0x0000000010000000                __ram4_start__ = ORIGIN (ram4)
                0x0000000000010000                __ram4_size__ = LENGTH (ram4)
                0x0000000010010000                __ram4_end__ = (__ram4_start__ + __ram4_size__)
                0x0000000040024000                __ram5_start__ = ORIGIN (ram5)
                0x0000000000001000                __ram5_size__ = LENGTH (ram5)
                0x0000000040025000                __ram5_end__ = (__ram5_start__ + __ram5_size__)
                0x0000000000000000                __ram6_start__ = ORIGIN (ram6)
                0x0000000000000000                __ram6_size__ = LENGTH (ram6)
                0x0000000000000000                __ram6_end__ = (__ram6_start__ + __ram6_size__)
                0x0000000000000000                __ram7_start__ = ORIGIN (ram7)
                0x0000000000000000                __ram7_size__ = LENGTH (ram7)
                0x0000000000000000                __ram7_end__ = (__ram7_start__ + __ram7_size__)
                0x0000000000000000                . = 0x0
                0x0000000000000000                _text = .

startup         0x0000000008000000      0x1c0
 *(.vectors)
 .vectors       0x0000000008000000      0x1c0 /var/folders/v6/kkgzxlbs17l2r1qttt0pkc880000gn/T//ccpVWtyQ.ltrans3.ltrans.o
                0x0000000008000000                _vectors

constructors    0x00000000080001c0        0x0
                0x00000000080001c0                __init_array_start = .
 *(SORT(.init_array.*))
 *(.init_array)
                0x00000000080001c0                __init_array_end = .

destructors     0x00000000080001c0        0x0
                0x00000000080001c0                __fini_array_start = .
 *(.fini_array)
 *(SORT(.fini_array.*))
                0x00000000080001c0                __fini_array_end = .

.text           0x00000000080001c0    0x11ff0
 *(.text)
 .text          0x00000000080001c0      0x108 build/obj/crt0_v7m.o
                0x00000000080001c0                Reset_Handler
 *fill*         0x00000000080002c8        0x8 
 .text          0x00000000080002d0       0x48 build/obj/chcoreasm_v7m.o
                0x00000000080002d0                _port_switch
                0x00000000080002e8                _port_thread_start
                0x0000000008000300                _port_switch_from_isr
                0x0000000008000314                _port_exit_from_isr
 *fill*         0x0000000008000318        0x8 
 .text          0x0000000008000320      0x370 /usr/local/Caskroom/gcc-arm-embedded/6-2017-q2-update/gcc-arm-none-eabi-6-2017-q2-update/bin/../lib/gcc/arm-none-eabi/6.3.1/thumb/v7e-m/fpv4-sp/hard/libgcc.a(_arm_addsubdf3.o)
                0x0000000008000320                __aeabi_drsub
                0x0000000008000328                __subdf3
                0x0000000008000328                __aeabi_dsub
                0x000000000800032c                __aeabi_dadd
                0x000000000800032c                __adddf3
                0x00000000080005a4                __aeabi_ui2d
                0x00000000080005a4                __floatunsidf
                0x00000000080005c4                __floatsidf
                0x00000000080005c4                __aeabi_i2d
                0x00000000080005e8                __extendsfdf2
                0x00000000080005e8                __aeabi_f2d
                0x0000000008000624                __aeabi_ul2d
                0x0000000008000624                __floatundidf
                0x0000000008000634                __aeabi_l2d
                0x0000000008000634                __floatdidf
 .text          0x0000000008000690      0x424 /usr/local/Caskroom/gcc-arm-embedded/6-2017-q2-update/gcc-arm-none-eabi-6-2017-q2-update/bin/../lib/gcc/arm-none-eabi/6.3.1/thumb/v7e-m/fpv4-sp/hard/libgcc.a(_arm_muldivdf3.o)
                0x0000000008000690                __aeabi_dmul
                0x0000000008000690                __muldf3
                0x00000000080008e4                __aeabi_ddiv
                0x00000000080008e4                __divdf3
 *fill*         0x0000000008000ab4        0xc 
 .text          0x0000000008000ac0       0x50 /usr/local/Caskroom/gcc-arm-embedded/6-2017-q2-update/gcc-arm-none-eabi-6-2017-q2-update/bin/../lib/gcc/arm-none-eabi/6.3.1/thumb/v7e-m/fpv4-sp/hard/libgcc.a(_arm_fixdfsi.o)
                0x0000000008000ac0                __fixdfsi
                0x0000000008000ac0                __aeabi_d2iz
 .text          0x0000000008000b10       0xa0 /usr/local/Caskroom/gcc-arm-embedded/6-2017-q2-update/gcc-arm-none-eabi-6-2017-q2-update/bin/../lib/gcc/arm-none-eabi/6.3.1/thumb/v7e-m/fpv4-sp/hard/libgcc.a(_arm_truncdfsf2.o)
                0x0000000008000b10                __aeabi_d2f
                0x0000000008000b10                __truncdfsf2
 .text          0x0000000008000bb0      0x134 /usr/local/Caskroom/gcc-arm-embedded/6-2017-q2-update/gcc-arm-none-eabi-6-2017-q2-update/bin/../lib/gcc/arm-none-eabi/6.3.1/../../../../arm-none-eabi/lib/thumb/v7e-m/fpv4-sp/hard/libg.a(lib_a-memcpy.o)
                0x0000000008000bb0                memcpy
 *fill*         0x0000000008000ce4        0xc 
 .text          0x0000000008000cf0      0x2dc /usr/local/Caskroom/gcc-arm-embedded/6-2017-q2-update/gcc-arm-none-eabi-6-2017-q2-update/bin/../lib/gcc/arm-none-eabi/6.3.1/../../../../arm-none-eabi/lib/thumb/v7e-m/fpv4-sp/hard/libg.a(lib_a-strcmp.o)
                0x0000000008000cf8                strcmp
 *fill*         0x0000000008000fcc        0x4 
 .text          0x0000000008000fd0       0xdc /usr/local/Caskroom/gcc-arm-embedded/6-2017-q2-update/gcc-arm-none-eabi-6-2017-q2-update/bin/../lib/gcc/arm-none-eabi/6.3.1/../../../../arm-none-eabi/lib/thumb/v7e-m/fpv4-sp/hard/libg.a(lib_a-strlen.o)
                0x0000000008000fd0                strlen
 *(.text.*)
 *fill*         0x00000000080010ac        0x4 
 .text.startup.main
                0x00000000080010b0     0x19f8 /var/folders/v6/kkgzxlbs17l2r1qttt0pkc880000gn/T//ccpVWtyQ.ltrans0.ltrans.o
                0x00000000080010b0                main
 *fill*         0x0000000008002aa8        0x8 
 .text.SVC_Handler
                0x0000000008002ab0       0x2c /var/folders/v6/kkgzxlbs17l2r1qttt0pkc880000gn/T//ccpVWtyQ.ltrans1.ltrans.o
                0x0000000008002ab0                SVC_Handler
 *fill*         0x0000000008002adc        0x4 
 .text._idle_thread.lto_priv.169
                0x0000000008002ae0        0x4 /var/folders/v6/kkgzxlbs17l2r1qttt0pkc880000gn/T//ccpVWtyQ.ltrans1.ltrans.o
                0x0000000008002ae0                _idle_thread.lto_priv.169
 *fill*         0x0000000008002ae4        0xc 
 .text._mmcsd_get_slice
                0x0000000008002af0       0x64 /var/folders/v6/kkgzxlbs17l2r1qttt0pkc880000gn/T//ccpVWtyQ.ltrans1.ltrans.o
                0x0000000008002af0                _mmcsd_get_slice
 *fill*         0x0000000008002b54        0xc 
 .text.unlikely._mmcsd_get_capacity
                0x0000000008002b60       0x6c /var/folders/v6/kkgzxlbs17l2r1qttt0pkc880000gn/T//ccpVWtyQ.ltrans1.ltrans.o
                0x0000000008002b60                _mmcsd_get_capacity
 *fill*         0x0000000008002bcc        0x4 
 .text.stSetAlarm
                0x0000000008002bd0       0x20 /var/folders/v6/kkgzxlbs17l2r1qttt0pkc880000gn/T//ccpVWtyQ.ltrans1.ltrans.o
                0x0000000008002bd0                stSetAlarm
 .text._port_irq_epilogue
                0x0000000008002bf0       0x6c /var/folders/v6/kkgzxlbs17l2r1qttt0pkc880000gn/T//ccpVWtyQ.ltrans1.ltrans.o
                0x0000000008002bf0                _port_irq_epilogue
 *fill*         0x0000000008002c5c        0x4 
 .text._stats_increase_irq
                0x0000000008002c60       0x20 /var/folders/v6/kkgzxlbs17l2r1qttt0pkc880000gn/T//ccpVWtyQ.ltrans1.ltrans.o
                0x0000000008002c60                _stats_increase_irq
 .text.chTMChainMeasurementToX
                0x0000000008002c80       0x3c /var/folders/v6/kkgzxlbs17l2r1qttt0pkc880000gn/T//ccpVWtyQ.ltrans1.ltrans.o
                0x0000000008002c80                chTMChainMeasurementToX
 *fill*         0x0000000008002cbc        0x4 
 .text.chTMStopMeasurementX
                0x0000000008002cc0       0x44 /var/folders/v6/kkgzxlbs17l2r1qttt0pkc880000gn/T//ccpVWtyQ.ltrans1.ltrans.o
                0x0000000008002cc0                chTMStopMeasurementX
 *fill*         0x0000000008002d04        0xc 
 .text._stats_stop_measure_crit_isr
                0x0000000008002d10        0xc /var/folders/v6/kkgzxlbs17l2r1qttt0pkc880000gn/T//ccpVWtyQ.ltrans1.ltrans.o
                0x0000000008002d10                _stats_stop_measure_crit_isr
 *fill*         0x0000000008002d1c        0x4 
 .text._stats_stop_measure_crit_thd
                0x0000000008002d20        0xc /var/folders/v6/kkgzxlbs17l2r1qttt0pkc880000gn/T//ccpVWtyQ.ltrans1.ltrans.o
                0x0000000008002d20                _stats_stop_measure_crit_thd
 *fill*         0x0000000008002d2c        0x4 
 .text.chTMStartMeasurementX
                0x0000000008002d30        0xc /var/folders/v6/kkgzxlbs17l2r1qttt0pkc880000gn/T//ccpVWtyQ.ltrans1.ltrans.o
                0x0000000008002d30                chTMStartMeasurementX
 *fill*         0x0000000008002d3c        0x4 
 .text._stats_start_measure_crit_isr
                0x0000000008002d40        0xc /var/folders/v6/kkgzxlbs17l2r1qttt0pkc880000gn/T//ccpVWtyQ.ltrans1.ltrans.o
                0x0000000008002d40                _stats_start_measure_crit_isr
 *fill*         0x0000000008002d4c        0x4 
 .text._stats_start_measure_crit_thd
                0x0000000008002d50        0xc /var/folders/v6/kkgzxlbs17l2r1qttt0pkc880000gn/T//ccpVWtyQ.ltrans1.ltrans.o
                0x0000000008002d50                _stats_start_measure_crit_thd
 *fill*         0x0000000008002d5c        0x4 
 .text._dbg_trace
                0x0000000008002d60       0x38 /var/folders/v6/kkgzxlbs17l2r1qttt0pkc880000gn/T//ccpVWtyQ.ltrans1.ltrans.o
                0x0000000008002d60                _dbg_trace
 *fill*         0x0000000008002d98        0x8 
 .text.chSchDoRescheduleAhead
                0x0000000008002da0       0x78 /var/folders/v6/kkgzxlbs17l2r1qttt0pkc880000gn/T//ccpVWtyQ.ltrans1.ltrans.o
 *fill*         0x0000000008002e18        0x8 
 .text.chSchDoReschedule
                0x0000000008002e20        0x4 /var/folders/v6/kkgzxlbs17l2r1qttt0pkc880000gn/T//ccpVWtyQ.ltrans1.ltrans.o
                0x0000000008002e20                chSchDoReschedule
 *fill*         0x0000000008002e24        0xc 
 .text.chDbgCheckClassS
                0x0000000008002e30       0x20 /var/folders/v6/kkgzxlbs17l2r1qttt0pkc880000gn/T//ccpVWtyQ.ltrans1.ltrans.o
                0x0000000008002e30                chDbgCheckClassS
 .text.obqPostFullBufferS
                0x0000000008002e50       0x5c /var/folders/v6/kkgzxlbs17l2r1qttt0pkc880000gn/T//ccpVWtyQ.ltrans1.ltrans.o
 *fill*         0x0000000008002eac        0x4 
 .text.ibqReleaseEmptyBufferS
                0x0000000008002eb0       0x44 /var/folders/v6/kkgzxlbs17l2r1qttt0pkc880000gn/T//ccpVWtyQ.ltrans1.ltrans.o
 *fill*         0x0000000008002ef4        0xc 
 .text.chSchGoSleepS
                0x0000000008002f00       0x64 /var/folders/v6/kkgzxlbs17l2r1qttt0pkc880000gn/T//ccpVWtyQ.ltrans1.ltrans.o
                0x0000000008002f00                chSchGoSleepS
 *fill*         0x0000000008002f64        0xc 
 .text.chThdSuspendS
                0x0000000008002f70       0x30 /var/folders/v6/kkgzxlbs17l2r1qttt0pkc880000gn/T//ccpVWtyQ.ltrans1.ltrans.o
                0x0000000008002f70                chThdSuspendS
 .text.chDbgCheckClassI
                0x0000000008002fa0       0x20 /var/folders/v6/kkgzxlbs17l2r1qttt0pkc880000gn/T//ccpVWtyQ.ltrans1.ltrans.o
                0x0000000008002fa0                chDbgCheckClassI
 .text.obqGetFullBufferI
                0x0000000008002fc0       0x24 /var/folders/v6/kkgzxlbs17l2r1qttt0pkc880000gn/T//ccpVWtyQ.ltrans1.ltrans.o
                0x0000000008002fc0                obqGetFullBufferI
 *fill*         0x0000000008002fe4        0xc 
 .text.chThdCreateI
                0x0000000008002ff0       0x98 /var/folders/v6/kkgzxlbs17l2r1qttt0pkc880000gn/T//ccpVWtyQ.ltrans1.ltrans.o
                0x0000000008002ff0                chThdCreateI
 *fill*         0x0000000008003088        0x8 
 .text.chSchRescheduleS
                0x0000000008003090       0x28 /var/folders/v6/kkgzxlbs17l2r1qttt0pkc880000gn/T//ccpVWtyQ.ltrans1.ltrans.o
                0x0000000008003090                chSchRescheduleS
 *fill*         0x00000000080030b8        0x8 
 .text.chSchGoSleepTimeoutS
                0x00000000080030c0      0x164 /var/folders/v6/kkgzxlbs17l2r1qttt0pkc880000gn/T//ccpVWtyQ.ltrans1.ltrans.o
                0x00000000080030c0                chSchGoSleepTimeoutS
 *fill*         0x0000000008003224        0xc 
 .text.chThdEnqueueTimeoutS
                0x0000000008003230       0x28 /var/folders/v6/kkgzxlbs17l2r1qttt0pkc880000gn/T//ccpVWtyQ.ltrans1.ltrans.o
                0x0000000008003230                chThdEnqueueTimeoutS
 *fill*         0x0000000008003258        0x8 
 .text.obqGetEmptyBufferTimeoutS
                0x0000000008003260       0x44 /var/folders/v6/kkgzxlbs17l2r1qttt0pkc880000gn/T//ccpVWtyQ.ltrans1.ltrans.o
 *fill*         0x00000000080032a4        0xc 
 .text.ibqGetFullBufferTimeoutS
                0x00000000080032b0       0x44 /var/folders/v6/kkgzxlbs17l2r1qttt0pkc880000gn/T//ccpVWtyQ.ltrans1.ltrans.o
 *fill*         0x00000000080032f4        0xc 
 .text.chSchReadyI
                0x0000000008003300       0x50 /var/folders/v6/kkgzxlbs17l2r1qttt0pkc880000gn/T//ccpVWtyQ.ltrans1.ltrans.o
                0x0000000008003300                chSchReadyI
 .text.chEvtBroadcastFlagsI
                0x0000000008003350       0x8c /var/folders/v6/kkgzxlbs17l2r1qttt0pkc880000gn/T//ccpVWtyQ.ltrans1.ltrans.o
                0x0000000008003350                chEvtBroadcastFlagsI
 *fill*         0x00000000080033dc        0x4 
 .text.chThdDequeueAllI
                0x00000000080033e0       0x3c /var/folders/v6/kkgzxlbs17l2r1qttt0pkc880000gn/T//ccpVWtyQ.ltrans1.ltrans.o
                0x00000000080033e0                chThdDequeueAllI
 *fill*         0x000000000800341c        0x4 
 .text.chThdResumeI
                0x0000000008003420       0x2c /var/folders/v6/kkgzxlbs17l2r1qttt0pkc880000gn/T//ccpVWtyQ.ltrans1.ltrans.o
                0x0000000008003420                chThdResumeI
 *fill*         0x000000000800344c        0x4 
 .text.chThdExitS
                0x0000000008003450       0x4c /var/folders/v6/kkgzxlbs17l2r1qttt0pkc880000gn/T//ccpVWtyQ.ltrans1.ltrans.o
                0x0000000008003450                chThdExitS
 *fill*         0x000000000800349c        0x4 
 .text._dbg_check_leave_isr
                0x00000000080034a0       0x2c /var/folders/v6/kkgzxlbs17l2r1qttt0pkc880000gn/T//ccpVWtyQ.ltrans1.ltrans.o
                0x00000000080034a0                _dbg_check_leave_isr
 *fill*         0x00000000080034cc        0x4 
 .text._dbg_check_enter_isr
                0x00000000080034d0       0x2c /var/folders/v6/kkgzxlbs17l2r1qttt0pkc880000gn/T//ccpVWtyQ.ltrans1.ltrans.o
                0x00000000080034d0                _dbg_check_enter_isr
 *fill*         0x00000000080034fc        0x4 
 .text._dbg_check_unlock_from_isr
                0x0000000008003500       0x24 /var/folders/v6/kkgzxlbs17l2r1qttt0pkc880000gn/T//ccpVWtyQ.ltrans1.ltrans.o
                0x0000000008003500                _dbg_check_unlock_from_isr
 *fill*         0x0000000008003524        0xc 
 .text._dbg_check_lock_from_isr
                0x0000000008003530       0x24 /var/folders/v6/kkgzxlbs17l2r1qttt0pkc880000gn/T//ccpVWtyQ.ltrans1.ltrans.o
                0x0000000008003530                _dbg_check_lock_from_isr
 *fill*         0x0000000008003554        0xc 
 .text.wakeup   0x0000000008003560       0x6c /var/folders/v6/kkgzxlbs17l2r1qttt0pkc880000gn/T//ccpVWtyQ.ltrans1.ltrans.o
 *fill*         0x00000000080035cc        0x4 
 .text._dbg_check_unlock
                0x00000000080035d0       0x20 /var/folders/v6/kkgzxlbs17l2r1qttt0pkc880000gn/T//ccpVWtyQ.ltrans1.ltrans.o
                0x00000000080035d0                _dbg_check_unlock
 .text._dbg_check_lock
                0x00000000080035f0       0x20 /var/folders/v6/kkgzxlbs17l2r1qttt0pkc880000gn/T//ccpVWtyQ.ltrans1.ltrans.o
                0x00000000080035f0                _dbg_check_lock
 .text.obqWriteTimeout
                0x0000000008003610      0x16c /var/folders/v6/kkgzxlbs17l2r1qttt0pkc880000gn/T//ccpVWtyQ.ltrans1.ltrans.o
                0x0000000008003610                obqWriteTimeout
 *fill*         0x000000000800377c        0x4 
 .text.obqPutTimeout
                0x0000000008003780       0xa0 /var/folders/v6/kkgzxlbs17l2r1qttt0pkc880000gn/T//ccpVWtyQ.ltrans1.ltrans.o
                0x0000000008003780                obqPutTimeout
 .text.ibqReadTimeout
                0x0000000008003820      0x160 /var/folders/v6/kkgzxlbs17l2r1qttt0pkc880000gn/T//ccpVWtyQ.ltrans1.ltrans.o
                0x0000000008003820                ibqReadTimeout
 .text.ibqGetTimeout
                0x0000000008003980       0x8c /var/folders/v6/kkgzxlbs17l2r1qttt0pkc880000gn/T//ccpVWtyQ.ltrans1.ltrans.o
                0x0000000008003980                ibqGetTimeout
 *fill*         0x0000000008003a0c        0x4 
 .text.chCoreAlloc
                0x0000000008003a10       0x70 /var/folders/v6/kkgzxlbs17l2r1qttt0pkc880000gn/T//ccpVWtyQ.ltrans1.ltrans.o
                0x0000000008003a10                chCoreAlloc
 .text.chThdExit
                0x0000000008003a80       0x18 /var/folders/v6/kkgzxlbs17l2r1qttt0pkc880000gn/T//ccpVWtyQ.ltrans1.ltrans.o
                0x0000000008003a80                chThdExit
 *fill*         0x0000000008003a98        0x8 
 .text.chThdSleepUntil
                0x0000000008003aa0       0x54 /var/folders/v6/kkgzxlbs17l2r1qttt0pkc880000gn/T//ccpVWtyQ.ltrans1.ltrans.o
                0x0000000008003aa0                chThdSleepUntil
 *fill*         0x0000000008003af4        0xc 
 .text.chThdSleep
                0x0000000008003b00       0x5c /var/folders/v6/kkgzxlbs17l2r1qttt0pkc880000gn/T//ccpVWtyQ.ltrans1.ltrans.o
                0x0000000008003b00                chThdSleep
 *fill*         0x0000000008003b5c        0x4 
 .text.chThdCreateStatic
                0x0000000008003b60       0x8c /var/folders/v6/kkgzxlbs17l2r1qttt0pkc880000gn/T//ccpVWtyQ.ltrans1.ltrans.o
                0x0000000008003b60                chThdCreateStatic
 *fill*         0x0000000008003bec        0x4 
 .text.chSysPolledDelayX
                0x0000000008003bf0       0x14 /var/folders/v6/kkgzxlbs17l2r1qttt0pkc880000gn/T//ccpVWtyQ.ltrans1.ltrans.o
                0x0000000008003bf0                chSysPolledDelayX
 *fill*         0x0000000008003c04        0xc 
 .text._unhandled_exception
                0x0000000008003c10        0x4 /var/folders/v6/kkgzxlbs17l2r1qttt0pkc880000gn/T//ccpVWtyQ.ltrans1.ltrans.o
                0x0000000008003c10                Vector18C
                0x0000000008003c10                Vector1A0
                0x0000000008003c10                Vector11C
                0x0000000008003c10                HardFault_Handler
                0x0000000008003c10                Vector1B8
                0x0000000008003c10                Vector19C
                0x0000000008003c10                SysTick_Handler
                0x0000000008003c10                PendSV_Handler
                0x0000000008003c10                Vector168
                0x0000000008003c10                NMI_Handler
                0x0000000008003c10                Vector110
                0x0000000008003c10                VectorC8
                0x0000000008003c10                VectorA8
                0x0000000008003c10                Vector160
                0x0000000008003c10                Vector1B0
                0x0000000008003c10                UsageFault_Handler
                0x0000000008003c10                Vector40
                0x0000000008003c10                VectorBC
                0x0000000008003c10                Vector190
                0x0000000008003c10                Vector188
                0x0000000008003c10                Vector198
                0x0000000008003c10                Vector118
                0x0000000008003c10                VectorCC
                0x0000000008003c10                Vector54
                0x0000000008003c10                VectorD8
                0x0000000008003c10                Vector24
                0x0000000008003c10                Vector1AC
                0x0000000008003c10                Vector178
                0x0000000008003c10                Vector1A4
                0x0000000008003c10                VectorD0
                0x0000000008003c10                Vector1B4
                0x0000000008003c10                VectorC0
                0x0000000008003c10                Vector134
                0x0000000008003c10                Vector100
                0x0000000008003c10                VectorF4
                0x0000000008003c10                MemManage_Handler
                0x0000000008003c10                VectorA0
                0x0000000008003c10                VectorC4
                0x0000000008003c10                Vector180
                0x0000000008003c10                Vector114
                0x0000000008003c10                Vector164
                0x0000000008003c10                Vector1C
                0x0000000008003c10                Vector1BC
                0x0000000008003c10                Vector17C
                0x0000000008003c10                Vector1A8
                0x0000000008003c10                Vector16C
                0x0000000008003c10                Vector15C
                0x0000000008003c10                _unhandled_exception
                0x0000000008003c10                Vector88
                0x0000000008003c10                Vector184
                0x0000000008003c10                Vector10C
                0x0000000008003c10                BusFault_Handler
                0x0000000008003c10                Vector50
                0x0000000008003c10                Vector194
                0x0000000008003c10                Vector28
                0x0000000008003c10                VectorB8
                0x0000000008003c10                Vector34
                0x0000000008003c10                Vector20
                0x0000000008003c10                DebugMon_Handler
 *fill*         0x0000000008003c14        0xc 
 .text.__init_ram_areas
                0x0000000008003c20       0x64 /var/folders/v6/kkgzxlbs17l2r1qttt0pkc880000gn/T//ccpVWtyQ.ltrans1.ltrans.o
                0x0000000008003c20                __init_ram_areas
 *fill*         0x0000000008003c84        0xc 
 .text.__default_exit
                0x0000000008003c90        0x4 /var/folders/v6/kkgzxlbs17l2r1qttt0pkc880000gn/T//ccpVWtyQ.ltrans1.ltrans.o
                0x0000000008003c90                __default_exit
 *fill*         0x0000000008003c94        0xc 
 .text.__late_init
                0x0000000008003ca0        0x4 /var/folders/v6/kkgzxlbs17l2r1qttt0pkc880000gn/T//ccpVWtyQ.ltrans1.ltrans.o
                0x0000000008003ca0                __late_init
 *fill*         0x0000000008003ca4        0xc 
 .text.__core_init
                0x0000000008003cb0        0x4 /var/folders/v6/kkgzxlbs17l2r1qttt0pkc880000gn/T//ccpVWtyQ.ltrans1.ltrans.o
                0x0000000008003cb0                __core_init
 *fill*         0x0000000008003cb4        0xc 
 .text.can_rx.lto_priv.162
                0x0000000008003cc0      0xdac /var/folders/v6/kkgzxlbs17l2r1qttt0pkc880000gn/T//ccpVWtyQ.ltrans2.ltrans.o
                0x0000000008003cc0                can_rx.lto_priv.162
 *fill*         0x0000000008004a6c        0x4 
 .text.VectorF8
                0x0000000008004a70       0xc8 /var/folders/v6/kkgzxlbs17l2r1qttt0pkc880000gn/T//ccpVWtyQ.ltrans3.ltrans.o
 *fill*         0x0000000008004b38        0x8 
 .text.f_open.constprop.28
                0x0000000008004b40      0x794 /var/folders/v6/kkgzxlbs17l2r1qttt0pkc880000gn/T//ccpVWtyQ.ltrans3.ltrans.o
                0x0000000008004b40                f_open.constprop.28
 *fill*         0x00000000080052d4        0xc 
 .text.f_sync.constprop.26
                0x00000000080052e0      0x148 /var/folders/v6/kkgzxlbs17l2r1qttt0pkc880000gn/T//ccpVWtyQ.ltrans3.ltrans.o
                0x00000000080052e0                f_sync.constprop.26
 *fill*         0x0000000008005428        0x8 
 .text.f_close.constprop.25
                0x0000000008005430       0x1c /var/folders/v6/kkgzxlbs17l2r1qttt0pkc880000gn/T//ccpVWtyQ.ltrans3.ltrans.o
                0x0000000008005430                f_close.constprop.25
 *fill*         0x000000000800544c        0x4 
 .text.f_lseek.constprop.24
                0x0000000008005450       0x18 /var/folders/v6/kkgzxlbs17l2r1qttt0pkc880000gn/T//ccpVWtyQ.ltrans3.ltrans.o
                0x0000000008005450                f_lseek.constprop.24
 *fill*         0x0000000008005468        0x8 
 .text._strtok.constprop.23
                0x0000000008005470       0x44 /var/folders/v6/kkgzxlbs17l2r1qttt0pkc880000gn/T//ccpVWtyQ.ltrans3.ltrans.o
                0x0000000008005470                _strtok.constprop.23
 *fill*         0x00000000080054b4        0xc 
 .text.can_motorSetCurrent.constprop.13
                0x00000000080054c0       0xac /var/folders/v6/kkgzxlbs17l2r1qttt0pkc880000gn/T//ccpVWtyQ.ltrans3.ltrans.o
                0x00000000080054c0                can_motorSetCurrent.constprop.13
 *fill*         0x000000000800556c        0x4 
 .text.Vector4C
                0x0000000008005570       0x3c /var/folders/v6/kkgzxlbs17l2r1qttt0pkc880000gn/T//ccpVWtyQ.ltrans4.ltrans.o
                0x0000000008005570                Vector4C
 *fill*         0x00000000080055ac        0x4 
 .text.Vector48
                0x00000000080055b0       0x3c /var/folders/v6/kkgzxlbs17l2r1qttt0pkc880000gn/T//ccpVWtyQ.ltrans4.ltrans.o
                0x00000000080055b0                Vector48
 *fill*         0x00000000080055ec        0x4 
 .text.Vector170
                0x00000000080055f0       0x3c /var/folders/v6/kkgzxlbs17l2r1qttt0pkc880000gn/T//ccpVWtyQ.ltrans4.ltrans.o
                0x00000000080055f0                Vector170
 *fill*         0x000000000800562c        0x4 
 .text.Vector138
                0x0000000008005630       0x3c /var/folders/v6/kkgzxlbs17l2r1qttt0pkc880000gn/T//ccpVWtyQ.ltrans4.ltrans.o
                0x0000000008005630                Vector138
 *fill*         0x000000000800566c        0x4 
 .text.VectorE8
                0x0000000008005670       0x3c /var/folders/v6/kkgzxlbs17l2r1qttt0pkc880000gn/T//ccpVWtyQ.ltrans4.ltrans.o
                0x0000000008005670                VectorE8
 *fill*         0x00000000080056ac        0x4 
 .text.VectorE4
                0x00000000080056b0       0x3c /var/folders/v6/kkgzxlbs17l2r1qttt0pkc880000gn/T//ccpVWtyQ.ltrans4.ltrans.o
                0x00000000080056b0                VectorE4
 *fill*         0x00000000080056ec        0x4 
 .text.Vector44
                0x00000000080056f0       0x3c /var/folders/v6/kkgzxlbs17l2r1qttt0pkc880000gn/T//ccpVWtyQ.ltrans4.ltrans.o
                0x00000000080056f0                Vector44
 *fill*         0x000000000800572c        0x4 
 .text.VectorE0
                0x0000000008005730       0x8c /var/folders/v6/kkgzxlbs17l2r1qttt0pkc880000gn/T//ccpVWtyQ.ltrans4.ltrans.o
                0x0000000008005730                VectorE0
 *fill*         0x00000000080057bc        0x4 
 .text.Vector9C
                0x00000000080057c0       0x7c /var/folders/v6/kkgzxlbs17l2r1qttt0pkc880000gn/T//ccpVWtyQ.ltrans4.ltrans.o
                0x00000000080057c0                Vector9C
 *fill*         0x000000000800583c        0x4 
 .text.Vector68
                0x0000000008005840       0x38 /var/folders/v6/kkgzxlbs17l2r1qttt0pkc880000gn/T//ccpVWtyQ.ltrans4.ltrans.o
                0x0000000008005840                Vector68
 *fill*         0x0000000008005878        0x8 
 .text.Vector64
                0x0000000008005880       0x38 /var/folders/v6/kkgzxlbs17l2r1qttt0pkc880000gn/T//ccpVWtyQ.ltrans4.ltrans.o
                0x0000000008005880                Vector64
 *fill*         0x00000000080058b8        0x8 
 .text.Vector60
                0x00000000080058c0       0x38 /var/folders/v6/kkgzxlbs17l2r1qttt0pkc880000gn/T//ccpVWtyQ.ltrans4.ltrans.o
                0x00000000080058c0                Vector60
 *fill*         0x00000000080058f8        0x8 
 .text.Vector5C
                0x0000000008005900       0x38 /var/folders/v6/kkgzxlbs17l2r1qttt0pkc880000gn/T//ccpVWtyQ.ltrans4.ltrans.o
                0x0000000008005900                Vector5C
 *fill*         0x0000000008005938        0x8 
 .text.Vector58
                0x0000000008005940       0x38 /var/folders/v6/kkgzxlbs17l2r1qttt0pkc880000gn/T//ccpVWtyQ.ltrans4.ltrans.o
                0x0000000008005940                Vector58
 *fill*         0x0000000008005978        0x8 
 .text.Vector158
                0x0000000008005980       0x38 /var/folders/v6/kkgzxlbs17l2r1qttt0pkc880000gn/T//ccpVWtyQ.ltrans4.ltrans.o
                0x0000000008005980                Vector158
 *fill*         0x00000000080059b8        0x8 
 .text.Vector154
                0x00000000080059c0       0x38 /var/folders/v6/kkgzxlbs17l2r1qttt0pkc880000gn/T//ccpVWtyQ.ltrans4.ltrans.o
                0x00000000080059c0                Vector154
 *fill*         0x00000000080059f8        0x8 
 .text.Vector150
                0x0000000008005a00       0x38 /var/folders/v6/kkgzxlbs17l2r1qttt0pkc880000gn/T//ccpVWtyQ.ltrans4.ltrans.o
                0x0000000008005a00                Vector150
 *fill*         0x0000000008005a38        0x8 
 .text.Vector130
                0x0000000008005a40       0x34 /var/folders/v6/kkgzxlbs17l2r1qttt0pkc880000gn/T//ccpVWtyQ.ltrans4.ltrans.o
                0x0000000008005a40                Vector130
 *fill*         0x0000000008005a74        0xc 
 .text.Vector12C
                0x0000000008005a80       0x38 /var/folders/v6/kkgzxlbs17l2r1qttt0pkc880000gn/T//ccpVWtyQ.ltrans4.ltrans.o
                0x0000000008005a80                Vector12C
 *fill*         0x0000000008005ab8        0x8 
 .text.Vector128
                0x0000000008005ac0       0x38 /var/folders/v6/kkgzxlbs17l2r1qttt0pkc880000gn/T//ccpVWtyQ.ltrans4.ltrans.o
                0x0000000008005ac0                Vector128
 *fill*         0x0000000008005af8        0x8 
 .text.Vector124
                0x0000000008005b00       0x38 /var/folders/v6/kkgzxlbs17l2r1qttt0pkc880000gn/T//ccpVWtyQ.ltrans4.ltrans.o
                0x0000000008005b00                Vector124
 *fill*         0x0000000008005b38        0x8 
 .text.Vector120
                0x0000000008005b40       0x34 /var/folders/v6/kkgzxlbs17l2r1qttt0pkc880000gn/T//ccpVWtyQ.ltrans4.ltrans.o
                0x0000000008005b40                Vector120
 *fill*         0x0000000008005b74        0xc 
 .text.can_lld_sce_handler
                0x0000000008005b80       0x74 /var/folders/v6/kkgzxlbs17l2r1qttt0pkc880000gn/T//ccpVWtyQ.ltrans4.ltrans.o
 *fill*         0x0000000008005bf4        0xc 
 .text.Vector148
                0x0000000008005c00       0x20 /var/folders/v6/kkgzxlbs17l2r1qttt0pkc880000gn/T//ccpVWtyQ.ltrans4.ltrans.o
                0x0000000008005c00                Vector148
 .text.Vector98
                0x0000000008005c20       0x20 /var/folders/v6/kkgzxlbs17l2r1qttt0pkc880000gn/T//ccpVWtyQ.ltrans4.ltrans.o
                0x0000000008005c20                Vector98
 .text.can_lld_rx1_handler
                0x0000000008005c40       0x78 /var/folders/v6/kkgzxlbs17l2r1qttt0pkc880000gn/T//ccpVWtyQ.ltrans4.ltrans.o
 *fill*         0x0000000008005cb8        0x8 
 .text.Vector144
                0x0000000008005cc0       0x20 /var/folders/v6/kkgzxlbs17l2r1qttt0pkc880000gn/T//ccpVWtyQ.ltrans4.ltrans.o
                0x0000000008005cc0                Vector144
 .text.Vector94
                0x0000000008005ce0       0x20 /var/folders/v6/kkgzxlbs17l2r1qttt0pkc880000gn/T//ccpVWtyQ.ltrans4.ltrans.o
                0x0000000008005ce0                Vector94
 .text.can_lld_rx0_handler
                0x0000000008005d00       0x78 /var/folders/v6/kkgzxlbs17l2r1qttt0pkc880000gn/T//ccpVWtyQ.ltrans4.ltrans.o
 *fill*         0x0000000008005d78        0x8 
 .text.Vector140
                0x0000000008005d80       0x20 /var/folders/v6/kkgzxlbs17l2r1qttt0pkc880000gn/T//ccpVWtyQ.ltrans4.ltrans.o
                0x0000000008005d80                Vector140
 .text.Vector90
                0x0000000008005da0       0x20 /var/folders/v6/kkgzxlbs17l2r1qttt0pkc880000gn/T//ccpVWtyQ.ltrans4.ltrans.o
                0x0000000008005da0                Vector90
 .text.can_lld_tx_handler
                0x0000000008005dc0       0x74 /var/folders/v6/kkgzxlbs17l2r1qttt0pkc880000gn/T//ccpVWtyQ.ltrans4.ltrans.o
 *fill*         0x0000000008005e34        0xc 
 .text.Vector13C
                0x0000000008005e40       0x20 /var/folders/v6/kkgzxlbs17l2r1qttt0pkc880000gn/T//ccpVWtyQ.ltrans4.ltrans.o
                0x0000000008005e40                Vector13C
 .text.Vector8C
                0x0000000008005e60       0x20 /var/folders/v6/kkgzxlbs17l2r1qttt0pkc880000gn/T//ccpVWtyQ.ltrans4.ltrans.o
                0x0000000008005e60                Vector8C
 .text.VectorB0
                0x0000000008005e80       0xf0 /var/folders/v6/kkgzxlbs17l2r1qttt0pkc880000gn/T//ccpVWtyQ.ltrans4.ltrans.o
                0x0000000008005e80                VectorB0
 .text.otg_epout_handler.lto_priv.192
                0x0000000008005f70       0xb0 /var/folders/v6/kkgzxlbs17l2r1qttt0pkc880000gn/T//ccpVWtyQ.ltrans4.ltrans.o
                0x0000000008005f70                otg_epout_handler.lto_priv.192
 .text.otg_epin_handler.lto_priv.193
                0x0000000008006020       0xd4 /var/folders/v6/kkgzxlbs17l2r1qttt0pkc880000gn/T//ccpVWtyQ.ltrans4.ltrans.o
                0x0000000008006020                otg_epin_handler.lto_priv.193
 *fill*         0x00000000080060f4        0xc 
 .text.can_lld_start
                0x0000000008006100       0xf4 /var/folders/v6/kkgzxlbs17l2r1qttt0pkc880000gn/T//ccpVWtyQ.ltrans4.ltrans.o
                0x0000000008006100                can_lld_start
 *fill*         0x00000000080061f4        0xc 
 .text.dmaStreamAllocate
                0x0000000008006200       0xcc /var/folders/v6/kkgzxlbs17l2r1qttt0pkc880000gn/T//ccpVWtyQ.ltrans4.ltrans.o
                0x0000000008006200                dmaStreamAllocate
 *fill*         0x00000000080062cc        0x4 
 .text.sdcGetInfo
                0x00000000080062d0       0x30 /var/folders/v6/kkgzxlbs17l2r1qttt0pkc880000gn/T//ccpVWtyQ.ltrans5.ltrans.o
                0x00000000080062d0                sdcGetInfo
 .text.sdcSync  0x0000000008006300       0x20 /var/folders/v6/kkgzxlbs17l2r1qttt0pkc880000gn/T//ccpVWtyQ.ltrans5.ltrans.o
                0x0000000008006300                sdcSync
 .text.sdcConnect
                0x0000000008006320      0x3f8 /var/folders/v6/kkgzxlbs17l2r1qttt0pkc880000gn/T//ccpVWtyQ.ltrans5.ltrans.o
                0x0000000008006320                sdcConnect
 *fill*         0x0000000008006718        0x8 
 .text.sdu_start_receive.lto_priv.115
                0x0000000008006720       0x50 /var/folders/v6/kkgzxlbs17l2r1qttt0pkc880000gn/T//ccpVWtyQ.ltrans5.ltrans.o
                0x0000000008006720                sdu_start_receive.lto_priv.115
 .text._sdc_wait_for_transfer_state
                0x0000000008006770       0x40 /var/folders/v6/kkgzxlbs17l2r1qttt0pkc880000gn/T//ccpVWtyQ.ltrans5.ltrans.o
                0x0000000008006770                _sdc_wait_for_transfer_state
 .text.sdcWrite
                0x00000000080067b0       0xd8 /var/folders/v6/kkgzxlbs17l2r1qttt0pkc880000gn/T//ccpVWtyQ.ltrans5.ltrans.o
                0x00000000080067b0                sdcWrite
 *fill*         0x0000000008006888        0x8 
 .text.sdcRead  0x0000000008006890       0xe8 /var/folders/v6/kkgzxlbs17l2r1qttt0pkc880000gn/T//ccpVWtyQ.ltrans5.ltrans.o
                0x0000000008006890                sdcRead
 *fill*         0x0000000008006978        0x8 
 .text.sdcDisconnect
                0x0000000008006980       0xb4 /var/folders/v6/kkgzxlbs17l2r1qttt0pkc880000gn/T//ccpVWtyQ.ltrans5.ltrans.o
                0x0000000008006980                sdcDisconnect
 *fill*         0x0000000008006a34        0xc 
 .text.gptStart
                0x0000000008006a40      0x12c /var/folders/v6/kkgzxlbs17l2r1qttt0pkc880000gn/T//ccpVWtyQ.ltrans5.ltrans.o
                0x0000000008006a40                gptStart
 *fill*         0x0000000008006b6c        0x4 
 .text.chSysUnlock.lto_priv.134
                0x0000000008006b70       0x34 /var/folders/v6/kkgzxlbs17l2r1qttt0pkc880000gn/T//ccpVWtyQ.ltrans5.ltrans.o
                0x0000000008006b70                chSysUnlock.lto_priv.134
 *fill*         0x0000000008006ba4        0xc 
 .text.chSysUnlock.lto_priv.94
                0x0000000008006bb0       0x34 /var/folders/v6/kkgzxlbs17l2r1qttt0pkc880000gn/T//ccpVWtyQ.ltrans5.ltrans.o
                0x0000000008006bb0                chSysUnlock.lto_priv.94
 *fill*         0x0000000008006be4        0xc 
 .text.spi_lld_serve_rx_interrupt.lto_priv.201
                0x0000000008006bf0       0x98 /var/folders/v6/kkgzxlbs17l2r1qttt0pkc880000gn/T//ccpVWtyQ.ltrans6.ltrans.o
                0x0000000008006bf0                spi_lld_serve_rx_interrupt.lto_priv.201
 *fill*         0x0000000008006c88        0x8 
 .text.Vector104
                0x0000000008006c90       0x48 /var/folders/v6/kkgzxlbs17l2r1qttt0pkc880000gn/T//ccpVWtyQ.ltrans6.ltrans.o
                0x0000000008006c90                Vector104
 *fill*         0x0000000008006cd8        0x8 
 .text.usb_lld_serve_interrupt
                0x0000000008006ce0      0x400 /var/folders/v6/kkgzxlbs17l2r1qttt0pkc880000gn/T//ccpVWtyQ.ltrans6.ltrans.o
 .text.Vector174
                0x00000000080070e0       0x20 /var/folders/v6/kkgzxlbs17l2r1qttt0pkc880000gn/T//ccpVWtyQ.ltrans6.ltrans.o
                0x00000000080070e0                Vector174
 .text.Vector14C
                0x0000000008007100       0x20 /var/folders/v6/kkgzxlbs17l2r1qttt0pkc880000gn/T//ccpVWtyQ.ltrans6.ltrans.o
                0x0000000008007100                Vector14C
 .text.sdc_lld_collect_errors.isra.0.lto_priv.205
                0x0000000008007120       0x3c /var/folders/v6/kkgzxlbs17l2r1qttt0pkc880000gn/T//ccpVWtyQ.ltrans6.ltrans.o
                0x0000000008007120                sdc_lld_collect_errors.isra.0.lto_priv.205
 *fill*         0x000000000800715c        0x4 
 .text.sdc_lld_send_cmd_long_crc
                0x0000000008007160       0x3c /var/folders/v6/kkgzxlbs17l2r1qttt0pkc880000gn/T//ccpVWtyQ.ltrans6.ltrans.o
                0x0000000008007160                sdc_lld_send_cmd_long_crc
 *fill*         0x000000000800719c        0x4 
 .text.sdc_lld_send_cmd_short_crc
                0x00000000080071a0       0x30 /var/folders/v6/kkgzxlbs17l2r1qttt0pkc880000gn/T//ccpVWtyQ.ltrans6.ltrans.o
                0x00000000080071a0                sdc_lld_send_cmd_short_crc
 .text.sdc_lld_error_cleanup
                0x00000000080071d0       0x64 /var/folders/v6/kkgzxlbs17l2r1qttt0pkc880000gn/T//ccpVWtyQ.ltrans6.ltrans.o
 *fill*         0x0000000008007234        0xc 
 .text.usb_lld_start_in
                0x0000000008007240       0xa8 /var/folders/v6/kkgzxlbs17l2r1qttt0pkc880000gn/T//ccpVWtyQ.ltrans6.ltrans.o
                0x0000000008007240                usb_lld_start_in
 *fill*         0x00000000080072e8        0x8 
 .text.usb_lld_start_out
                0x00000000080072f0       0x80 /var/folders/v6/kkgzxlbs17l2r1qttt0pkc880000gn/T//ccpVWtyQ.ltrans6.ltrans.o
                0x00000000080072f0                usb_lld_start_out
 .text.sdc_lld_wait_transaction_end
                0x0000000008007370       0xcc /var/folders/v6/kkgzxlbs17l2r1qttt0pkc880000gn/T//ccpVWtyQ.ltrans6.ltrans.o
 *fill*         0x000000000800743c        0x4 
 .text.sdc_lld_write_aligned.part.5
                0x0000000008007440       0x9c /var/folders/v6/kkgzxlbs17l2r1qttt0pkc880000gn/T//ccpVWtyQ.ltrans6.ltrans.o
                0x0000000008007440                sdc_lld_write_aligned.part.5
 *fill*         0x00000000080074dc        0x4 
 .text.sdc_lld_read_aligned.part.4
                0x00000000080074e0       0x98 /var/folders/v6/kkgzxlbs17l2r1qttt0pkc880000gn/T//ccpVWtyQ.ltrans6.ltrans.o
                0x00000000080074e0                sdc_lld_read_aligned.part.4
 *fill*         0x0000000008007578        0x8 
 .text.sdc_lld_read_special
                0x0000000008007580       0xa8 /var/folders/v6/kkgzxlbs17l2r1qttt0pkc880000gn/T//ccpVWtyQ.ltrans6.ltrans.o
                0x0000000008007580                sdc_lld_read_special
 *fill*         0x0000000008007628        0x8 
 .text.usb_lld_pump
                0x0000000008007630      0x2a8 /var/folders/v6/kkgzxlbs17l2r1qttt0pkc880000gn/T//ccpVWtyQ.ltrans6.ltrans.o
                0x0000000008007630                usb_lld_pump
 *fill*         0x00000000080078d8        0x8 
 .text.imuGetDataRaw
                0x00000000080078e0      0x160 /var/folders/v6/kkgzxlbs17l2r1qttt0pkc880000gn/T//ccpVWtyQ.ltrans7.ltrans.o
 .text.cmd_gyro
                0x0000000008007a40       0x50 /var/folders/v6/kkgzxlbs17l2r1qttt0pkc880000gn/T//ccpVWtyQ.ltrans7.ltrans.o
                0x0000000008007a40                cmd_gyro
 .text.cmd_temp
                0x0000000008007a90       0x24 /var/folders/v6/kkgzxlbs17l2r1qttt0pkc880000gn/T//ccpVWtyQ.ltrans7.ltrans.o
                0x0000000008007a90                cmd_temp
 *fill*         0x0000000008007ab4        0xc 
 .text.cmd_error
                0x0000000008007ac0       0x48 /var/folders/v6/kkgzxlbs17l2r1qttt0pkc880000gn/T//ccpVWtyQ.ltrans7.ltrans.o
                0x0000000008007ac0                cmd_error
 *fill*         0x0000000008007b08        0x8 
 .text.cmd_test
                0x0000000008007b10       0x68 /var/folders/v6/kkgzxlbs17l2r1qttt0pkc880000gn/T//ccpVWtyQ.ltrans7.ltrans.o
                0x0000000008007b10                cmd_test
 *fill*         0x0000000008007b78        0x8 
 .text.cmd_calibrate
                0x0000000008007b80      0x968 /var/folders/v6/kkgzxlbs17l2r1qttt0pkc880000gn/T//ccpVWtyQ.ltrans7.ltrans.o
                0x0000000008007b80                cmd_calibrate
 *fill*         0x00000000080084e8        0x8 
 .text.lpfilter_apply
                0x00000000080084f0       0x60 /var/folders/v6/kkgzxlbs17l2r1qttt0pkc880000gn/T//ccpVWtyQ.ltrans7.ltrans.o
                0x00000000080084f0                lpfilter_apply
 .text.imuGetData
                0x0000000008008550      0x1c4 /var/folders/v6/kkgzxlbs17l2r1qttt0pkc880000gn/T//ccpVWtyQ.ltrans7.ltrans.o
                0x0000000008008550                imuGetData
 *fill*         0x0000000008008714        0xc 
 .text.flashWrite.part.5
                0x0000000008008720       0xa8 /var/folders/v6/kkgzxlbs17l2r1qttt0pkc880000gn/T//ccpVWtyQ.ltrans7.ltrans.o
                0x0000000008008720                flashWrite.part.5
 *fill*         0x00000000080087c8        0x8 
 .text.flashUnlock.part.1.lto_priv.116
                0x00000000080087d0       0x20 /var/folders/v6/kkgzxlbs17l2r1qttt0pkc880000gn/T//ccpVWtyQ.ltrans7.ltrans.o
                0x00000000080087d0                flashUnlock.part.1.lto_priv.116
 .text.flashRead
                0x00000000080087f0       0x58 /var/folders/v6/kkgzxlbs17l2r1qttt0pkc880000gn/T//ccpVWtyQ.ltrans7.ltrans.o
                0x00000000080087f0                flashRead
 *fill*         0x0000000008008848        0x8 
 .text.can_gimbal_send.lto_priv.163
                0x0000000008008850       0xd0 /var/folders/v6/kkgzxlbs17l2r1qttt0pkc880000gn/T//ccpVWtyQ.ltrans7.ltrans.o
                0x0000000008008850                can_gimbal_send.lto_priv.163
 .text.cmd_data
                0x0000000008008920       0xd8 /var/folders/v6/kkgzxlbs17l2r1qttt0pkc880000gn/T//ccpVWtyQ.ltrans7.ltrans.o
                0x0000000008008920                cmd_data
 *fill*         0x00000000080089f8        0x8 
 .text.sdc_lld_is_card_inserted
                0x0000000008008a00        0x4 /var/folders/v6/kkgzxlbs17l2r1qttt0pkc880000gn/T//ccpVWtyQ.ltrans8.ltrans.o
                0x0000000008008a00                sdc_lld_is_card_inserted
 *fill*         0x0000000008008a04        0xc 
 .text.pwm_lld_serve_interrupt
                0x0000000008008a10       0x5c /var/folders/v6/kkgzxlbs17l2r1qttt0pkc880000gn/T//ccpVWtyQ.ltrans8.ltrans.o
 *fill*         0x0000000008008a6c        0x4 
 .text.spi_lld_serve_tx_interrupt.lto_priv.202
                0x0000000008008a70       0x1c /var/folders/v6/kkgzxlbs17l2r1qttt0pkc880000gn/T//ccpVWtyQ.ltrans8.ltrans.o
                0x0000000008008a70                spi_lld_serve_tx_interrupt.lto_priv.202
 *fill*         0x0000000008008a8c        0x4 
 .text.VectorEC
                0x0000000008008a90       0x20 /var/folders/v6/kkgzxlbs17l2r1qttt0pkc880000gn/T//ccpVWtyQ.ltrans8.ltrans.o
                0x0000000008008a90                VectorEC
 .text.VectorB4
                0x0000000008008ab0       0x20 /var/folders/v6/kkgzxlbs17l2r1qttt0pkc880000gn/T//ccpVWtyQ.ltrans8.ltrans.o
                0x0000000008008ab0                VectorB4
 .text.VectorA4
                0x0000000008008ad0       0x20 /var/folders/v6/kkgzxlbs17l2r1qttt0pkc880000gn/T//ccpVWtyQ.ltrans8.ltrans.o
                0x0000000008008ad0                VectorA4
 .text.VectorAC
                0x0000000008008af0        0x4 /var/folders/v6/kkgzxlbs17l2r1qttt0pkc880000gn/T//ccpVWtyQ.ltrans8.ltrans.o
                0x0000000008008af0                VectorAC
 *fill*         0x0000000008008af4        0xc 
 .text.VectorF0
                0x0000000008008b00       0x44 /var/folders/v6/kkgzxlbs17l2r1qttt0pkc880000gn/T//ccpVWtyQ.ltrans8.ltrans.o
                0x0000000008008b00                VectorF0
 *fill*         0x0000000008008b44        0xc 
 .text.Vector108
                0x0000000008008b50       0x44 /var/folders/v6/kkgzxlbs17l2r1qttt0pkc880000gn/T//ccpVWtyQ.ltrans8.ltrans.o
                0x0000000008008b50                Vector108
 *fill*         0x0000000008008b94        0xc 
 .text.serve_usart_irq
                0x0000000008008ba0       0xc4 /var/folders/v6/kkgzxlbs17l2r1qttt0pkc880000gn/T//ccpVWtyQ.ltrans8.ltrans.o
 *fill*         0x0000000008008c64        0xc 
 .text.VectorDC
                0x0000000008008c70       0x20 /var/folders/v6/kkgzxlbs17l2r1qttt0pkc880000gn/T//ccpVWtyQ.ltrans8.ltrans.o
                0x0000000008008c70                VectorDC
 .text.VectorD4
                0x0000000008008c90       0x20 /var/folders/v6/kkgzxlbs17l2r1qttt0pkc880000gn/T//ccpVWtyQ.ltrans8.ltrans.o
                0x0000000008008c90                VectorD4
 .text.uart_lld_serve_tx_end_irq.lto_priv.124
                0x0000000008008cb0       0x80 /var/folders/v6/kkgzxlbs17l2r1qttt0pkc880000gn/T//ccpVWtyQ.ltrans8.ltrans.o
                0x0000000008008cb0                uart_lld_serve_tx_end_irq.lto_priv.124
 .text.uart_lld_serve_rx_end_irq.lto_priv.123
                0x0000000008008d30       0xbc /var/folders/v6/kkgzxlbs17l2r1qttt0pkc880000gn/T//ccpVWtyQ.ltrans8.ltrans.o
                0x0000000008008d30                uart_lld_serve_rx_end_irq.lto_priv.123
 *fill*         0x0000000008008dec        0x4 
 .text.get_ldnumber.lto_priv.184
                0x0000000008008df0       0x84 /var/folders/v6/kkgzxlbs17l2r1qttt0pkc880000gn/T//ccpVWtyQ.ltrans8.ltrans.o
                0x0000000008008df0                get_ldnumber.lto_priv.184
 *fill*         0x0000000008008e74        0xc 
 .text.dir_sdi.lto_priv.102
                0x0000000008008e80       0xa0 /var/folders/v6/kkgzxlbs17l2r1qttt0pkc880000gn/T//ccpVWtyQ.ltrans8.ltrans.o
                0x0000000008008e80                dir_sdi.lto_priv.102
 .text.create_chain.lto_priv.106
                0x0000000008008f20       0xc8 /var/folders/v6/kkgzxlbs17l2r1qttt0pkc880000gn/T//ccpVWtyQ.ltrans8.ltrans.o
                0x0000000008008f20                create_chain.lto_priv.106
 *fill*         0x0000000008008fe8        0x8 
 .text.dir_next.lto_priv.104
                0x0000000008008ff0      0x130 /var/folders/v6/kkgzxlbs17l2r1qttt0pkc880000gn/T//ccpVWtyQ.ltrans8.ltrans.o
                0x0000000008008ff0                dir_next.lto_priv.104
 .text.move_window.lto_priv.101
                0x0000000008009120       0x34 /var/folders/v6/kkgzxlbs17l2r1qttt0pkc880000gn/T//ccpVWtyQ.ltrans8.ltrans.o
                0x0000000008009120                move_window.lto_priv.101
 *fill*         0x0000000008009154        0xc 
 .text.check_fs
                0x0000000008009160       0x54 /var/folders/v6/kkgzxlbs17l2r1qttt0pkc880000gn/T//ccpVWtyQ.ltrans8.ltrans.o
 *fill*         0x00000000080091b4        0xc 
 .text.disk_write
                0x00000000080091c0       0x2c /var/folders/v6/kkgzxlbs17l2r1qttt0pkc880000gn/T//ccpVWtyQ.ltrans8.ltrans.o
                0x00000000080091c0                disk_write
 *fill*         0x00000000080091ec        0x4 
 .text.disk_initialize
                0x00000000080091f0       0x18 /var/folders/v6/kkgzxlbs17l2r1qttt0pkc880000gn/T//ccpVWtyQ.ltrans8.ltrans.o
                0x00000000080091f0                disk_initialize
                0x00000000080091f0                disk_status
 *fill*         0x0000000008009208        0x8 
 .text.find_volume.lto_priv.100
                0x0000000008009210      0x280 /var/folders/v6/kkgzxlbs17l2r1qttt0pkc880000gn/T//ccpVWtyQ.ltrans8.ltrans.o
                0x0000000008009210                find_volume.lto_priv.100
 .text.sdc_lld_sync
                0x0000000008009490        0x4 /var/folders/v6/kkgzxlbs17l2r1qttt0pkc880000gn/T//ccpVWtyQ.ltrans8.ltrans.o
                0x0000000008009490                sdc_lld_sync
                0x0000000008009490                sdc_lld_is_write_protected
 *fill*         0x0000000008009494        0xc 
 .text.__early_init
                0x00000000080094a0       0xc0 /var/folders/v6/kkgzxlbs17l2r1qttt0pkc880000gn/T//ccpVWtyQ.ltrans8.ltrans.o
                0x00000000080094a0                __early_init
 .text.VectorFC
                0x0000000008009560       0x38 /var/folders/v6/kkgzxlbs17l2r1qttt0pkc880000gn/T//ccpVWtyQ.ltrans9.ltrans.o
                0x0000000008009560                VectorFC
 *fill*         0x0000000008009598        0x8 
 .text.Vector84
                0x00000000080095a0       0x38 /var/folders/v6/kkgzxlbs17l2r1qttt0pkc880000gn/T//ccpVWtyQ.ltrans9.ltrans.o
                0x00000000080095a0                Vector84
 *fill*         0x00000000080095d8        0x8 
 .text.Vector80
                0x00000000080095e0       0x38 /var/folders/v6/kkgzxlbs17l2r1qttt0pkc880000gn/T//ccpVWtyQ.ltrans9.ltrans.o
                0x00000000080095e0                Vector80
 *fill*         0x0000000008009618        0x8 
 .text.Vector7C
                0x0000000008009620       0x34 /var/folders/v6/kkgzxlbs17l2r1qttt0pkc880000gn/T//ccpVWtyQ.ltrans9.ltrans.o
                0x0000000008009620                Vector7C
 *fill*         0x0000000008009654        0xc 
 .text.Vector78
                0x0000000008009660       0x38 /var/folders/v6/kkgzxlbs17l2r1qttt0pkc880000gn/T//ccpVWtyQ.ltrans9.ltrans.o
                0x0000000008009660                Vector78
 *fill*         0x0000000008009698        0x8 
 .text.Vector74
                0x00000000080096a0       0x38 /var/folders/v6/kkgzxlbs17l2r1qttt0pkc880000gn/T//ccpVWtyQ.ltrans9.ltrans.o
                0x00000000080096a0                Vector74
 *fill*         0x00000000080096d8        0x8 
 .text.Vector70
                0x00000000080096e0       0x38 /var/folders/v6/kkgzxlbs17l2r1qttt0pkc880000gn/T//ccpVWtyQ.ltrans9.ltrans.o
                0x00000000080096e0                Vector70
 *fill*         0x0000000008009718        0x8 
 .text.Vector6C
                0x0000000008009720       0x34 /var/folders/v6/kkgzxlbs17l2r1qttt0pkc880000gn/T//ccpVWtyQ.ltrans9.ltrans.o
                0x0000000008009720                Vector6C
 *fill*         0x0000000008009754        0xc 
 .text.usbStartTransmitI
                0x0000000008009760       0x64 /var/folders/v6/kkgzxlbs17l2r1qttt0pkc880000gn/T//ccpVWtyQ.ltrans9.ltrans.o
                0x0000000008009760                usbStartTransmitI
 *fill*         0x00000000080097c4        0xc 
 .text._usb_ep0out
                0x00000000080097d0       0xa8 /var/folders/v6/kkgzxlbs17l2r1qttt0pkc880000gn/T//ccpVWtyQ.ltrans9.ltrans.o
                0x00000000080097d0                _usb_ep0out
 *fill*         0x0000000008009878        0x8 
 .text.usbStartReceiveI
                0x0000000008009880       0x64 /var/folders/v6/kkgzxlbs17l2r1qttt0pkc880000gn/T//ccpVWtyQ.ltrans9.ltrans.o
                0x0000000008009880                usbStartReceiveI
 *fill*         0x00000000080098e4        0xc 
 .text._usb_ep0in
                0x00000000080098f0       0xf0 /var/folders/v6/kkgzxlbs17l2r1qttt0pkc880000gn/T//ccpVWtyQ.ltrans9.ltrans.o
                0x00000000080098f0                _usb_ep0in
 .text._usb_ep0setup
                0x00000000080099e0      0x3e0 /var/folders/v6/kkgzxlbs17l2r1qttt0pkc880000gn/T//ccpVWtyQ.ltrans9.ltrans.o
                0x00000000080099e0                _usb_ep0setup
 .text.usbInitEndpointI
                0x0000000008009dc0      0x1d4 /var/folders/v6/kkgzxlbs17l2r1qttt0pkc880000gn/T//ccpVWtyQ.ltrans9.ltrans.o
                0x0000000008009dc0                usbInitEndpointI
 *fill*         0x0000000008009f94        0xc 
 .text.spiReleaseBus
                0x0000000008009fa0       0xec /var/folders/v6/kkgzxlbs17l2r1qttt0pkc880000gn/T//ccpVWtyQ.ltrans9.ltrans.o
                0x0000000008009fa0                spiReleaseBus
 *fill*         0x000000000800a08c        0x4 
 .text.gpt5_cb.lto_priv.183
                0x000000000800a090      0x14c /var/folders/v6/kkgzxlbs17l2r1qttt0pkc880000gn/T//ccpVWtyQ.ltrans10.ltrans.o
                0x000000000800a090                gpt5_cb.lto_priv.183
 *fill*         0x000000000800a1dc        0x4 
 .text.sdlog_thread.lto_priv.149
                0x000000000800a1e0      0x358 /var/folders/v6/kkgzxlbs17l2r1qttt0pkc880000gn/T//ccpVWtyQ.ltrans10.ltrans.o
                0x000000000800a1e0                sdlog_thread.lto_priv.149
 *fill*         0x000000000800a538        0x8 
 .text.lift_control.lto_priv.146
                0x000000000800a540      0x4a4 /var/folders/v6/kkgzxlbs17l2r1qttt0pkc880000gn/T//ccpVWtyQ.ltrans10.ltrans.o
                0x000000000800a540                lift_control.lto_priv.146
 *fill*         0x000000000800a9e4        0xc 
 .text.chassis_control.lto_priv.159
                0x000000000800a9f0      0x3f0 /var/folders/v6/kkgzxlbs17l2r1qttt0pkc880000gn/T//ccpVWtyQ.ltrans10.ltrans.o
                0x000000000800a9f0                chassis_control.lto_priv.159
 .text.Temperature_thread.lto_priv.154
                0x000000000800ade0      0x130 /var/folders/v6/kkgzxlbs17l2r1qttt0pkc880000gn/T//ccpVWtyQ.ltrans10.ltrans.o
                0x000000000800ade0                Temperature_thread.lto_priv.154
 .text.extcb10.lto_priv.171
                0x000000000800af10       0x38 /var/folders/v6/kkgzxlbs17l2r1qttt0pkc880000gn/T//ccpVWtyQ.ltrans10.ltrans.o
                0x000000000800af10                extcb10.lto_priv.171
 *fill*         0x000000000800af48        0x8 
 .text.gyro_txrx_spi.lto_priv.114
                0x000000000800af50       0x58 /var/folders/v6/kkgzxlbs17l2r1qttt0pkc880000gn/T//ccpVWtyQ.ltrans10.ltrans.o
                0x000000000800af50                gyro_txrx_spi.lto_priv.114
 *fill*         0x000000000800afa8        0x8 
 .text.gyro_thread.lto_priv.153
                0x000000000800afb0       0xec /var/folders/v6/kkgzxlbs17l2r1qttt0pkc880000gn/T//ccpVWtyQ.ltrans10.ltrans.o
                0x000000000800afb0                gyro_thread.lto_priv.153
 *fill*         0x000000000800b09c        0x4 
 .text.MotorToggleThread.lto_priv.158
                0x000000000800b0a0      0x130 /var/folders/v6/kkgzxlbs17l2r1qttt0pkc880000gn/T//ccpVWtyQ.ltrans10.ltrans.o
                0x000000000800b0a0                MotorToggleThread.lto_priv.158
 .text.chprintf
                0x000000000800b1d0      0x558 /var/folders/v6/kkgzxlbs17l2r1qttt0pkc880000gn/T//ccpVWtyQ.ltrans11.ltrans.o
                0x000000000800b1d0                chprintf
 *fill*         0x000000000800b728        0x8 
 .text.cmd_info
                0x000000000800b730       0xbc /var/folders/v6/kkgzxlbs17l2r1qttt0pkc880000gn/T//ccpVWtyQ.ltrans11.ltrans.o
 *fill*         0x000000000800b7ec        0x4 
 .text.dir_find.part.7.lto_priv.103
                0x000000000800b7f0      0x1a4 /var/folders/v6/kkgzxlbs17l2r1qttt0pkc880000gn/T//ccpVWtyQ.ltrans11.ltrans.o
                0x000000000800b7f0                dir_find.part.7.lto_priv.103
 *fill*         0x000000000800b994        0xc 
 .text.put_fat.part.6
                0x000000000800b9a0      0x128 /var/folders/v6/kkgzxlbs17l2r1qttt0pkc880000gn/T//ccpVWtyQ.ltrans11.ltrans.o
                0x000000000800b9a0                put_fat.part.6
 *fill*         0x000000000800bac8        0x8 
 .text.get_fat.part.5
                0x000000000800bad0       0xc0 /var/folders/v6/kkgzxlbs17l2r1qttt0pkc880000gn/T//ccpVWtyQ.ltrans11.ltrans.o
                0x000000000800bad0                get_fat.part.5
 .text.sync_window.part.1.lto_priv.105
                0x000000000800bb90       0x4c /var/folders/v6/kkgzxlbs17l2r1qttt0pkc880000gn/T//ccpVWtyQ.ltrans11.ltrans.o
                0x000000000800bb90                sync_window.part.1.lto_priv.105
 *fill*         0x000000000800bbdc        0x4 
 .text.shell_thread.lto_priv.166
                0x000000000800bbe0      0x248 /var/folders/v6/kkgzxlbs17l2r1qttt0pkc880000gn/T//ccpVWtyQ.ltrans11.ltrans.o
                0x000000000800bbe0                shell_thread.lto_priv.166
 *fill*         0x000000000800be28        0x8 
 .text.cmd_systime
                0x000000000800be30       0x70 /var/folders/v6/kkgzxlbs17l2r1qttt0pkc880000gn/T//ccpVWtyQ.ltrans11.ltrans.o
 .text.sduInterruptTransmitted
                0x000000000800bea0        0x4 /var/folders/v6/kkgzxlbs17l2r1qttt0pkc880000gn/T//ccpVWtyQ.ltrans12.ltrans.o
                0x000000000800bea0                sduInterruptTransmitted
 *fill*         0x000000000800bea4        0xc 
 .text.sduRequestsHook
                0x000000000800beb0       0x40 /var/folders/v6/kkgzxlbs17l2r1qttt0pkc880000gn/T//ccpVWtyQ.ltrans12.ltrans.o
                0x000000000800beb0                sduRequestsHook
 .text.ibnotify.lto_priv.167
                0x000000000800bef0        0x8 /var/folders/v6/kkgzxlbs17l2r1qttt0pkc880000gn/T//ccpVWtyQ.ltrans12.ltrans.o
                0x000000000800bef0                ibnotify.lto_priv.167
 *fill*         0x000000000800bef8        0x8 
 .text.sduDataReceived
                0x000000000800bf00       0xc8 /var/folders/v6/kkgzxlbs17l2r1qttt0pkc880000gn/T//ccpVWtyQ.ltrans12.ltrans.o
                0x000000000800bf00                sduDataReceived
 *fill*         0x000000000800bfc8        0x8 
 .text.sduDataTransmitted
                0x000000000800bfd0       0xf0 /var/folders/v6/kkgzxlbs17l2r1qttt0pkc880000gn/T//ccpVWtyQ.ltrans12.ltrans.o
                0x000000000800bfd0                sduDataTransmitted
 .text.obnotify.lto_priv.168
                0x000000000800c0c0       0x48 /var/folders/v6/kkgzxlbs17l2r1qttt0pkc880000gn/T//ccpVWtyQ.ltrans12.ltrans.o
                0x000000000800c0c0                obnotify.lto_priv.168
 *fill*         0x000000000800c108        0x8 
 .text.readt.lto_priv.182
                0x000000000800c110       0x20 /var/folders/v6/kkgzxlbs17l2r1qttt0pkc880000gn/T//ccpVWtyQ.ltrans12.ltrans.o
                0x000000000800c110                readt.lto_priv.182
 .text.read.lto_priv.176
                0x000000000800c130       0x1c /var/folders/v6/kkgzxlbs17l2r1qttt0pkc880000gn/T//ccpVWtyQ.ltrans12.ltrans.o
                0x000000000800c130                read.lto_priv.176
 *fill*         0x000000000800c14c        0x4 
 .text.writet.lto_priv.181
                0x000000000800c150       0x20 /var/folders/v6/kkgzxlbs17l2r1qttt0pkc880000gn/T//ccpVWtyQ.ltrans12.ltrans.o
                0x000000000800c150                writet.lto_priv.181
 .text.write.lto_priv.175
                0x000000000800c170       0x1c /var/folders/v6/kkgzxlbs17l2r1qttt0pkc880000gn/T//ccpVWtyQ.ltrans12.ltrans.o
                0x000000000800c170                write.lto_priv.175
 *fill*         0x000000000800c18c        0x4 
 .text.gett.lto_priv.180
                0x000000000800c190       0x18 /var/folders/v6/kkgzxlbs17l2r1qttt0pkc880000gn/T//ccpVWtyQ.ltrans12.ltrans.o
                0x000000000800c190                gett.lto_priv.180
 *fill*         0x000000000800c1a8        0x8 
 .text.get.lto_priv.178
                0x000000000800c1b0       0x1c /var/folders/v6/kkgzxlbs17l2r1qttt0pkc880000gn/T//ccpVWtyQ.ltrans12.ltrans.o
                0x000000000800c1b0                get.lto_priv.178
 *fill*         0x000000000800c1cc        0x4 
 .text.putt.lto_priv.179
                0x000000000800c1d0       0x18 /var/folders/v6/kkgzxlbs17l2r1qttt0pkc880000gn/T//ccpVWtyQ.ltrans12.ltrans.o
                0x000000000800c1d0                putt.lto_priv.179
 *fill*         0x000000000800c1e8        0x8 
 .text.put.lto_priv.177
                0x000000000800c1f0       0x1c /var/folders/v6/kkgzxlbs17l2r1qttt0pkc880000gn/T//ccpVWtyQ.ltrans12.ltrans.o
                0x000000000800c1f0                put.lto_priv.177
 *fill*         0x000000000800c20c        0x4 
 .text.spiAcquireBus
                0x000000000800c210      0x148 /var/folders/v6/kkgzxlbs17l2r1qttt0pkc880000gn/T//ccpVWtyQ.ltrans12.ltrans.o
                0x000000000800c210                spiAcquireBus
 *fill*         0x000000000800c358        0x8 
 .text.spiStart
                0x000000000800c360      0x160 /var/folders/v6/kkgzxlbs17l2r1qttt0pkc880000gn/T//ccpVWtyQ.ltrans12.ltrans.o
                0x000000000800c360                spiStart
 .text.spiReceive
                0x000000000800c4c0       0xbc /var/folders/v6/kkgzxlbs17l2r1qttt0pkc880000gn/T//ccpVWtyQ.ltrans12.ltrans.o
                0x000000000800c4c0                spiReceive
 *fill*         0x000000000800c57c        0x4 
 .text.spiSend  0x000000000800c580       0xbc /var/folders/v6/kkgzxlbs17l2r1qttt0pkc880000gn/T//ccpVWtyQ.ltrans12.ltrans.o
                0x000000000800c580                spiSend
 *fill*         0x000000000800c63c        0x4 
 .text.spiUnselect
                0x000000000800c640       0x74 /var/folders/v6/kkgzxlbs17l2r1qttt0pkc880000gn/T//ccpVWtyQ.ltrans12.ltrans.o
                0x000000000800c640                spiUnselect
 *fill*         0x000000000800c6b4        0xc 
 .text.spiSelect
                0x000000000800c6c0       0x74 /var/folders/v6/kkgzxlbs17l2r1qttt0pkc880000gn/T//ccpVWtyQ.ltrans12.ltrans.o
                0x000000000800c6c0                spiSelect
 *fill*         0x000000000800c734        0xc 
 .text.Attitude_thread.lto_priv.133
                0x000000000800c740      0xc24 /var/folders/v6/kkgzxlbs17l2r1qttt0pkc880000gn/T//ccpVWtyQ.ltrans13.ltrans.o
                0x000000000800c740                Attitude_thread.lto_priv.133
 *fill*         0x000000000800d364        0xc 
 .text.rxend    0x000000000800d370       0x3c /var/folders/v6/kkgzxlbs17l2r1qttt0pkc880000gn/T//ccpVWtyQ.ltrans14.ltrans.o
 *fill*         0x000000000800d3ac        0x4 
 .text.sendLine.lto_priv.117
                0x000000000800d3b0       0x4c /var/folders/v6/kkgzxlbs17l2r1qttt0pkc880000gn/T//ccpVWtyQ.ltrans14.ltrans.o
                0x000000000800d3b0                sendLine.lto_priv.117
 *fill*         0x000000000800d3fc        0x4 
 .text.uart_dbus_thread.lto_priv.160
                0x000000000800d400      0x6e4 /var/folders/v6/kkgzxlbs17l2r1qttt0pkc880000gn/T//ccpVWtyQ.ltrans14.ltrans.o
                0x000000000800d400                uart_dbus_thread.lto_priv.160
 *fill*         0x000000000800dae4        0xc 
 .text.get_descriptor.lto_priv.173
                0x000000000800daf0       0x30 /var/folders/v6/kkgzxlbs17l2r1qttt0pkc880000gn/T//ccpVWtyQ.ltrans15.ltrans.o
                0x000000000800daf0                get_descriptor.lto_priv.173
 .text.cmd_param_scale
                0x000000000800db20       0x44 /var/folders/v6/kkgzxlbs17l2r1qttt0pkc880000gn/T//ccpVWtyQ.ltrans15.ltrans.o
                0x000000000800db20                cmd_param_scale
 *fill*         0x000000000800db64        0xc 
 .text.sof_handler.lto_priv.174
                0x000000000800db70       0xb4 /var/folders/v6/kkgzxlbs17l2r1qttt0pkc880000gn/T//ccpVWtyQ.ltrans15.ltrans.o
                0x000000000800db70                sof_handler.lto_priv.174
 *fill*         0x000000000800dc24        0xc 
 .text.usb_event.lto_priv.172
                0x000000000800dc30       0xfc /var/folders/v6/kkgzxlbs17l2r1qttt0pkc880000gn/T//ccpVWtyQ.ltrans15.ltrans.o
                0x000000000800dc30                usb_event.lto_priv.172
 *fill*         0x000000000800dd2c        0x4 
 .text.cmd_param_tx
                0x000000000800dd30      0x1a8 /var/folders/v6/kkgzxlbs17l2r1qttt0pkc880000gn/T//ccpVWtyQ.ltrans15.ltrans.o
                0x000000000800dd30                cmd_param_tx
 *fill*         0x000000000800ded8        0x8 
 .text.gyro_cal
                0x000000000800dee0      0x184 /var/folders/v6/kkgzxlbs17l2r1qttt0pkc880000gn/T//ccpVWtyQ.ltrans15.ltrans.o
                0x000000000800dee0                gyro_cal
 *fill*         0x000000000800e064        0xc 
 .text.params_set.part.0
                0x000000000800e070      0x160 /var/folders/v6/kkgzxlbs17l2r1qttt0pkc880000gn/T//ccpVWtyQ.ltrans15.ltrans.o
                0x000000000800e070                params_set.part.0
 .text.param_save_flash
                0x000000000800e1d0      0x150 /var/folders/v6/kkgzxlbs17l2r1qttt0pkc880000gn/T//ccpVWtyQ.ltrans15.ltrans.o
                0x000000000800e1d0                param_save_flash
 .text.cmd_param_update
                0x000000000800e320       0x1c /var/folders/v6/kkgzxlbs17l2r1qttt0pkc880000gn/T//ccpVWtyQ.ltrans15.ltrans.o
                0x000000000800e320                cmd_param_update
 *fill*         0x000000000800e33c        0x4 
 .text.cmd_param_rx
                0x000000000800e340       0xb4 /var/folders/v6/kkgzxlbs17l2r1qttt0pkc880000gn/T//ccpVWtyQ.ltrans15.ltrans.o
                0x000000000800e340                cmd_param_rx
 *fill*         0x000000000800e3f4        0xc 
 .text.chSchWakeupS.constprop.92
                0x000000000800e400       0x90 /var/folders/v6/kkgzxlbs17l2r1qttt0pkc880000gn/T//ccpVWtyQ.ltrans16.ltrans.o
                0x000000000800e400                chSchWakeupS.constprop.92
 .text.can_lld_set_filters.constprop.82
                0x000000000800e490      0x114 /var/folders/v6/kkgzxlbs17l2r1qttt0pkc880000gn/T//ccpVWtyQ.ltrans16.ltrans.o
                0x000000000800e490                can_lld_set_filters.constprop.82
 *fill*         0x000000000800e5a4        0xc 
 .text.ext_lld_channel_enable.constprop.67
                0x000000000800e5b0       0xa8 /var/folders/v6/kkgzxlbs17l2r1qttt0pkc880000gn/T//ccpVWtyQ.ltrans16.ltrans.o
                0x000000000800e5b0                ext_lld_channel_enable.constprop.67
 *fill*         0x000000000800e658        0x8 
 .text.disk_read.constprop.37
                0x000000000800e660       0x24 /var/folders/v6/kkgzxlbs17l2r1qttt0pkc880000gn/T//ccpVWtyQ.ltrans16.ltrans.o
                0x000000000800e660                disk_read.constprop.37
 *fill*         0x000000000800e684        0xc 
 .text.chThdResume.constprop.88
                0x000000000800e690       0x68 /var/folders/v6/kkgzxlbs17l2r1qttt0pkc880000gn/T//ccpVWtyQ.ltrans16.ltrans.o
                0x000000000800e690                chThdResume.constprop.88
 *fill*         0x000000000800e6f8        0x8 
 .text.canTransmit.constprop.71
                0x000000000800e700      0x108 /var/folders/v6/kkgzxlbs17l2r1qttt0pkc880000gn/T//ccpVWtyQ.ltrans16.ltrans.o
                0x000000000800e700                canTransmit.constprop.71
 *fill*         0x000000000800e808        0x8 
 .text.pwmEnableChannel.constprop.60
                0x000000000800e810       0x7c /var/folders/v6/kkgzxlbs17l2r1qttt0pkc880000gn/T//ccpVWtyQ.ltrans16.ltrans.o
                0x000000000800e810                pwmEnableChannel.constprop.60
 *fill*         0x000000000800e88c        0x4 
 .text.validate.constprop.35
                0x000000000800e890       0x30 /var/folders/v6/kkgzxlbs17l2r1qttt0pkc880000gn/T//ccpVWtyQ.ltrans16.ltrans.o
                0x000000000800e890                validate.constprop.35
 .text.matlab_thread.lto_priv.130
                0x000000000800e8c0       0xa4 /var/folders/v6/kkgzxlbs17l2r1qttt0pkc880000gn/T//ccpVWtyQ.ltrans17.ltrans.o
                0x000000000800e8c0                matlab_thread.lto_priv.130
 *fill*         0x000000000800e964        0xc 
 .text.cosf     0x000000000800e970       0x90 /usr/local/Caskroom/gcc-arm-embedded/6-2017-q2-update/gcc-arm-none-eabi-6-2017-q2-update/bin/../lib/gcc/arm-none-eabi/6.3.1/../../../../arm-none-eabi/lib/thumb/v7e-m/fpv4-sp/hard/libm.a(lib_a-sf_cos.o)
                0x000000000800e970                cosf
 .text.sinf     0x000000000800ea00       0x94 /usr/local/Caskroom/gcc-arm-embedded/6-2017-q2-update/gcc-arm-none-eabi-6-2017-q2-update/bin/../lib/gcc/arm-none-eabi/6.3.1/../../../../arm-none-eabi/lib/thumb/v7e-m/fpv4-sp/hard/libm.a(lib_a-sf_sin.o)
                0x000000000800ea00                sinf
 *fill*         0x000000000800ea94        0xc 
 .text.asinf    0x000000000800eaa0       0xb8 /usr/local/Caskroom/gcc-arm-embedded/6-2017-q2-update/gcc-arm-none-eabi-6-2017-q2-update/bin/../lib/gcc/arm-none-eabi/6.3.1/../../../../arm-none-eabi/lib/thumb/v7e-m/fpv4-sp/hard/libm.a(lib_a-wf_asin.o)
                0x000000000800eaa0                asinf
 *fill*         0x000000000800eb58        0x8 
 .text.atan2f   0x000000000800eb60        0x4 /usr/local/Caskroom/gcc-arm-embedded/6-2017-q2-update/gcc-arm-none-eabi-6-2017-q2-update/bin/../lib/gcc/arm-none-eabi/6.3.1/../../../../arm-none-eabi/lib/thumb/v7e-m/fpv4-sp/hard/libm.a(lib_a-wf_atan2.o)
                0x000000000800eb60                atan2f
 *fill*         0x000000000800eb64        0xc 
 .text.sqrtf    0x000000000800eb70       0xac /usr/local/Caskroom/gcc-arm-embedded/6-2017-q2-update/gcc-arm-none-eabi-6-2017-q2-update/bin/../lib/gcc/arm-none-eabi/6.3.1/../../../../arm-none-eabi/lib/thumb/v7e-m/fpv4-sp/hard/libm.a(lib_a-wf_sqrt.o)
                0x000000000800eb70                sqrtf
 *fill*         0x000000000800ec1c        0x4 
 .text.__ieee754_asinf
                0x000000000800ec20      0x1f8 /usr/local/Caskroom/gcc-arm-embedded/6-2017-q2-update/gcc-arm-none-eabi-6-2017-q2-update/bin/../lib/gcc/arm-none-eabi/6.3.1/../../../../arm-none-eabi/lib/thumb/v7e-m/fpv4-sp/hard/libm.a(lib_a-ef_asin.o)
                0x000000000800ec20                __ieee754_asinf
 *fill*         0x000000000800ee18        0x8 
 .text.__ieee754_atan2f
                0x000000000800ee20      0x180 /usr/local/Caskroom/gcc-arm-embedded/6-2017-q2-update/gcc-arm-none-eabi-6-2017-q2-update/bin/../lib/gcc/arm-none-eabi/6.3.1/../../../../arm-none-eabi/lib/thumb/v7e-m/fpv4-sp/hard/libm.a(lib_a-ef_atan2.o)
                0x000000000800ee20                __ieee754_atan2f
 .text.__ieee754_rem_pio2f
                0x000000000800efa0      0x290 /usr/local/Caskroom/gcc-arm-embedded/6-2017-q2-update/gcc-arm-none-eabi-6-2017-q2-update/bin/../lib/gcc/arm-none-eabi/6.3.1/../../../../arm-none-eabi/lib/thumb/v7e-m/fpv4-sp/hard/libm.a(lib_a-ef_rem_pio2.o)
                0x000000000800efa0                __ieee754_rem_pio2f
 .text.__ieee754_sqrtf
                0x000000000800f230        0x8 /usr/local/Caskroom/gcc-arm-embedded/6-2017-q2-update/gcc-arm-none-eabi-6-2017-q2-update/bin/../lib/gcc/arm-none-eabi/6.3.1/../../../../arm-none-eabi/lib/thumb/v7e-m/fpv4-sp/hard/libm.a(lib_a-ef_sqrt.o)
                0x000000000800f230                __ieee754_sqrtf
 *fill*         0x000000000800f238        0x8 
 .text.__kernel_cosf
                0x000000000800f240      0x104 /usr/local/Caskroom/gcc-arm-embedded/6-2017-q2-update/gcc-arm-none-eabi-6-2017-q2-update/bin/../lib/gcc/arm-none-eabi/6.3.1/../../../../arm-none-eabi/lib/thumb/v7e-m/fpv4-sp/hard/libm.a(lib_a-kf_cos.o)
                0x000000000800f240                __kernel_cosf
 *fill*         0x000000000800f344        0xc 
 .text.__kernel_rem_pio2f
                0x000000000800f350      0x690 /usr/local/Caskroom/gcc-arm-embedded/6-2017-q2-update/gcc-arm-none-eabi-6-2017-q2-update/bin/../lib/gcc/arm-none-eabi/6.3.1/../../../../arm-none-eabi/lib/thumb/v7e-m/fpv4-sp/hard/libm.a(lib_a-kf_rem_pio2.o)
                0x000000000800f350                __kernel_rem_pio2f
 .text.__kernel_sinf
                0x000000000800f9e0       0x90 /usr/local/Caskroom/gcc-arm-embedded/6-2017-q2-update/gcc-arm-none-eabi-6-2017-q2-update/bin/../lib/gcc/arm-none-eabi/6.3.1/../../../../arm-none-eabi/lib/thumb/v7e-m/fpv4-sp/hard/libm.a(lib_a-kf_sin.o)
                0x000000000800f9e0                __kernel_sinf
 .text.matherr  0x000000000800fa70        0x4 /usr/local/Caskroom/gcc-arm-embedded/6-2017-q2-update/gcc-arm-none-eabi-6-2017-q2-update/bin/../lib/gcc/arm-none-eabi/6.3.1/../../../../arm-none-eabi/lib/thumb/v7e-m/fpv4-sp/hard/libm.a(lib_a-s_matherr.o)
                0x000000000800fa70                matherr
 *fill*         0x000000000800fa74        0xc 
 .text.nan      0x000000000800fa80       0x10 /usr/local/Caskroom/gcc-arm-embedded/6-2017-q2-update/gcc-arm-none-eabi-6-2017-q2-update/bin/../lib/gcc/arm-none-eabi/6.3.1/../../../../arm-none-eabi/lib/thumb/v7e-m/fpv4-sp/hard/libm.a(lib_a-s_nan.o)
                0x000000000800fa80                nan
 .text.atanf    0x000000000800fa90      0x1b0 /usr/local/Caskroom/gcc-arm-embedded/6-2017-q2-update/gcc-arm-none-eabi-6-2017-q2-update/bin/../lib/gcc/arm-none-eabi/6.3.1/../../../../arm-none-eabi/lib/thumb/v7e-m/fpv4-sp/hard/libm.a(lib_a-sf_atan.o)
                0x000000000800fa90                atanf
 .text.fabsf    0x000000000800fc40       0x10 /usr/local/Caskroom/gcc-arm-embedded/6-2017-q2-update/gcc-arm-none-eabi-6-2017-q2-update/bin/../lib/gcc/arm-none-eabi/6.3.1/../../../../arm-none-eabi/lib/thumb/v7e-m/fpv4-sp/hard/libm.a(lib_a-sf_fabs.o)
                0x000000000800fc40                fabsf
 .text.floorf   0x000000000800fc50       0x90 /usr/local/Caskroom/gcc-arm-embedded/6-2017-q2-update/gcc-arm-none-eabi-6-2017-q2-update/bin/../lib/gcc/arm-none-eabi/6.3.1/../../../../arm-none-eabi/lib/thumb/v7e-m/fpv4-sp/hard/libm.a(lib_a-sf_floor.o)
                0x000000000800fc50                floorf
 .text.scalbnf  0x000000000800fce0       0xd0 /usr/local/Caskroom/gcc-arm-embedded/6-2017-q2-update/gcc-arm-none-eabi-6-2017-q2-update/bin/../lib/gcc/arm-none-eabi/6.3.1/../../../../arm-none-eabi/lib/thumb/v7e-m/fpv4-sp/hard/libm.a(lib_a-sf_scalbn.o)
                0x000000000800fce0                scalbnf
 .text.copysignf
                0x000000000800fdb0       0x18 /usr/local/Caskroom/gcc-arm-embedded/6-2017-q2-update/gcc-arm-none-eabi-6-2017-q2-update/bin/../lib/gcc/arm-none-eabi/6.3.1/../../../../arm-none-eabi/lib/thumb/v7e-m/fpv4-sp/hard/libm.a(lib_a-sf_copysign.o)
                0x000000000800fdb0                copysignf
 *fill*         0x000000000800fdc8        0x8 
 .text.__errno  0x000000000800fdd0        0xc /usr/local/Caskroom/gcc-arm-embedded/6-2017-q2-update/gcc-arm-none-eabi-6-2017-q2-update/bin/../lib/gcc/arm-none-eabi/6.3.1/../../../../arm-none-eabi/lib/thumb/v7e-m/fpv4-sp/hard/libg.a(lib_a-errno.o)
                0x000000000800fdd0                __errno
 *fill*         0x000000000800fddc        0x4 
 .text.memset   0x000000000800fde0       0x9c /usr/local/Caskroom/gcc-arm-embedded/6-2017-q2-update/gcc-arm-none-eabi-6-2017-q2-update/bin/../lib/gcc/arm-none-eabi/6.3.1/../../../../arm-none-eabi/lib/thumb/v7e-m/fpv4-sp/hard/libg.a(lib_a-memset.o)
                0x000000000800fde0                memset
 *fill*         0x000000000800fe7c        0x4 
 .text.strpbrk  0x000000000800fe80       0x44 /usr/local/Caskroom/gcc-arm-embedded/6-2017-q2-update/gcc-arm-none-eabi-6-2017-q2-update/bin/../lib/gcc/arm-none-eabi/6.3.1/../../../../arm-none-eabi/lib/thumb/v7e-m/fpv4-sp/hard/libg.a(lib_a-strpbrk.o)
                0x000000000800fe80                strpbrk
 *fill*         0x000000000800fec4        0xc 
 .text.strspn   0x000000000800fed0       0x34 /usr/local/Caskroom/gcc-arm-embedded/6-2017-q2-update/gcc-arm-none-eabi-6-2017-q2-update/bin/../lib/gcc/arm-none-eabi/6.3.1/../../../../arm-none-eabi/lib/thumb/v7e-m/fpv4-sp/hard/libg.a(lib_a-strspn.o)
                0x000000000800fed0                strspn
 *(.rodata)
 *fill*         0x000000000800ff04        0xc 
 .rodata        0x000000000800ff10        0xc /var/folders/v6/kkgzxlbs17l2r1qttt0pkc880000gn/T//ccpVWtyQ.ltrans0.ltrans.o
 *(.rodata.*)
 *fill*         0x000000000800ff1c        0x4 
 .rodata.BLLName
                0x000000000800ff20        0x4 /var/folders/v6/kkgzxlbs17l2r1qttt0pkc880000gn/T//ccpVWtyQ.ltrans0.ltrans.o
 *fill*         0x000000000800ff24        0xc 
 .rodata.BLvelName
                0x000000000800ff30        0x4 /var/folders/v6/kkgzxlbs17l2r1qttt0pkc880000gn/T//ccpVWtyQ.ltrans0.ltrans.o
 *fill*         0x000000000800ff34        0xc 
 .rodata.BRLName
                0x000000000800ff40        0x4 /var/folders/v6/kkgzxlbs17l2r1qttt0pkc880000gn/T//ccpVWtyQ.ltrans0.ltrans.o
 *fill*         0x000000000800ff44        0xc 
 .rodata.BRvelName
                0x000000000800ff50        0x4 /var/folders/v6/kkgzxlbs17l2r1qttt0pkc880000gn/T//ccpVWtyQ.ltrans0.ltrans.o
 *fill*         0x000000000800ff54        0xc 
 .rodata.FLLName
                0x000000000800ff60        0x4 /var/folders/v6/kkgzxlbs17l2r1qttt0pkc880000gn/T//ccpVWtyQ.ltrans0.ltrans.o
 *fill*         0x000000000800ff64        0xc 
 .rodata.FLvelName
                0x000000000800ff70        0x4 /var/folders/v6/kkgzxlbs17l2r1qttt0pkc880000gn/T//ccpVWtyQ.ltrans0.ltrans.o
 *fill*         0x000000000800ff74        0xc 
 .rodata.FRLName
                0x000000000800ff80        0x4 /var/folders/v6/kkgzxlbs17l2r1qttt0pkc880000gn/T//ccpVWtyQ.ltrans0.ltrans.o
 *fill*         0x000000000800ff84        0xc 
 .rodata.FRvelName
                0x000000000800ff90        0x4 /var/folders/v6/kkgzxlbs17l2r1qttt0pkc880000gn/T//ccpVWtyQ.ltrans0.ltrans.o
 *fill*         0x000000000800ff94        0xc 
 .rodata.__func__.10030
                0x000000000800ffa0        0x9 /var/folders/v6/kkgzxlbs17l2r1qttt0pkc880000gn/T//ccpVWtyQ.ltrans0.ltrans.o
 *fill*         0x000000000800ffa9        0x7 
 .rodata.__func__.10031
                0x000000000800ffb0        0xe /var/folders/v6/kkgzxlbs17l2r1qttt0pkc880000gn/T//ccpVWtyQ.ltrans0.ltrans.o
 *fill*         0x000000000800ffbe        0x2 
 .rodata.__func__.10106
                0x000000000800ffc0        0x9 /var/folders/v6/kkgzxlbs17l2r1qttt0pkc880000gn/T//ccpVWtyQ.ltrans0.ltrans.o
 *fill*         0x000000000800ffc9        0x7 
 .rodata.__func__.7188.lto_priv.139
                0x000000000800ffd0        0xc /var/folders/v6/kkgzxlbs17l2r1qttt0pkc880000gn/T//ccpVWtyQ.ltrans0.ltrans.o
 *fill*         0x000000000800ffdc        0x4 
 .rodata.__func__.7188.lto_priv.140
                0x000000000800ffe0        0xc /var/folders/v6/kkgzxlbs17l2r1qttt0pkc880000gn/T//ccpVWtyQ.ltrans0.ltrans.o
                0x000000000800ffe0                __func__.7188.lto_priv.140
 *fill*         0x000000000800ffec        0x4 
 .rodata.__func__.7566.lto_priv.150
                0x000000000800fff0        0xc /var/folders/v6/kkgzxlbs17l2r1qttt0pkc880000gn/T//ccpVWtyQ.ltrans0.ltrans.o
                0x000000000800fff0                __func__.7566.lto_priv.150
 *fill*         0x000000000800fffc        0x4 
 .rodata.__func__.7566.lto_priv.151
                0x0000000008010000        0xc /var/folders/v6/kkgzxlbs17l2r1qttt0pkc880000gn/T//ccpVWtyQ.ltrans0.ltrans.o
 *fill*         0x000000000801000c        0x4 
 .rodata.__func__.7736
                0x0000000008010010        0xc /var/folders/v6/kkgzxlbs17l2r1qttt0pkc880000gn/T//ccpVWtyQ.ltrans0.ltrans.o
 *fill*         0x000000000801001c        0x4 
 .rodata.__func__.9607.lto_priv.155
                0x0000000008010020        0x9 /var/folders/v6/kkgzxlbs17l2r1qttt0pkc880000gn/T//ccpVWtyQ.ltrans0.ltrans.o
 *fill*         0x0000000008010029        0x7 
 .rodata.__func__.9607.lto_priv.156
                0x0000000008010030        0x9 /var/folders/v6/kkgzxlbs17l2r1qttt0pkc880000gn/T//ccpVWtyQ.ltrans0.ltrans.o
 *fill*         0x0000000008010039        0x7 
 .rodata.__func__.9607.lto_priv.157
                0x0000000008010040        0x9 /var/folders/v6/kkgzxlbs17l2r1qttt0pkc880000gn/T//ccpVWtyQ.ltrans0.ltrans.o
 *fill*         0x0000000008010049        0x7 
 .rodata.__func__.9616
                0x0000000008010050       0x11 /var/folders/v6/kkgzxlbs17l2r1qttt0pkc880000gn/T//ccpVWtyQ.ltrans0.ltrans.o
 *fill*         0x0000000008010061        0xf 
 .rodata.__func__.9620
                0x0000000008010070        0xe /var/folders/v6/kkgzxlbs17l2r1qttt0pkc880000gn/T//ccpVWtyQ.ltrans0.ltrans.o
 *fill*         0x000000000801007e        0x2 
 .rodata.__func__.9662
                0x0000000008010080        0x9 /var/folders/v6/kkgzxlbs17l2r1qttt0pkc880000gn/T//ccpVWtyQ.ltrans0.ltrans.o
 *fill*         0x0000000008010089        0x7 
 .rodata.__func__.9721
                0x0000000008010090       0x13 /var/folders/v6/kkgzxlbs17l2r1qttt0pkc880000gn/T//ccpVWtyQ.ltrans0.ltrans.o
 *fill*         0x00000000080100a3        0xd 
 .rodata._stm32_dma_streams
                0x00000000080100b0       0xc0 /var/folders/v6/kkgzxlbs17l2r1qttt0pkc880000gn/T//ccpVWtyQ.ltrans0.ltrans.o
 .rodata.cancfg
                0x0000000008010170        0x8 /var/folders/v6/kkgzxlbs17l2r1qttt0pkc880000gn/T//ccpVWtyQ.ltrans0.ltrans.o
 *fill*         0x0000000008010178        0x8 
 .rodata.ch_debug
                0x0000000008010180       0x16 /var/folders/v6/kkgzxlbs17l2r1qttt0pkc880000gn/T//ccpVWtyQ.ltrans0.ltrans.o
 *fill*         0x0000000008010196        0xa 
 .rodata.commands
                0x00000000080101a0       0x58 /var/folders/v6/kkgzxlbs17l2r1qttt0pkc880000gn/T//ccpVWtyQ.ltrans0.ltrans.o
 *fill*         0x00000000080101f8        0x8 
 .rodata.extcfg
                0x0000000008010200       0xb8 /var/folders/v6/kkgzxlbs17l2r1qttt0pkc880000gn/T//ccpVWtyQ.ltrans0.ltrans.o
 *fill*         0x00000000080102b8        0x8 
 .rodata.fsparams
                0x00000000080102c0        0xc /var/folders/v6/kkgzxlbs17l2r1qttt0pkc880000gn/T//ccpVWtyQ.ltrans0.ltrans.o
 *fill*         0x00000000080102cc        0x4 
 .rodata.gpt5_cfg
                0x00000000080102d0       0x10 /var/folders/v6/kkgzxlbs17l2r1qttt0pkc880000gn/T//ccpVWtyQ.ltrans0.ltrans.o
 .rodata.gpt8_cfg
                0x00000000080102e0       0x10 /var/folders/v6/kkgzxlbs17l2r1qttt0pkc880000gn/T//ccpVWtyQ.ltrans0.ltrans.o
 .rodata.gyro_cal_name
                0x00000000080102f0        0x9 /var/folders/v6/kkgzxlbs17l2r1qttt0pkc880000gn/T//ccpVWtyQ.ltrans0.ltrans.o
 *fill*         0x00000000080102f9        0x7 
 .rodata.hsparams
                0x0000000008010300        0xc /var/folders/v6/kkgzxlbs17l2r1qttt0pkc880000gn/T//ccpVWtyQ.ltrans0.ltrans.o
 *fill*         0x000000000801030c        0x4 
 .rodata.main.str1.4
                0x0000000008010310        0xd /var/folders/v6/kkgzxlbs17l2r1qttt0pkc880000gn/T//ccpVWtyQ.ltrans0.ltrans.o
                                         0x11 (size before relaxing)
 *fill*         0x000000000801031d        0x3 
 .rodata.sdc_vmt
                0x0000000008010320       0x20 /var/folders/v6/kkgzxlbs17l2r1qttt0pkc880000gn/T//ccpVWtyQ.ltrans0.ltrans.o
 .rodata.sdccfg
                0x0000000008010340        0x8 /var/folders/v6/kkgzxlbs17l2r1qttt0pkc880000gn/T//ccpVWtyQ.ltrans0.ltrans.o
 *fill*         0x0000000008010348        0x8 
 .rodata.serusbcfg
                0x0000000008010350        0x8 /var/folders/v6/kkgzxlbs17l2r1qttt0pkc880000gn/T//ccpVWtyQ.ltrans0.ltrans.o
 *fill*         0x0000000008010358        0x8 
 .rodata.shell_cfg1
                0x0000000008010360        0x8 /var/folders/v6/kkgzxlbs17l2r1qttt0pkc880000gn/T//ccpVWtyQ.ltrans0.ltrans.o
 *fill*         0x0000000008010368        0x8 
 .rodata.str1.4
                0x0000000008010370       0x80 /var/folders/v6/kkgzxlbs17l2r1qttt0pkc880000gn/T//ccpVWtyQ.ltrans0.ltrans.o
                                         0x84 (size before relaxing)
 .rodata.subname_PI
                0x00000000080103f0        0x6 /var/folders/v6/kkgzxlbs17l2r1qttt0pkc880000gn/T//ccpVWtyQ.ltrans0.ltrans.o
 *fill*         0x00000000080103f6        0xa 
 .rodata.subname_PID
                0x0000000008010400        0x9 /var/folders/v6/kkgzxlbs17l2r1qttt0pkc880000gn/T//ccpVWtyQ.ltrans0.ltrans.o
 *fill*         0x0000000008010409        0x7 
 .rodata.subname_gyro_cal
                0x0000000008010410        0xc /var/folders/v6/kkgzxlbs17l2r1qttt0pkc880000gn/T//ccpVWtyQ.ltrans0.ltrans.o
 *fill*         0x000000000801041c        0x4 
 .rodata.usbcfg
                0x0000000008010420       0x10 /var/folders/v6/kkgzxlbs17l2r1qttt0pkc880000gn/T//ccpVWtyQ.ltrans0.ltrans.o
 .rodata.vmt    0x0000000008010430       0x20 /var/folders/v6/kkgzxlbs17l2r1qttt0pkc880000gn/T//ccpVWtyQ.ltrans0.ltrans.o
 .rodata.weightName
                0x0000000008010450        0x4 /var/folders/v6/kkgzxlbs17l2r1qttt0pkc880000gn/T//ccpVWtyQ.ltrans0.ltrans.o
 *fill*         0x0000000008010454        0xc 
 .rodata.weightSubName
                0x0000000008010460        0x4 /var/folders/v6/kkgzxlbs17l2r1qttt0pkc880000gn/T//ccpVWtyQ.ltrans0.ltrans.o
 *fill*         0x0000000008010464        0xc 
 .rodata.__func__.10008
                0x0000000008010470       0x19 /var/folders/v6/kkgzxlbs17l2r1qttt0pkc880000gn/T//ccpVWtyQ.ltrans1.ltrans.o
 *fill*         0x0000000008010489        0x7 
 .rodata.__func__.10015
                0x0000000008010490       0x17 /var/folders/v6/kkgzxlbs17l2r1qttt0pkc880000gn/T//ccpVWtyQ.ltrans1.ltrans.o
 *fill*         0x00000000080104a7        0x9 
 .rodata.__func__.10066
                0x00000000080104b0       0x1a /var/folders/v6/kkgzxlbs17l2r1qttt0pkc880000gn/T//ccpVWtyQ.ltrans1.ltrans.o
 *fill*         0x00000000080104ca        0x6 
 .rodata.__func__.10075
                0x00000000080104d0       0x13 /var/folders/v6/kkgzxlbs17l2r1qttt0pkc880000gn/T//ccpVWtyQ.ltrans1.ltrans.o
 *fill*         0x00000000080104e3        0xd 
 .rodata.__func__.7188
                0x00000000080104f0        0xc /var/folders/v6/kkgzxlbs17l2r1qttt0pkc880000gn/T//ccpVWtyQ.ltrans1.ltrans.o
 *fill*         0x00000000080104fc        0x4 
 .rodata.__func__.7362
                0x0000000008010500        0xc /var/folders/v6/kkgzxlbs17l2r1qttt0pkc880000gn/T//ccpVWtyQ.ltrans1.ltrans.o
 *fill*         0x000000000801050c        0x4 
 .rodata.__func__.7566
                0x0000000008010510        0xc /var/folders/v6/kkgzxlbs17l2r1qttt0pkc880000gn/T//ccpVWtyQ.ltrans1.ltrans.o
 *fill*         0x000000000801051c        0x4 
 .rodata.__func__.7891
                0x0000000008010520        0xc /var/folders/v6/kkgzxlbs17l2r1qttt0pkc880000gn/T//ccpVWtyQ.ltrans1.ltrans.o
 *fill*         0x000000000801052c        0x4 
 .rodata.__func__.7894
                0x0000000008010530        0xb /var/folders/v6/kkgzxlbs17l2r1qttt0pkc880000gn/T//ccpVWtyQ.ltrans1.ltrans.o
 *fill*         0x000000000801053b        0x5 
 .rodata.__func__.7903
                0x0000000008010540        0xd /var/folders/v6/kkgzxlbs17l2r1qttt0pkc880000gn/T//ccpVWtyQ.ltrans1.ltrans.o
 *fill*         0x000000000801054d        0x3 
 .rodata.__func__.7911
                0x0000000008010550       0x15 /var/folders/v6/kkgzxlbs17l2r1qttt0pkc880000gn/T//ccpVWtyQ.ltrans1.ltrans.o
 *fill*         0x0000000008010565        0xb 
 .rodata.__func__.7928
                0x0000000008010570        0xd /var/folders/v6/kkgzxlbs17l2r1qttt0pkc880000gn/T//ccpVWtyQ.ltrans1.ltrans.o
 *fill*         0x000000000801057d        0x3 
 .rodata.__func__.7947
                0x0000000008010580        0xb /var/folders/v6/kkgzxlbs17l2r1qttt0pkc880000gn/T//ccpVWtyQ.ltrans1.ltrans.o
 *fill*         0x000000000801058b        0x5 
 .rodata.__func__.7957
                0x0000000008010590        0xe /var/folders/v6/kkgzxlbs17l2r1qttt0pkc880000gn/T//ccpVWtyQ.ltrans1.ltrans.o
 *fill*         0x000000000801059e        0x2 
 .rodata.__func__.7969
                0x00000000080105a0        0xd /var/folders/v6/kkgzxlbs17l2r1qttt0pkc880000gn/T//ccpVWtyQ.ltrans1.ltrans.o
 *fill*         0x00000000080105ad        0x3 
 .rodata.__func__.9603
                0x00000000080105b0        0xd /var/folders/v6/kkgzxlbs17l2r1qttt0pkc880000gn/T//ccpVWtyQ.ltrans1.ltrans.o
 *fill*         0x00000000080105bd        0x3 
 .rodata.__func__.9606
                0x00000000080105c0       0x11 /var/folders/v6/kkgzxlbs17l2r1qttt0pkc880000gn/T//ccpVWtyQ.ltrans1.ltrans.o
 *fill*         0x00000000080105d1        0xf 
 .rodata.__func__.9610
                0x00000000080105e0        0xb /var/folders/v6/kkgzxlbs17l2r1qttt0pkc880000gn/T//ccpVWtyQ.ltrans1.ltrans.o
 *fill*         0x00000000080105eb        0x5 
 .rodata.__func__.9613
                0x00000000080105f0       0x14 /var/folders/v6/kkgzxlbs17l2r1qttt0pkc880000gn/T//ccpVWtyQ.ltrans1.ltrans.o